
> dealer@0.1.0 test
> npx jest --no-cache

node.exe : PASS modules/dashboard/tests/getDashboardV3Data.test.ts
At line:1 char:1
+ & "C:\Program Files\nodejs/node.exe" "C:\Users\Air_M\AppData\Roaming\ ...
+ ~~~~~~~~~~~~~~~~~~~~~~~~~~~~~~~~~~~~~~~~~~~~~~~~~~~~~~~~~~~~~~~~~~~~~
    + CategoryInfo          : NotSpecified: (PASS modules/da...dV3Data.test.ts:String) [], RemoteException
    + FullyQualifiedErrorId : NativeCommandError
 
PASS modules/finance-shell/service/calculations.test.ts
PASS app/api/invite/accept/route.test.ts
PASS modules/inventory/tests/inventory-hardening.test.ts
  ΓùÅ Console

    console.log
      prisma:error 
      Invalid `prisma.vehicle.create()` invocation:
      
      
      Unique constraint failed on the fields: (`dealership_id`,`vin`)

      at Object.Kc (../../node_modules/@prisma/client/runtime/library.js:12:432)

PASS modules/customers/ui/__tests__/lead-action-strip.test.tsx
FAIL modules/customers/tests/saved-filters-searches.integration.test.ts
  ΓùÅ SavedFilter / SavedSearch integration ΓÇ║ RBAC ΓÇ║ user with customers.read can create PERSONAL saved filter

    expect(received).toContain(expected) // indexOf

    Expected value: "customers.read"
    Received array: []

      164 |     it("user with customers.read can create PERSONAL saved filter", async () => {
      165 |       const perms = await loadUserPermissions(userWithRead, dealerA);
    > 166 |       expect(perms).toContain("customers.read");
          |                     ^
      167 |       const created = await savedFiltersService.createSavedFilter(
      168 |         dealerA,
      169 |         userWithRead,

      at Object.toContain (modules/customers/tests/saved-filters-searches.integration.test.ts:166:21)

  ΓùÅ SavedFilter / SavedSearch integration ΓÇ║ RBAC ΓÇ║ user with admin.settings.manage can create SHARED saved filter

    expect(received).toContain(expected) // indexOf

    Expected value: "admin.settings.manage"
    Received array: []

      191 |     it("user with admin.settings.manage can create SHARED saved filter", async () => {
      192 |       const perms = await loadUserPermissions(userAdmin, dealerA);
    > 193 |       expect(perms).toContain("admin.settings.manage");
          |                     ^
      194 |       const created = await savedFiltersService.createSavedFilter(
      195 |         dealerA,
      196 |         userAdmin,

      at Object.toContain (modules/customers/tests/saved-filters-searches.integration.test.ts:193:21)

PASS modules/dashboard/tests/dashboard.test.ts
PASS app/(app)/dashboard/__tests__/dashboard-v3-render.test.tsx
PASS modules/documents/tests/upload-validation.test.ts
PASS app/api/customers/route.test.ts
PASS modules/reports/tests/integration/reports.test.ts (8.501 s)
PASS modules/inventory/ui/__tests__/inventory-permissions.test.tsx
  ΓùÅ Console

    console.error
      Received NaN for the `children` attribute. If this is expected, cast the value to a string.

      at validateProperty (../../node_modules/react-dom/cjs/react-dom-client.development.js:2980:19)
      at warnUnknownProperties (../../node_modules/react-dom/cjs/react-dom-client.development.js:3146:9)
      at validatePropertiesInDevelopment (../../node_modules/react-dom/cjs/react-dom-client.development.js:19868:9)
      at setInitialProperties (../../node_modules/react-dom/cjs/react-dom-client.development.js:20491:7)
      at completeWork (../../node_modules/react-dom/cjs/react-dom-client.development.js:12662:18)
      at runWithFiberInDEV (../../node_modules/react-dom/cjs/react-dom-client.development.js:874:13)
      at completeUnitOfWork (../../node_modules/react-dom/cjs/react-dom-client.development.js:17777:19)
      at performUnitOfWork (../../node_modules/react-dom/cjs/react-dom-client.development.js:17658:11)
      at workLoopSync (../../node_modules/react-dom/cjs/react-dom-client.development.js:17469:41)
      at renderRootSync (../../node_modules/react-dom/cjs/react-dom-client.development.js:17450:11)
      at performWorkOnRoot (../../node_modules/react-dom/cjs/react-dom-client.development.js:16504:11)
      at performWorkOnRootViaSchedulerTask (../../node_modules/react-dom/cjs/react-dom-client.development.js:18957:7)
      at performWorkUntilDeadline (../../node_modules/scheduler/cjs/scheduler.development.js:45:48)
      at Timeout.task [as _onTimeout] (../../node_modules/jsdom/lib/jsdom/browser/Window.js:579:19)

PASS modules/customers/tests/timeline-callbacks-lastvisit.test.ts (9.034 s)
FAIL app/api/customers/route.integration.test.ts (9.542 s)
  ΓùÅ GET/POST /api/customers route integration ΓÇ║ Validation ΓÇ║ GET with invalid query (limit > 100) returns 400

    expect(received).toBe(expected) // Object.is equality

    Expected: 400
    Received: 200

      350 |       const req = makeGetRequest({ limit: "101", offset: "0" });
      351 |       const res = await GET(req);
    > 352 |       expect(res.status).toBe(400);
          |                          ^
      353 |       const data = await res.json();
      354 |       expect(data.error?.code).toBe("VALIDATION_ERROR");
      355 |     });

      at Object.toBe (app/api/customers/route.integration.test.ts:352:26)

FAIL modules/deals/tests/immutability-and-one-deal.test.ts (9.61 s)
  ΓùÅ Deals immutability and one active deal ΓÇ║ updateDealStatus CONTRACTED -> APPROVED is denied

    expect(received).rejects.toMatchObject(expected)

    - Expected  - 1
    + Received  + 1

      Object {
    -   "code": "DOMAIN_ERROR",
    +   "code": "VALIDATION_ERROR",
      }

      256 |     await expect(
      257 |       dealService.updateDealStatus(dealerId, userId, testData.dealId, "APPROVED")
    > 258 |     ).rejects.toMatchObject({ code: "DOMAIN_ERROR" });
          |               ^
      259 |   });
      260 |
      261 |   it("creating second active deal for same vehicle throws CONFLICT", async () => {

      at Object.toMatchObject (../../node_modules/expect/build/index.js:2155:20)
      at Object.toMatchObject (modules/deals/tests/immutability-and-one-deal.test.ts:258:15)

PASS modules/inventory/tests/dashboard.test.ts
PASS modules/deals/tests/calculations.test.ts
FAIL modules/inventory/tests/slices-defg.security.test.ts (11.15 s)
  ΓùÅ Console

    console.log
      prisma:error 
      Invalid `prisma.lender.upsert()` invocation:
      
      {
        where: {
          id: "e3000000-0000-0000-0000-000000000003"
        },
        create: {
          id: "e3000000-0000-0000-0000-000000000003",
          dealershipId: "d1000000-0000-0000-0000-000000000001",
          name: "Defg Lender A",
      +   lenderType: LenderType
        },
        update: {}
      }
      
      Argument `lenderType` is missing.

      at Object.Kc (../../node_modules/@prisma/client/runtime/library.js:12:432)

    console.log
      prisma:error 
      Invalid `prisma.lender.upsert()` invocation:
      
      {
        where: {
          id: "e3000000-0000-0000-0000-000000000003"
        },
        create: {
          id: "e3000000-0000-0000-0000-000000000003",
          dealershipId: "d1000000-0000-0000-0000-000000000001",
          name: "Defg Lender A",
      +   lenderType: LenderType
        },
        update: {}
      }
      
      Argument `lenderType` is missing.

      at Object.Kc (../../node_modules/@prisma/client/runtime/library.js:12:432)

    console.log
      prisma:error 
      Invalid `prisma.lender.upsert()` invocation:
      
      {
        where: {
          id: "e3000000-0000-0000-0000-000000000003"
        },
        create: {
          id: "e3000000-0000-0000-0000-000000000003",
          dealershipId: "d1000000-0000-0000-0000-000000000001",
          name: "Defg Lender A",
      +   lenderType: LenderType
        },
        update: {}
      }
      
      Argument `lenderType` is missing.

      at Object.Kc (../../node_modules/@prisma/client/runtime/library.js:12:432)

    console.log
      prisma:error 
      Invalid `prisma.lender.upsert()` invocation:
      
      {
        where: {
          id: "e3000000-0000-0000-0000-000000000003"
        },
        create: {
          id: "e3000000-0000-0000-0000-000000000003",
          dealershipId: "d1000000-0000-0000-0000-000000000001",
          name: "Defg Lender A",
      +   lenderType: LenderType
        },
        update: {}
      }
      
      Argument `lenderType` is missing.

      at Object.Kc (../../node_modules/@prisma/client/runtime/library.js:12:432)

  ΓùÅ Slices D/E/F/G RBAC ΓÇ║ POST vin/decode requires inventory.write ΓåÆ 403 without it

    PrismaClientValidationError: 
    Invalid `prisma.lender.upsert()` invocation:

    {
      where: {
        id: "e3000000-0000-0000-0000-000000000003"
      },
      create: {
        id: "e3000000-0000-0000-0000-000000000003",
        dealershipId: "d1000000-0000-0000-0000-000000000001",
        name: "Defg Lender A",
    +   lenderType: LenderType
      },
      update: {}
    }

    Argument `lenderType` is missing.

      187 |   });
      188 |
    > 189 |   const lenderA = await prisma.lender.upsert({
          |                   ^
      190 |     where: { id: "e3000000-0000-0000-0000-000000000003" },
      191 |     create: {
      192 |       id: "e3000000-0000-0000-0000-000000000003",

      at An (../../node_modules/@prisma/client/runtime/library.js:29:1363)
      at zn.handleRequestError (../../node_modules/@prisma/client/runtime/library.js:121:7102)
      at zn.handleAndLogRequestError (../../node_modules/@prisma/client/runtime/library.js:121:6784)
      at zn.request (../../node_modules/@prisma/client/runtime/library.js:121:6491)
      at l (../../node_modules/@prisma/client/runtime/library.js:130:9778)
      at ensureDefgTestData (modules/inventory/tests/slices-defg.security.test.ts:189:19)
      at Object.<anonymous> (modules/inventory/tests/slices-defg.security.test.ts:205:5)

  ΓùÅ Slices D/E/F/G RBAC ΓÇ║ GET vin requires inventory.read ΓåÆ 403 without it

    PrismaClientValidationError: 
    Invalid `prisma.lender.upsert()` invocation:

    {
      where: {
        id: "e3000000-0000-0000-0000-000000000003"
      },
      create: {
        id: "e3000000-0000-0000-0000-000000000003",
        dealershipId: "d1000000-0000-0000-0000-000000000001",
        name: "Defg Lender A",
    +   lenderType: LenderType
      },
      update: {}
    }

    Argument `lenderType` is missing.

      187 |   });
      188 |
    > 189 |   const lenderA = await prisma.lender.upsert({
          |                   ^
      190 |     where: { id: "e3000000-0000-0000-0000-000000000003" },
      191 |     create: {
      192 |       id: "e3000000-0000-0000-0000-000000000003",

      at An (../../node_modules/@prisma/client/runtime/library.js:29:1363)
      at zn.handleRequestError (../../node_modules/@prisma/client/runtime/library.js:121:7102)
      at zn.handleAndLogRequestError (../../node_modules/@prisma/client/runtime/library.js:121:6784)
      at zn.request (../../node_modules/@prisma/client/runtime/library.js:121:6491)
      at l (../../node_modules/@prisma/client/runtime/library.js:130:9778)
      at ensureDefgTestData (modules/inventory/tests/slices-defg.security.test.ts:189:19)
      at Object.<anonymous> (modules/inventory/tests/slices-defg.security.test.ts:205:5)

  ΓùÅ Slices D/E/F/G RBAC ΓÇ║ GET valuations requires inventory.read ΓåÆ 403 without it

    PrismaClientValidationError: 
    Invalid `prisma.lender.upsert()` invocation:

    {
      where: {
        id: "e3000000-0000-0000-0000-000000000003"
      },
      create: {
        id: "e3000000-0000-0000-0000-000000000003",
        dealershipId: "d1000000-0000-0000-0000-000000000001",
        name: "Defg Lender A",
    +   lenderType: LenderType
      },
      update: {}
    }

    Argument `lenderType` is missing.

      187 |   });
      188 |
    > 189 |   const lenderA = await prisma.lender.upsert({
          |                   ^
      190 |     where: { id: "e3000000-0000-0000-0000-000000000003" },
      191 |     create: {
      192 |       id: "e3000000-0000-0000-0000-000000000003",

      at An (../../node_modules/@prisma/client/runtime/library.js:29:1363)
      at zn.handleRequestError (../../node_modules/@prisma/client/runtime/library.js:121:7102)
      at zn.handleAndLogRequestError (../../node_modules/@prisma/client/runtime/library.js:121:6784)
      at zn.request (../../node_modules/@prisma/client/runtime/library.js:121:6491)
      at l (../../node_modules/@prisma/client/runtime/library.js:130:9778)
      at ensureDefgTestData (modules/inventory/tests/slices-defg.security.test.ts:189:19)
      at Object.<anonymous> (modules/inventory/tests/slices-defg.security.test.ts:205:5)

  ΓùÅ Slices D/E/F/G RBAC ΓÇ║ POST valuations requires finance.read ΓåÆ 403 without it

    PrismaClientValidationError: 
    Invalid `prisma.lender.upsert()` invocation:

    {
      where: {
        id: "e3000000-0000-0000-0000-000000000003"
      },
      create: {
        id: "e3000000-0000-0000-0000-000000000003",
        dealershipId: "d1000000-0000-0000-0000-000000000001",
        name: "Defg Lender A",
    +   lenderType: LenderType
      },
      update: {}
    }

    Argument `lenderType` is missing.

      187 |   });
      188 |
    > 189 |   const lenderA = await prisma.lender.upsert({
          |                   ^
      190 |     where: { id: "e3000000-0000-0000-0000-000000000003" },
      191 |     create: {
      192 |       id: "e3000000-0000-0000-0000-000000000003",

      at An (../../node_modules/@prisma/client/runtime/library.js:29:1363)
      at zn.handleRequestError (../../node_modules/@prisma/client/runtime/library.js:121:7102)
      at zn.handleAndLogRequestError (../../node_modules/@prisma/client/runtime/library.js:121:6784)
      at zn.request (../../node_modules/@prisma/client/runtime/library.js:121:6491)
      at l (../../node_modules/@prisma/client/runtime/library.js:130:9778)
      at ensureDefgTestData (modules/inventory/tests/slices-defg.security.test.ts:189:19)
      at Object.<anonymous> (modules/inventory/tests/slices-defg.security.test.ts:205:5)

  ΓùÅ Slices D/E/F/G RBAC ΓÇ║ GET recon requires inventory.read ΓåÆ 403 without it

    PrismaClientValidationError: 
    Invalid `prisma.lender.upsert()` invocation:

    {
      where: {
        id: "e3000000-0000-0000-0000-000000000003"
      },
      create: {
        id: "e3000000-0000-0000-0000-000000000003",
        dealershipId: "d1000000-0000-0000-0000-000000000001",
        name: "Defg Lender A",
    +   lenderType: LenderType
      },
      update: {}
    }

    Argument `lenderType` is missing.

      187 |   });
      188 |
    > 189 |   const lenderA = await prisma.lender.upsert({
          |                   ^
      190 |     where: { id: "e3000000-0000-0000-0000-000000000003" },
      191 |     create: {
      192 |       id: "e3000000-0000-0000-0000-000000000003",

      at An (../../node_modules/@prisma/client/runtime/library.js:29:1363)
      at zn.handleRequestError (../../node_modules/@prisma/client/runtime/library.js:121:7102)
      at zn.handleAndLogRequestError (../../node_modules/@prisma/client/runtime/library.js:121:6784)
      at zn.request (../../node_modules/@prisma/client/runtime/library.js:121:6491)
      at l (../../node_modules/@prisma/client/runtime/library.js:130:9778)
      at ensureDefgTestData (modules/inventory/tests/slices-defg.security.test.ts:189:19)
      at Object.<anonymous> (modules/inventory/tests/slices-defg.security.test.ts:205:5)

  ΓùÅ Slices D/E/F/G RBAC ΓÇ║ PATCH recon requires inventory.write ΓåÆ 403 without it

    PrismaClientValidationError: 
    Invalid `prisma.lender.upsert()` invocation:

    {
      where: {
        id: "e3000000-0000-0000-0000-000000000003"
      },
      create: {
        id: "e3000000-0000-0000-0000-000000000003",
        dealershipId: "d1000000-0000-0000-0000-000000000001",
        name: "Defg Lender A",
    +   lenderType: LenderType
      },
      update: {}
    }

    Argument `lenderType` is missing.

      187 |   });
      188 |
    > 189 |   const lenderA = await prisma.lender.upsert({
          |                   ^
      190 |     where: { id: "e3000000-0000-0000-0000-000000000003" },
      191 |     create: {
      192 |       id: "e3000000-0000-0000-0000-000000000003",

      at An (../../node_modules/@prisma/client/runtime/library.js:29:1363)
      at zn.handleRequestError (../../node_modules/@prisma/client/runtime/library.js:121:7102)
      at zn.handleAndLogRequestError (../../node_modules/@prisma/client/runtime/library.js:121:6784)
      at zn.request (../../node_modules/@prisma/client/runtime/library.js:121:6491)
      at l (../../node_modules/@prisma/client/runtime/library.js:130:9778)
      at ensureDefgTestData (modules/inventory/tests/slices-defg.security.test.ts:189:19)
      at Object.<anonymous> (modules/inventory/tests/slices-defg.security.test.ts:205:5)

  ΓùÅ Slices D/E/F/G RBAC ΓÇ║ POST recon/line-items requires inventory.write ΓåÆ 403 without it

    PrismaClientValidationError: 
    Invalid `prisma.lender.upsert()` invocation:

    {
      where: {
        id: "e3000000-0000-0000-0000-000000000003"
      },
      create: {
        id: "e3000000-0000-0000-0000-000000000003",
        dealershipId: "d1000000-0000-0000-0000-000000000001",
        name: "Defg Lender A",
    +   lenderType: LenderType
      },
      update: {}
    }

    Argument `lenderType` is missing.

      187 |   });
      188 |
    > 189 |   const lenderA = await prisma.lender.upsert({
          |                   ^
      190 |     where: { id: "e3000000-0000-0000-0000-000000000003" },
      191 |     create: {
      192 |       id: "e3000000-0000-0000-0000-000000000003",

      at An (../../node_modules/@prisma/client/runtime/library.js:29:1363)
      at zn.handleRequestError (../../node_modules/@prisma/client/runtime/library.js:121:7102)
      at zn.handleAndLogRequestError (../../node_modules/@prisma/client/runtime/library.js:121:6784)
      at zn.request (../../node_modules/@prisma/client/runtime/library.js:121:6491)
      at l (../../node_modules/@prisma/client/runtime/library.js:130:9778)
      at ensureDefgTestData (modules/inventory/tests/slices-defg.security.test.ts:189:19)
      at Object.<anonymous> (modules/inventory/tests/slices-defg.security.test.ts:205:5)

  ΓùÅ Slices D/E/F/G RBAC ΓÇ║ PATCH recon/line-items/[lineItemId] requires inventory.write ΓåÆ 403 without it

    PrismaClientValidationError: 
    Invalid `prisma.lender.upsert()` invocation:

    {
      where: {
        id: "e3000000-0000-0000-0000-000000000003"
      },
      create: {
        id: "e3000000-0000-0000-0000-000000000003",
        dealershipId: "d1000000-0000-0000-0000-000000000001",
        name: "Defg Lender A",
    +   lenderType: LenderType
      },
      update: {}
    }

    Argument `lenderType` is missing.

      187 |   });
      188 |
    > 189 |   const lenderA = await prisma.lender.upsert({
          |                   ^
      190 |     where: { id: "e3000000-0000-0000-0000-000000000003" },
      191 |     create: {
      192 |       id: "e3000000-0000-0000-0000-000000000003",

      at An (../../node_modules/@prisma/client/runtime/library.js:29:1363)
      at zn.handleRequestError (../../node_modules/@prisma/client/runtime/library.js:121:7102)
      at zn.handleAndLogRequestError (../../node_modules/@prisma/client/runtime/library.js:121:6784)
      at zn.request (../../node_modules/@prisma/client/runtime/library.js:121:6491)
      at l (../../node_modules/@prisma/client/runtime/library.js:130:9778)
      at ensureDefgTestData (modules/inventory/tests/slices-defg.security.test.ts:189:19)
      at Object.<anonymous> (modules/inventory/tests/slices-defg.security.test.ts:205:5)

  ΓùÅ Slices D/E/F/G RBAC ΓÇ║ DELETE recon/line-items/[lineItemId] requires inventory.write ΓåÆ 403 without it

    PrismaClientValidationError: 
    Invalid `prisma.lender.upsert()` invocation:

    {
      where: {
        id: "e3000000-0000-0000-0000-000000000003"
      },
      create: {
        id: "e3000000-0000-0000-0000-000000000003",
        dealershipId: "d1000000-0000-0000-0000-000000000001",
        name: "Defg Lender A",
    +   lenderType: LenderType
      },
      update: {}
    }

    Argument `lenderType` is missing.

      187 |   });
      188 |
    > 189 |   const lenderA = await prisma.lender.upsert({
          |                   ^
      190 |     where: { id: "e3000000-0000-0000-0000-000000000003" },
      191 |     create: {
      192 |       id: "e3000000-0000-0000-0000-000000000003",

      at An (../../node_modules/@prisma/client/runtime/library.js:29:1363)
      at zn.handleRequestError (../../node_modules/@prisma/client/runtime/library.js:121:7102)
      at zn.handleAndLogRequestError (../../node_modules/@prisma/client/runtime/library.js:121:6784)
      at zn.request (../../node_modules/@prisma/client/runtime/library.js:121:6491)
      at l (../../node_modules/@prisma/client/runtime/library.js:130:9778)
      at ensureDefgTestData (modules/inventory/tests/slices-defg.security.test.ts:189:19)
      at Object.<anonymous> (modules/inventory/tests/slices-defg.security.test.ts:205:5)

  ΓùÅ Slices D/E/F/G RBAC ΓÇ║ GET floorplan requires finance.read ΓåÆ 403 without it

    PrismaClientValidationError: 
    Invalid `prisma.lender.upsert()` invocation:

    {
      where: {
        id: "e3000000-0000-0000-0000-000000000003"
      },
      create: {
        id: "e3000000-0000-0000-0000-000000000003",
        dealershipId: "d1000000-0000-0000-0000-000000000001",
        name: "Defg Lender A",
    +   lenderType: LenderType
      },
      update: {}
    }

    Argument `lenderType` is missing.

      187 |   });
      188 |
    > 189 |   const lenderA = await prisma.lender.upsert({
          |                   ^
      190 |     where: { id: "e3000000-0000-0000-0000-000000000003" },
      191 |     create: {
      192 |       id: "e3000000-0000-0000-0000-000000000003",

      at An (../../node_modules/@prisma/client/runtime/library.js:29:1363)
      at zn.handleRequestError (../../node_modules/@prisma/client/runtime/library.js:121:7102)
      at zn.handleAndLogRequestError (../../node_modules/@prisma/client/runtime/library.js:121:6784)
      at zn.request (../../node_modules/@prisma/client/runtime/library.js:121:6491)
      at l (../../node_modules/@prisma/client/runtime/library.js:130:9778)
      at ensureDefgTestData (modules/inventory/tests/slices-defg.security.test.ts:189:19)
      at Object.<anonymous> (modules/inventory/tests/slices-defg.security.test.ts:205:5)

  ΓùÅ Slices D/E/F/G RBAC ΓÇ║ PUT floorplan requires finance.write ΓåÆ 403 without it

    PrismaClientValidationError: 
    Invalid `prisma.lender.upsert()` invocation:

    {
      where: {
        id: "e3000000-0000-0000-0000-000000000003"
      },
      create: {
        id: "e3000000-0000-0000-0000-000000000003",
        dealershipId: "d1000000-0000-0000-0000-000000000001",
        name: "Defg Lender A",
    +   lenderType: LenderType
      },
      update: {}
    }

    Argument `lenderType` is missing.

      187 |   });
      188 |
    > 189 |   const lenderA = await prisma.lender.upsert({
          |                   ^
      190 |     where: { id: "e3000000-0000-0000-0000-000000000003" },
      191 |     create: {
      192 |       id: "e3000000-0000-0000-0000-000000000003",

      at An (../../node_modules/@prisma/client/runtime/library.js:29:1363)
      at zn.handleRequestError (../../node_modules/@prisma/client/runtime/library.js:121:7102)
      at zn.handleAndLogRequestError (../../node_modules/@prisma/client/runtime/library.js:121:6784)
      at zn.request (../../node_modules/@prisma/client/runtime/library.js:121:6491)
      at l (../../node_modules/@prisma/client/runtime/library.js:130:9778)
      at ensureDefgTestData (modules/inventory/tests/slices-defg.security.test.ts:189:19)
      at Object.<anonymous> (modules/inventory/tests/slices-defg.security.test.ts:205:5)

  ΓùÅ Slices D/E/F/G RBAC ΓÇ║ POST floorplan/curtailments requires finance.write ΓåÆ 403 without it

    PrismaClientValidationError: 
    Invalid `prisma.lender.upsert()` invocation:

    {
      where: {
        id: "e3000000-0000-0000-0000-000000000003"
      },
      create: {
        id: "e3000000-0000-0000-0000-000000000003",
        dealershipId: "d1000000-0000-0000-0000-000000000001",
        name: "Defg Lender A",
    +   lenderType: LenderType
      },
      update: {}
    }

    Argument `lenderType` is missing.

      187 |   });
      188 |
    > 189 |   const lenderA = await prisma.lender.upsert({
          |                   ^
      190 |     where: { id: "e3000000-0000-0000-0000-000000000003" },
      191 |     create: {
      192 |       id: "e3000000-0000-0000-0000-000000000003",

      at An (../../node_modules/@prisma/client/runtime/library.js:29:1363)
      at zn.handleRequestError (../../node_modules/@prisma/client/runtime/library.js:121:7102)
      at zn.handleAndLogRequestError (../../node_modules/@prisma/client/runtime/library.js:121:6784)
      at zn.request (../../node_modules/@prisma/client/runtime/library.js:121:6491)
      at l (../../node_modules/@prisma/client/runtime/library.js:130:9778)
      at ensureDefgTestData (modules/inventory/tests/slices-defg.security.test.ts:189:19)
      at Object.<anonymous> (modules/inventory/tests/slices-defg.security.test.ts:205:5)

  ΓùÅ Slices D/E/F/G RBAC ΓÇ║ POST floorplan/payoff-quote requires finance.write ΓåÆ 403 without it

    PrismaClientValidationError: 
    Invalid `prisma.lender.upsert()` invocation:

    {
      where: {
        id: "e3000000-0000-0000-0000-000000000003"
      },
      create: {
        id: "e3000000-0000-0000-0000-000000000003",
        dealershipId: "d1000000-0000-0000-0000-000000000001",
        name: "Defg Lender A",
    +   lenderType: LenderType
      },
      update: {}
    }

    Argument `lenderType` is missing.

      187 |   });
      188 |
    > 189 |   const lenderA = await prisma.lender.upsert({
          |                   ^
      190 |     where: { id: "e3000000-0000-0000-0000-000000000003" },
      191 |     create: {
      192 |       id: "e3000000-0000-0000-0000-000000000003",

      at An (../../node_modules/@prisma/client/runtime/library.js:29:1363)
      at zn.handleRequestError (../../node_modules/@prisma/client/runtime/library.js:121:7102)
      at zn.handleAndLogRequestError (../../node_modules/@prisma/client/runtime/library.js:121:6784)
      at zn.request (../../node_modules/@prisma/client/runtime/library.js:121:6491)
      at l (../../node_modules/@prisma/client/runtime/library.js:130:9778)
      at ensureDefgTestData (modules/inventory/tests/slices-defg.security.test.ts:189:19)
      at Object.<anonymous> (modules/inventory/tests/slices-defg.security.test.ts:205:5)

  ΓùÅ Slices D/E/F/G tenant isolation ΓÇ║ decodeVin for other dealer vehicle throws NOT_FOUND ΓåÆ 404

    PrismaClientValidationError: 
    Invalid `prisma.lender.upsert()` invocation:

    {
      where: {
        id: "e3000000-0000-0000-0000-000000000003"
      },
      create: {
        id: "e3000000-0000-0000-0000-000000000003",
        dealershipId: "d1000000-0000-0000-0000-000000000001",
        name: "Defg Lender A",
    +   lenderType: LenderType
      },
      update: {}
    }

    Argument `lenderType` is missing.

      187 |   });
      188 |
    > 189 |   const lenderA = await prisma.lender.upsert({
          |                   ^
      190 |     where: { id: "e3000000-0000-0000-0000-000000000003" },
      191 |     create: {
      192 |       id: "e3000000-0000-0000-0000-000000000003",

      at An (../../node_modules/@prisma/client/runtime/library.js:29:1363)
      at zn.handleRequestError (../../node_modules/@prisma/client/runtime/library.js:121:7102)
      at zn.handleAndLogRequestError (../../node_modules/@prisma/client/runtime/library.js:121:6784)
      at zn.request (../../node_modules/@prisma/client/runtime/library.js:121:6491)
      at l (../../node_modules/@prisma/client/runtime/library.js:130:9778)
      at ensureDefgTestData (modules/inventory/tests/slices-defg.security.test.ts:189:19)
      at Object.<anonymous> (modules/inventory/tests/slices-defg.security.test.ts:333:18)

  ΓùÅ Slices D/E/F/G tenant isolation ΓÇ║ getVin for other dealer vehicle throws NOT_FOUND ΓåÆ 404

    PrismaClientValidationError: 
    Invalid `prisma.lender.upsert()` invocation:

    {
      where: {
        id: "e3000000-0000-0000-0000-000000000003"
      },
      create: {
        id: "e3000000-0000-0000-0000-000000000003",
        dealershipId: "d1000000-0000-0000-0000-000000000001",
        name: "Defg Lender A",
    +   lenderType: LenderType
      },
      update: {}
    }

    Argument `lenderType` is missing.

      187 |   });
      188 |
    > 189 |   const lenderA = await prisma.lender.upsert({
          |                   ^
      190 |     where: { id: "e3000000-0000-0000-0000-000000000003" },
      191 |     create: {
      192 |       id: "e3000000-0000-0000-0000-000000000003",

      at An (../../node_modules/@prisma/client/runtime/library.js:29:1363)
      at zn.handleRequestError (../../node_modules/@prisma/client/runtime/library.js:121:7102)
      at zn.handleAndLogRequestError (../../node_modules/@prisma/client/runtime/library.js:121:6784)
      at zn.request (../../node_modules/@prisma/client/runtime/library.js:121:6491)
      at l (../../node_modules/@prisma/client/runtime/library.js:130:9778)
      at ensureDefgTestData (modules/inventory/tests/slices-defg.security.test.ts:189:19)
      at Object.<anonymous> (modules/inventory/tests/slices-defg.security.test.ts:333:18)

  ΓùÅ Slices D/E/F/G tenant isolation ΓÇ║ listValuations for other dealer vehicle throws NOT_FOUND ΓåÆ 404

    PrismaClientValidationError: 
    Invalid `prisma.lender.upsert()` invocation:

    {
      where: {
        id: "e3000000-0000-0000-0000-000000000003"
      },
      create: {
        id: "e3000000-0000-0000-0000-000000000003",
        dealershipId: "d1000000-0000-0000-0000-000000000001",
        name: "Defg Lender A",
    +   lenderType: LenderType
      },
      update: {}
    }

    Argument `lenderType` is missing.

      187 |   });
      188 |
    > 189 |   const lenderA = await prisma.lender.upsert({
          |                   ^
      190 |     where: { id: "e3000000-0000-0000-0000-000000000003" },
      191 |     create: {
      192 |       id: "e3000000-0000-0000-0000-000000000003",

      at An (../../node_modules/@prisma/client/runtime/library.js:29:1363)
      at zn.handleRequestError (../../node_modules/@prisma/client/runtime/library.js:121:7102)
      at zn.handleAndLogRequestError (../../node_modules/@prisma/client/runtime/library.js:121:6784)
      at zn.request (../../node_modules/@prisma/client/runtime/library.js:121:6491)
      at l (../../node_modules/@prisma/client/runtime/library.js:130:9778)
      at ensureDefgTestData (modules/inventory/tests/slices-defg.security.test.ts:189:19)
      at Object.<anonymous> (modules/inventory/tests/slices-defg.security.test.ts:333:18)

  ΓùÅ Slices D/E/F/G tenant isolation ΓÇ║ requestValuation for other dealer vehicle throws NOT_FOUND ΓåÆ 404

    PrismaClientValidationError: 
    Invalid `prisma.lender.upsert()` invocation:

    {
      where: {
        id: "e3000000-0000-0000-0000-000000000003"
      },
      create: {
        id: "e3000000-0000-0000-0000-000000000003",
        dealershipId: "d1000000-0000-0000-0000-000000000001",
        name: "Defg Lender A",
    +   lenderType: LenderType
      },
      update: {}
    }

    Argument `lenderType` is missing.

      187 |   });
      188 |
    > 189 |   const lenderA = await prisma.lender.upsert({
          |                   ^
      190 |     where: { id: "e3000000-0000-0000-0000-000000000003" },
      191 |     create: {
      192 |       id: "e3000000-0000-0000-0000-000000000003",

      at An (../../node_modules/@prisma/client/runtime/library.js:29:1363)
      at zn.handleRequestError (../../node_modules/@prisma/client/runtime/library.js:121:7102)
      at zn.handleAndLogRequestError (../../node_modules/@prisma/client/runtime/library.js:121:6784)
      at zn.request (../../node_modules/@prisma/client/runtime/library.js:121:6491)
      at l (../../node_modules/@prisma/client/runtime/library.js:130:9778)
      at ensureDefgTestData (modules/inventory/tests/slices-defg.security.test.ts:189:19)
      at Object.<anonymous> (modules/inventory/tests/slices-defg.security.test.ts:333:18)

  ΓùÅ Slices D/E/F/G tenant isolation ΓÇ║ getRecon for other dealer vehicle returns null (vehicle not found throws)

    PrismaClientValidationError: 
    Invalid `prisma.lender.upsert()` invocation:

    {
      where: {
        id: "e3000000-0000-0000-0000-000000000003"
      },
      create: {
        id: "e3000000-0000-0000-0000-000000000003",
        dealershipId: "d1000000-0000-0000-0000-000000000001",
        name: "Defg Lender A",
    +   lenderType: LenderType
      },
      update: {}
    }

    Argument `lenderType` is missing.

      187 |   });
      188 |
    > 189 |   const lenderA = await prisma.lender.upsert({
          |                   ^
      190 |     where: { id: "e3000000-0000-0000-0000-000000000003" },
      191 |     create: {
      192 |       id: "e3000000-0000-0000-0000-000000000003",

      at An (../../node_modules/@prisma/client/runtime/library.js:29:1363)
      at zn.handleRequestError (../../node_modules/@prisma/client/runtime/library.js:121:7102)
      at zn.handleAndLogRequestError (../../node_modules/@prisma/client/runtime/library.js:121:6784)
      at zn.request (../../node_modules/@prisma/client/runtime/library.js:121:6491)
      at l (../../node_modules/@prisma/client/runtime/library.js:130:9778)
      at ensureDefgTestData (modules/inventory/tests/slices-defg.security.test.ts:189:19)
      at Object.<anonymous> (modules/inventory/tests/slices-defg.security.test.ts:333:18)

  ΓùÅ Slices D/E/F/G tenant isolation ΓÇ║ updateRecon for other dealer vehicle throws NOT_FOUND ΓåÆ 404

    PrismaClientValidationError: 
    Invalid `prisma.lender.upsert()` invocation:

    {
      where: {
        id: "e3000000-0000-0000-0000-000000000003"
      },
      create: {
        id: "e3000000-0000-0000-0000-000000000003",
        dealershipId: "d1000000-0000-0000-0000-000000000001",
        name: "Defg Lender A",
    +   lenderType: LenderType
      },
      update: {}
    }

    Argument `lenderType` is missing.

      187 |   });
      188 |
    > 189 |   const lenderA = await prisma.lender.upsert({
          |                   ^
      190 |     where: { id: "e3000000-0000-0000-0000-000000000003" },
      191 |     create: {
      192 |       id: "e3000000-0000-0000-0000-000000000003",

      at An (../../node_modules/@prisma/client/runtime/library.js:29:1363)
      at zn.handleRequestError (../../node_modules/@prisma/client/runtime/library.js:121:7102)
      at zn.handleAndLogRequestError (../../node_modules/@prisma/client/runtime/library.js:121:6784)
      at zn.request (../../node_modules/@prisma/client/runtime/library.js:121:6491)
      at l (../../node_modules/@prisma/client/runtime/library.js:130:9778)
      at ensureDefgTestData (modules/inventory/tests/slices-defg.security.test.ts:189:19)
      at Object.<anonymous> (modules/inventory/tests/slices-defg.security.test.ts:333:18)

  ΓùÅ Slices D/E/F/G tenant isolation ΓÇ║ addLineItem recon for other dealer vehicle throws NOT_FOUND ΓåÆ 404

    PrismaClientValidationError: 
    Invalid `prisma.lender.upsert()` invocation:

    {
      where: {
        id: "e3000000-0000-0000-0000-000000000003"
      },
      create: {
        id: "e3000000-0000-0000-0000-000000000003",
        dealershipId: "d1000000-0000-0000-0000-000000000001",
        name: "Defg Lender A",
    +   lenderType: LenderType
      },
      update: {}
    }

    Argument `lenderType` is missing.

      187 |   });
      188 |
    > 189 |   const lenderA = await prisma.lender.upsert({
          |                   ^
      190 |     where: { id: "e3000000-0000-0000-0000-000000000003" },
      191 |     create: {
      192 |       id: "e3000000-0000-0000-0000-000000000003",

      at An (../../node_modules/@prisma/client/runtime/library.js:29:1363)
      at zn.handleRequestError (../../node_modules/@prisma/client/runtime/library.js:121:7102)
      at zn.handleAndLogRequestError (../../node_modules/@prisma/client/runtime/library.js:121:6784)
      at zn.request (../../node_modules/@prisma/client/runtime/library.js:121:6491)
      at l (../../node_modules/@prisma/client/runtime/library.js:130:9778)
      at ensureDefgTestData (modules/inventory/tests/slices-defg.security.test.ts:189:19)
      at Object.<anonymous> (modules/inventory/tests/slices-defg.security.test.ts:333:18)

  ΓùÅ Slices D/E/F/G tenant isolation ΓÇ║ getFloorplan for other dealer vehicle throws NOT_FOUND ΓåÆ 404

    PrismaClientValidationError: 
    Invalid `prisma.lender.upsert()` invocation:

    {
      where: {
        id: "e3000000-0000-0000-0000-000000000003"
      },
      create: {
        id: "e3000000-0000-0000-0000-000000000003",
        dealershipId: "d1000000-0000-0000-0000-000000000001",
        name: "Defg Lender A",
    +   lenderType: LenderType
      },
      update: {}
    }

    Argument `lenderType` is missing.

      187 |   });
      188 |
    > 189 |   const lenderA = await prisma.lender.upsert({
          |                   ^
      190 |     where: { id: "e3000000-0000-0000-0000-000000000003" },
      191 |     create: {
      192 |       id: "e3000000-0000-0000-0000-000000000003",

      at An (../../node_modules/@prisma/client/runtime/library.js:29:1363)
      at zn.handleRequestError (../../node_modules/@prisma/client/runtime/library.js:121:7102)
      at zn.handleAndLogRequestError (../../node_modules/@prisma/client/runtime/library.js:121:6784)
      at zn.request (../../node_modules/@prisma/client/runtime/library.js:121:6491)
      at l (../../node_modules/@prisma/client/runtime/library.js:130:9778)
      at ensureDefgTestData (modules/inventory/tests/slices-defg.security.test.ts:189:19)
      at Object.<anonymous> (modules/inventory/tests/slices-defg.security.test.ts:333:18)

  ΓùÅ Slices D/E/F/G tenant isolation ΓÇ║ upsertFloorplan for other dealer vehicle throws NOT_FOUND ΓåÆ 404

    PrismaClientValidationError: 
    Invalid `prisma.lender.upsert()` invocation:

    {
      where: {
        id: "e3000000-0000-0000-0000-000000000003"
      },
      create: {
        id: "e3000000-0000-0000-0000-000000000003",
        dealershipId: "d1000000-0000-0000-0000-000000000001",
        name: "Defg Lender A",
    +   lenderType: LenderType
      },
      update: {}
    }

    Argument `lenderType` is missing.

      187 |   });
      188 |
    > 189 |   const lenderA = await prisma.lender.upsert({
          |                   ^
      190 |     where: { id: "e3000000-0000-0000-0000-000000000003" },
      191 |     create: {
      192 |       id: "e3000000-0000-0000-0000-000000000003",

      at An (../../node_modules/@prisma/client/runtime/library.js:29:1363)
      at zn.handleRequestError (../../node_modules/@prisma/client/runtime/library.js:121:7102)
      at zn.handleAndLogRequestError (../../node_modules/@prisma/client/runtime/library.js:121:6784)
      at zn.request (../../node_modules/@prisma/client/runtime/library.js:121:6491)
      at l (../../node_modules/@prisma/client/runtime/library.js:130:9778)
      at ensureDefgTestData (modules/inventory/tests/slices-defg.security.test.ts:189:19)
      at Object.<anonymous> (modules/inventory/tests/slices-defg.security.test.ts:333:18)

  ΓùÅ Slices D/E/F/G tenant isolation ΓÇ║ addCurtailment for other dealer vehicle throws NOT_FOUND ΓåÆ 404

    PrismaClientValidationError: 
    Invalid `prisma.lender.upsert()` invocation:

    {
      where: {
        id: "e3000000-0000-0000-0000-000000000003"
      },
      create: {
        id: "e3000000-0000-0000-0000-000000000003",
        dealershipId: "d1000000-0000-0000-0000-000000000001",
        name: "Defg Lender A",
    +   lenderType: LenderType
      },
      update: {}
    }

    Argument `lenderType` is missing.

      187 |   });
      188 |
    > 189 |   const lenderA = await prisma.lender.upsert({
          |                   ^
      190 |     where: { id: "e3000000-0000-0000-0000-000000000003" },
      191 |     create: {
      192 |       id: "e3000000-0000-0000-0000-000000000003",

      at An (../../node_modules/@prisma/client/runtime/library.js:29:1363)
      at zn.handleRequestError (../../node_modules/@prisma/client/runtime/library.js:121:7102)
      at zn.handleAndLogRequestError (../../node_modules/@prisma/client/runtime/library.js:121:6784)
      at zn.request (../../node_modules/@prisma/client/runtime/library.js:121:6491)
      at l (../../node_modules/@prisma/client/runtime/library.js:130:9778)
      at ensureDefgTestData (modules/inventory/tests/slices-defg.security.test.ts:189:19)
      at Object.<anonymous> (modules/inventory/tests/slices-defg.security.test.ts:333:18)

  ΓùÅ Slices D/E/F/G tenant isolation ΓÇ║ setPayoffQuote for other dealer vehicle throws NOT_FOUND ΓåÆ 404

    PrismaClientValidationError: 
    Invalid `prisma.lender.upsert()` invocation:

    {
      where: {
        id: "e3000000-0000-0000-0000-000000000003"
      },
      create: {
        id: "e3000000-0000-0000-0000-000000000003",
        dealershipId: "d1000000-0000-0000-0000-000000000001",
        name: "Defg Lender A",
    +   lenderType: LenderType
      },
      update: {}
    }

    Argument `lenderType` is missing.

      187 |   });
      188 |
    > 189 |   const lenderA = await prisma.lender.upsert({
          |                   ^
      190 |     where: { id: "e3000000-0000-0000-0000-000000000003" },
      191 |     create: {
      192 |       id: "e3000000-0000-0000-0000-000000000003",

      at An (../../node_modules/@prisma/client/runtime/library.js:29:1363)
      at zn.handleRequestError (../../node_modules/@prisma/client/runtime/library.js:121:7102)
      at zn.handleAndLogRequestError (../../node_modules/@prisma/client/runtime/library.js:121:6784)
      at zn.request (../../node_modules/@prisma/client/runtime/library.js:121:6491)
      at l (../../node_modules/@prisma/client/runtime/library.js:130:9778)
      at ensureDefgTestData (modules/inventory/tests/slices-defg.security.test.ts:189:19)
      at Object.<anonymous> (modules/inventory/tests/slices-defg.security.test.ts:333:18)

  ΓùÅ Slices D/E/F/G invariants ΓÇ║ Recon: Vehicle.reconCostCents equals sum of line item costCents after 
add/update/delete

    PrismaClientValidationError: 
    Invalid `prisma.lender.upsert()` invocation:

    {
      where: {
        id: "e3000000-0000-0000-0000-000000000003"
      },
      create: {
        id: "e3000000-0000-0000-0000-000000000003",
        dealershipId: "d1000000-0000-0000-0000-000000000001",
        name: "Defg Lender A",
    +   lenderType: LenderType
      },
      update: {}
    }

    Argument `lenderType` is missing.

      187 |   });
      188 |
    > 189 |   const lenderA = await prisma.lender.upsert({
          |                   ^
      190 |     where: { id: "e3000000-0000-0000-0000-000000000003" },
      191 |     create: {
      192 |       id: "e3000000-0000-0000-0000-000000000003",

      at An (../../node_modules/@prisma/client/runtime/library.js:29:1363)
      at zn.handleRequestError (../../node_modules/@prisma/client/runtime/library.js:121:7102)
      at zn.handleAndLogRequestError (../../node_modules/@prisma/client/runtime/library.js:121:6784)
      at zn.request (../../node_modules/@prisma/client/runtime/library.js:121:6491)
      at l (../../node_modules/@prisma/client/runtime/library.js:130:9778)
      at ensureDefgTestData (modules/inventory/tests/slices-defg.security.test.ts:189:19)
      at Object.<anonymous> (modules/inventory/tests/slices-defg.security.test.ts:644:18)

  ΓùÅ Slices D/E/F/G invariants ΓÇ║ Valuations and floorplan use integer cents (valueCents, principalCents, 
amountCents, payoffQuoteCents)

    PrismaClientValidationError: 
    Invalid `prisma.lender.upsert()` invocation:

    {
      where: {
        id: "e3000000-0000-0000-0000-000000000003"
      },
      create: {
        id: "e3000000-0000-0000-0000-000000000003",
        dealershipId: "d1000000-0000-0000-0000-000000000001",
        name: "Defg Lender A",
    +   lenderType: LenderType
      },
      update: {}
    }

    Argument `lenderType` is missing.

      187 |   });
      188 |
    > 189 |   const lenderA = await prisma.lender.upsert({
          |                   ^
      190 |     where: { id: "e3000000-0000-0000-0000-000000000003" },
      191 |     create: {
      192 |       id: "e3000000-0000-0000-0000-000000000003",

      at An (../../node_modules/@prisma/client/runtime/library.js:29:1363)
      at zn.handleRequestError (../../node_modules/@prisma/client/runtime/library.js:121:7102)
      at zn.handleAndLogRequestError (../../node_modules/@prisma/client/runtime/library.js:121:6784)
      at zn.request (../../node_modules/@prisma/client/runtime/library.js:121:6491)
      at l (../../node_modules/@prisma/client/runtime/library.js:130:9778)
      at ensureDefgTestData (modules/inventory/tests/slices-defg.security.test.ts:189:19)
      at Object.<anonymous> (modules/inventory/tests/slices-defg.security.test.ts:644:18)

  ΓùÅ Slices D/E/F/G invariants ΓÇ║ RECON_OVERDUE: listVehicleIdsReconOverdue returns only IN_PROGRESS/NOT_STARTED 
with dueDate < today

    PrismaClientValidationError: 
    Invalid `prisma.lender.upsert()` invocation:

    {
      where: {
        id: "e3000000-0000-0000-0000-000000000003"
      },
      create: {
        id: "e3000000-0000-0000-0000-000000000003",
        dealershipId: "d1000000-0000-0000-0000-000000000001",
        name: "Defg Lender A",
    +   lenderType: LenderType
      },
      update: {}
    }

    Argument `lenderType` is missing.

      187 |   });
      188 |
    > 189 |   const lenderA = await prisma.lender.upsert({
          |                   ^
      190 |     where: { id: "e3000000-0000-0000-0000-000000000003" },
      191 |     create: {
      192 |       id: "e3000000-0000-0000-0000-000000000003",

      at An (../../node_modules/@prisma/client/runtime/library.js:29:1363)
      at zn.handleRequestError (../../node_modules/@prisma/client/runtime/library.js:121:7102)
      at zn.handleAndLogRequestError (../../node_modules/@prisma/client/runtime/library.js:121:6784)
      at zn.request (../../node_modules/@prisma/client/runtime/library.js:121:6491)
      at l (../../node_modules/@prisma/client/runtime/library.js:130:9778)
      at ensureDefgTestData (modules/inventory/tests/slices-defg.security.test.ts:189:19)
      at Object.<anonymous> (modules/inventory/tests/slices-defg.security.test.ts:644:18)

  ΓùÅ Slices D/E/F/G audit ΓÇ║ decodeVin creates vin_decode.requested audit log

    PrismaClientValidationError: 
    Invalid `prisma.lender.upsert()` invocation:

    {
      where: {
        id: "e3000000-0000-0000-0000-000000000003"
      },
      create: {
        id: "e3000000-0000-0000-0000-000000000003",
        dealershipId: "d1000000-0000-0000-0000-000000000001",
        name: "Defg Lender A",
    +   lenderType: LenderType
      },
      update: {}
    }

    Argument `lenderType` is missing.

      187 |   });
      188 |
    > 189 |   const lenderA = await prisma.lender.upsert({
          |                   ^
      190 |     where: { id: "e3000000-0000-0000-0000-000000000003" },
      191 |     create: {
      192 |       id: "e3000000-0000-0000-0000-000000000003",

      at An (../../node_modules/@prisma/client/runtime/library.js:29:1363)
      at zn.handleRequestError (../../node_modules/@prisma/client/runtime/library.js:121:7102)
      at zn.handleAndLogRequestError (../../node_modules/@prisma/client/runtime/library.js:121:6784)
      at zn.request (../../node_modules/@prisma/client/runtime/library.js:121:6491)
      at l (../../node_modules/@prisma/client/runtime/library.js:130:9778)
      at ensureDefgTestData (modules/inventory/tests/slices-defg.security.test.ts:189:19)
      at Object.<anonymous> (modules/inventory/tests/slices-defg.security.test.ts:776:18)

  ΓùÅ Slices D/E/F/G audit ΓÇ║ requestValuation creates vehicle_valuation.captured audit log

    PrismaClientValidationError: 
    Invalid `prisma.lender.upsert()` invocation:

    {
      where: {
        id: "e3000000-0000-0000-0000-000000000003"
      },
      create: {
        id: "e3000000-0000-0000-0000-000000000003",
        dealershipId: "d1000000-0000-0000-0000-000000000001",
        name: "Defg Lender A",
    +   lenderType: LenderType
      },
      update: {}
    }

    Argument `lenderType` is missing.

      187 |   });
      188 |
    > 189 |   const lenderA = await prisma.lender.upsert({
          |                   ^
      190 |     where: { id: "e3000000-0000-0000-0000-000000000003" },
      191 |     create: {
      192 |       id: "e3000000-0000-0000-0000-000000000003",

      at An (../../node_modules/@prisma/client/runtime/library.js:29:1363)
      at zn.handleRequestError (../../node_modules/@prisma/client/runtime/library.js:121:7102)
      at zn.handleAndLogRequestError (../../node_modules/@prisma/client/runtime/library.js:121:6784)
      at zn.request (../../node_modules/@prisma/client/runtime/library.js:121:6491)
      at l (../../node_modules/@prisma/client/runtime/library.js:130:9778)
      at ensureDefgTestData (modules/inventory/tests/slices-defg.security.test.ts:189:19)
      at Object.<anonymous> (modules/inventory/tests/slices-defg.security.test.ts:776:18)

  ΓùÅ Slices D/E/F/G audit ΓÇ║ recon line item add creates vehicle_recon_line_item.added audit log

    PrismaClientValidationError: 
    Invalid `prisma.lender.upsert()` invocation:

    {
      where: {
        id: "e3000000-0000-0000-0000-000000000003"
      },
      create: {
        id: "e3000000-0000-0000-0000-000000000003",
        dealershipId: "d1000000-0000-0000-0000-000000000001",
        name: "Defg Lender A",
    +   lenderType: LenderType
      },
      update: {}
    }

    Argument `lenderType` is missing.

      187 |   });
      188 |
    > 189 |   const lenderA = await prisma.lender.upsert({
          |                   ^
      190 |     where: { id: "e3000000-0000-0000-0000-000000000003" },
      191 |     create: {
      192 |       id: "e3000000-0000-0000-0000-000000000003",

      at An (../../node_modules/@prisma/client/runtime/library.js:29:1363)
      at zn.handleRequestError (../../node_modules/@prisma/client/runtime/library.js:121:7102)
      at zn.handleAndLogRequestError (../../node_modules/@prisma/client/runtime/library.js:121:6784)
      at zn.request (../../node_modules/@prisma/client/runtime/library.js:121:6491)
      at l (../../node_modules/@prisma/client/runtime/library.js:130:9778)
      at ensureDefgTestData (modules/inventory/tests/slices-defg.security.test.ts:189:19)
      at Object.<anonymous> (modules/inventory/tests/slices-defg.security.test.ts:776:18)

  ΓùÅ Slices D/E/F/G audit ΓÇ║ floorplan curtailment creates vehicle_floorplan.curtailment audit log

    PrismaClientValidationError: 
    Invalid `prisma.lender.upsert()` invocation:

    {
      where: {
        id: "e3000000-0000-0000-0000-000000000003"
      },
      create: {
        id: "e3000000-0000-0000-0000-000000000003",
        dealershipId: "d1000000-0000-0000-0000-000000000001",
        name: "Defg Lender A",
    +   lenderType: LenderType
      },
      update: {}
    }

    Argument `lenderType` is missing.

      187 |   });
      188 |
    > 189 |   const lenderA = await prisma.lender.upsert({
          |                   ^
      190 |     where: { id: "e3000000-0000-0000-0000-000000000003" },
      191 |     create: {
      192 |       id: "e3000000-0000-0000-0000-000000000003",

      at An (../../node_modules/@prisma/client/runtime/library.js:29:1363)
      at zn.handleRequestError (../../node_modules/@prisma/client/runtime/library.js:121:7102)
      at zn.handleAndLogRequestError (../../node_modules/@prisma/client/runtime/library.js:121:6784)
      at zn.request (../../node_modules/@prisma/client/runtime/library.js:121:6491)
      at l (../../node_modules/@prisma/client/runtime/library.js:130:9778)
      at ensureDefgTestData (modules/inventory/tests/slices-defg.security.test.ts:189:19)
      at Object.<anonymous> (modules/inventory/tests/slices-defg.security.test.ts:776:18)

PASS modules/search/ui/__tests__/GlobalSearch.test.tsx
  ΓùÅ Console

    console.error
      An update to GlobalSearch inside a test was not wrapped in act(...).
      
      When testing, code that causes React state updates should be wrapped into act(...):
      
      act(() => {
        /* fire events that update state */
      });
      /* assert on the output */
      
      This ensures that you're testing the behavior the user would see in the browser. Learn more at 
https://react.dev/link/wrap-tests-with-act

      82 |       return;
      83 |     }
    > 84 |     setStatus("loading");
         |     ^
      85 |     setOpen(true);
      86 |     setHighlightedIndex(-1);
      87 |     try {

      at ../../node_modules/react-dom/cjs/react-dom-client.development.js:18758:19
      at runWithFiberInDEV (../../node_modules/react-dom/cjs/react-dom-client.development.js:874:13)
      at warnIfUpdatesNotWrappedWithActDEV (../../node_modules/react-dom/cjs/react-dom-client.development.js:18757:9)
      at scheduleUpdateOnFiber (../../node_modules/react-dom/cjs/react-dom-client.development.js:16409:11)
      at dispatchSetStateInternal (../../node_modules/react-dom/cjs/react-dom-client.development.js:9170:13)
      at dispatchSetState (../../node_modules/react-dom/cjs/react-dom-client.development.js:9127:7)
      at setStatus (modules/search/ui/GlobalSearch.tsx:84:5)
      at runSearch (modules/search/ui/GlobalSearch.tsx:111:44)
      at callTimer (../../node_modules/@sinonjs/fake-timers/src/fake-timers-src.js:806:24)
      at doTickInner (../../node_modules/@sinonjs/fake-timers/src/fake-timers-src.js:1413:29)
      at doTick (../../node_modules/@sinonjs/fake-timers/src/fake-timers-src.js:1494:20)
      at Object.tick (../../node_modules/@sinonjs/fake-timers/src/fake-timers-src.js:1502:20)
      at FakeTimers.advanceTimersByTime (../../node_modules/@jest/fake-timers/build/index.js:576:19)
      at Object.advanceTimersByTime (modules/search/ui/__tests__/GlobalSearch.test.tsx:66:10)

    console.error
      An update to GlobalSearch inside a test was not wrapped in act(...).
      
      When testing, code that causes React state updates should be wrapped into act(...):
      
      act(() => {
        /* fire events that update state */
      });
      /* assert on the output */
      
      This ensures that you're testing the behavior the user would see in the browser. Learn more at 
https://react.dev/link/wrap-tests-with-act

      83 |     }
      84 |     setStatus("loading");
    > 85 |     setOpen(true);
         |     ^
      86 |     setHighlightedIndex(-1);
      87 |     try {
      88 |       const url = `/api/search?q=${encodeURIComponent(q)}&limit=${SEARCH_LIMIT}&offset=0`;

      at ../../node_modules/react-dom/cjs/react-dom-client.development.js:18758:19
      at runWithFiberInDEV (../../node_modules/react-dom/cjs/react-dom-client.development.js:874:13)
      at warnIfUpdatesNotWrappedWithActDEV (../../node_modules/react-dom/cjs/react-dom-client.development.js:18757:9)
      at scheduleUpdateOnFiber (../../node_modules/react-dom/cjs/react-dom-client.development.js:16409:11)
      at dispatchSetStateInternal (../../node_modules/react-dom/cjs/react-dom-client.development.js:9170:13)
      at dispatchSetState (../../node_modules/react-dom/cjs/react-dom-client.development.js:9127:7)
      at setOpen (modules/search/ui/GlobalSearch.tsx:85:5)
      at runSearch (modules/search/ui/GlobalSearch.tsx:111:44)
      at callTimer (../../node_modules/@sinonjs/fake-timers/src/fake-timers-src.js:806:24)
      at doTickInner (../../node_modules/@sinonjs/fake-timers/src/fake-timers-src.js:1413:29)
      at doTick (../../node_modules/@sinonjs/fake-timers/src/fake-timers-src.js:1494:20)
      at Object.tick (../../node_modules/@sinonjs/fake-timers/src/fake-timers-src.js:1502:20)
      at FakeTimers.advanceTimersByTime (../../node_modules/@jest/fake-timers/build/index.js:576:19)
      at Object.advanceTimersByTime (modules/search/ui/__tests__/GlobalSearch.test.tsx:66:10)

    console.error
      An update to GlobalSearch inside a test was not wrapped in act(...).
      
      When testing, code that causes React state updates should be wrapped into act(...):
      
      act(() => {
        /* fire events that update state */
      });
      /* assert on the output */
      
      This ensures that you're testing the behavior the user would see in the browser. Learn more at 
https://react.dev/link/wrap-tests-with-act

      84 |     setStatus("loading");
      85 |     setOpen(true);
    > 86 |     setHighlightedIndex(-1);
         |     ^
      87 |     try {
      88 |       const url = `/api/search?q=${encodeURIComponent(q)}&limit=${SEARCH_LIMIT}&offset=0`;
      89 |       const res = await apiFetch<GlobalSearchApiResponse>(url);

      at ../../node_modules/react-dom/cjs/react-dom-client.development.js:18758:19
      at runWithFiberInDEV (../../node_modules/react-dom/cjs/react-dom-client.development.js:874:13)
      at warnIfUpdatesNotWrappedWithActDEV (../../node_modules/react-dom/cjs/react-dom-client.development.js:18757:9)
      at scheduleUpdateOnFiber (../../node_modules/react-dom/cjs/react-dom-client.development.js:16409:11)
      at dispatchSetStateInternal (../../node_modules/react-dom/cjs/react-dom-client.development.js:9170:13)
      at dispatchSetState (../../node_modules/react-dom/cjs/react-dom-client.development.js:9127:7)
      at setHighlightedIndex (modules/search/ui/GlobalSearch.tsx:86:5)
      at runSearch (modules/search/ui/GlobalSearch.tsx:111:44)
      at callTimer (../../node_modules/@sinonjs/fake-timers/src/fake-timers-src.js:806:24)
      at doTickInner (../../node_modules/@sinonjs/fake-timers/src/fake-timers-src.js:1413:29)
      at doTick (../../node_modules/@sinonjs/fake-timers/src/fake-timers-src.js:1494:20)
      at Object.tick (../../node_modules/@sinonjs/fake-timers/src/fake-timers-src.js:1502:20)
      at FakeTimers.advanceTimersByTime (../../node_modules/@jest/fake-timers/build/index.js:576:19)
      at Object.advanceTimersByTime (modules/search/ui/__tests__/GlobalSearch.test.tsx:66:10)

    console.error
      An update to GlobalSearch inside a test was not wrapped in act(...).
      
      When testing, code that causes React state updates should be wrapped into act(...):
      
      act(() => {
        /* fire events that update state */
      });
      /* assert on the output */
      
      This ensures that you're testing the behavior the user would see in the browser. Learn more at 
https://react.dev/link/wrap-tests-with-act

      89 |       const res = await apiFetch<GlobalSearchApiResponse>(url);
      90 |       const list = Array.isArray(res?.data) ? res.data : [];
    > 91 |       setData(list);
         |       ^
      92 |       setStatus("success");
      93 |       setHighlightedIndex(list.length > 0 ? 0 : -1);
      94 |     } catch {

      at ../../node_modules/react-dom/cjs/react-dom-client.development.js:18758:19
      at runWithFiberInDEV (../../node_modules/react-dom/cjs/react-dom-client.development.js:874:13)
      at warnIfUpdatesNotWrappedWithActDEV (../../node_modules/react-dom/cjs/react-dom-client.development.js:18757:9)
      at scheduleUpdateOnFiber (../../node_modules/react-dom/cjs/react-dom-client.development.js:16409:11)
      at dispatchSetStateInternal (../../node_modules/react-dom/cjs/react-dom-client.development.js:9170:13)
      at dispatchSetState (../../node_modules/react-dom/cjs/react-dom-client.development.js:9127:7)
      at setData (modules/search/ui/GlobalSearch.tsx:91:7)

    console.error
      An update to GlobalSearch inside a test was not wrapped in act(...).
      
      When testing, code that causes React state updates should be wrapped into act(...):
      
      act(() => {
        /* fire events that update state */
      });
      /* assert on the output */
      
      This ensures that you're testing the behavior the user would see in the browser. Learn more at 
https://react.dev/link/wrap-tests-with-act

      90 |       const list = Array.isArray(res?.data) ? res.data : [];
      91 |       setData(list);
    > 92 |       setStatus("success");
         |       ^
      93 |       setHighlightedIndex(list.length > 0 ? 0 : -1);
      94 |     } catch {
      95 |       setData([]);

      at ../../node_modules/react-dom/cjs/react-dom-client.development.js:18758:19
      at runWithFiberInDEV (../../node_modules/react-dom/cjs/react-dom-client.development.js:874:13)
      at warnIfUpdatesNotWrappedWithActDEV (../../node_modules/react-dom/cjs/react-dom-client.development.js:18757:9)
      at scheduleUpdateOnFiber (../../node_modules/react-dom/cjs/react-dom-client.development.js:16409:11)
      at dispatchSetStateInternal (../../node_modules/react-dom/cjs/react-dom-client.development.js:9170:13)
      at dispatchSetState (../../node_modules/react-dom/cjs/react-dom-client.development.js:9127:7)
      at setStatus (modules/search/ui/GlobalSearch.tsx:92:7)

    console.error
      An update to GlobalSearch inside a test was not wrapped in act(...).
      
      When testing, code that causes React state updates should be wrapped into act(...):
      
      act(() => {
        /* fire events that update state */
      });
      /* assert on the output */
      
      This ensures that you're testing the behavior the user would see in the browser. Learn more at 
https://react.dev/link/wrap-tests-with-act

      91 |       setData(list);
      92 |       setStatus("success");
    > 93 |       setHighlightedIndex(list.length > 0 ? 0 : -1);
         |       ^
      94 |     } catch {
      95 |       setData([]);
      96 |       setStatus("error");

      at ../../node_modules/react-dom/cjs/react-dom-client.development.js:18758:19
      at runWithFiberInDEV (../../node_modules/react-dom/cjs/react-dom-client.development.js:874:13)
      at warnIfUpdatesNotWrappedWithActDEV (../../node_modules/react-dom/cjs/react-dom-client.development.js:18757:9)
      at scheduleUpdateOnFiber (../../node_modules/react-dom/cjs/react-dom-client.development.js:16409:11)
      at dispatchSetStateInternal (../../node_modules/react-dom/cjs/react-dom-client.development.js:9170:13)
      at dispatchSetState (../../node_modules/react-dom/cjs/react-dom-client.development.js:9127:7)
      at setHighlightedIndex (modules/search/ui/GlobalSearch.tsx:93:7)

PASS app/api/platform/schemas.test.ts
PASS modules/customers/tests/audit.test.ts (11.913 s)
FAIL modules/search/tests/global-search.integration.test.ts
  ΓùÅ Console

    console.log
      prisma:error 
      Invalid `prisma.deal.findMany()` invocation:
      
      
      Too many database connections opened: FATAL: remaining connection slots are reserved for roles with the 
SUPERUSER attribute
      Prisma Accelerate has built-in connection pooling to prevent such errors: https://pris.ly/client/error-accelerate

      at Object.Kc (../../node_modules/@prisma/client/runtime/library.js:12:432)
          at async Promise.all (index 1)

    console.log
      prisma:error 
      Invalid `prisma.customer.findMany()` invocation:
      
      
      Too many database connections opened: FATAL: remaining connection slots are reserved for roles with the 
SUPERUSER attribute
      Prisma Accelerate has built-in connection pooling to prevent such errors: https://pris.ly/client/error-accelerate

      at Object.Kc (../../node_modules/@prisma/client/runtime/library.js:12:432)
          at async Promise.all (index 0)

  ΓùÅ Global search integration ΓÇ║ tenant isolation: search as Dealer A with term matching only Dealer B returns no B 
data

    PrismaClientKnownRequestError: 
    Invalid `prisma.deal.findMany()` invocation:


    Too many database connections opened: FATAL: remaining connection slots are reserved for roles with the SUPERUSER 
attribute
    Prisma Accelerate has built-in connection pooling to prevent such errors: https://pris.ly/client/error-accelerate

      60 |     ],
      61 |   };
    > 62 |   const rows = await prisma.deal.findMany({
         |                ^
      63 |     where,
      64 |     take: limit,
      65 |     orderBy: { createdAt: "desc" },

      at zn.handleRequestError (../../node_modules/@prisma/client/runtime/library.js:121:7459)
      at zn.handleAndLogRequestError (../../node_modules/@prisma/client/runtime/library.js:121:6784)
      at zn.request (../../node_modules/@prisma/client/runtime/library.js:121:6491)
      at l (../../node_modules/@prisma/client/runtime/library.js:130:9778)
      at Object.searchDealsByTerm (modules/deals/db/deal.ts:62:16)
          at async Promise.all (index 1)
      at globalSearch (modules/search/service/global-search.ts:69:49)
      at Object.<anonymous> (modules/search/tests/global-search.integration.test.ts:83:22)

FAIL modules/crm-pipeline-automation/tests/integration.test.ts (13.721 s)
  ΓùÅ Console

    console.log
      prisma:error 
      Invalid `prisma.automationRun.create()` invocation:
      
      
      Unique constraint failed on the fields: (`dealership_id`,`entity_type`,`entity_id`,`event_key`,`rule_id`)

      at Object.Kc (../../node_modules/@prisma/client/runtime/library.js:12:432)

    console.log
      prisma:error 
      Invalid `prisma.dealerJobRun.create()` invocation:
      
      
      The column `deadLetter` does not exist in the current database.

      at Object.Kc (../../node_modules/@prisma/client/runtime/library.js:12:432)

    console.log
      prisma:error 
      Invalid `prisma.dealerJobRun.create()` invocation:
      
      
      The column `deadLetter` does not exist in the current database.

      at Object.Kc (../../node_modules/@prisma/client/runtime/library.js:12:432)
          at async Promise.all (index 1)

    console.log
      prisma:error 
      Invalid `prisma.dealerJobRun.create()` invocation:
      
      
      The column `deadLetter` does not exist in the current database.

      at Object.Kc (../../node_modules/@prisma/client/runtime/library.js:12:432)
          at async Promise.all (index 0)

    console.log
      prisma:error 
      Invalid `prisma.dealerJobRun.create()` invocation:
      
      
      The column `deadLetter` does not exist in the current database.

      at Object.Kc (../../node_modules/@prisma/client/runtime/library.js:12:432)

  ΓùÅ CRM Pipeline Automation integration ΓÇ║ Job retry and dead-letter ΓÇ║ job worker processes pending jobs and 
marks completed

    PrismaClientKnownRequestError: 
    Invalid `prisma.dealerJobRun.create()` invocation:


    The column `deadLetter` does not exist in the current database.

      18 |
      19 | export async function createDealerJobRun(dealershipId: string, data: CreateDealerJobRunInput): 
Promise<void> {
    > 20 |   await prisma.dealerJobRun.create({
         |   ^
      21 |     data: {
      22 |       id: data.runId,
      23 |       dealershipId,

      at zn.handleRequestError (../../node_modules/@prisma/client/runtime/library.js:121:7459)
      at zn.handleAndLogRequestError (../../node_modules/@prisma/client/runtime/library.js:121:6784)
      at zn.request (../../node_modules/@prisma/client/runtime/library.js:121:6491)
      at l (../../node_modules/@prisma/client/runtime/library.js:130:9778)
      at Object.createDealerJobRun (modules/crm-pipeline-automation/db/dealer-job-run.ts:20:3)
      at Object.runJobWorker (modules/crm-pipeline-automation/service/job-worker.ts:146:3)
      at Object.<anonymous> (modules/crm-pipeline-automation/tests/integration.test.ts:438:22)

  ΓùÅ CRM Pipeline Automation integration ΓÇ║ Atomic job claim (no double execution) ΓÇ║ concurrent runJobWorker calls 
result in job executed once

    PrismaClientKnownRequestError: 
    Invalid `prisma.dealerJobRun.create()` invocation:


    The column `deadLetter` does not exist in the current database.

      18 |
      19 | export async function createDealerJobRun(dealershipId: string, data: CreateDealerJobRunInput): 
Promise<void> {
    > 20 |   await prisma.dealerJobRun.create({
         |   ^
      21 |     data: {
      22 |       id: data.runId,
      23 |       dealershipId,

      at zn.handleRequestError (../../node_modules/@prisma/client/runtime/library.js:121:7459)
      at zn.handleAndLogRequestError (../../node_modules/@prisma/client/runtime/library.js:121:6784)
      at zn.request (../../node_modules/@prisma/client/runtime/library.js:121:6491)
      at l (../../node_modules/@prisma/client/runtime/library.js:130:9778)
      at Object.createDealerJobRun (modules/crm-pipeline-automation/db/dealer-job-run.ts:20:3)
      at Object.runJobWorker (modules/crm-pipeline-automation/service/job-worker.ts:146:3)
          at async Promise.all (index 1)
      at Object.<anonymous> (modules/crm-pipeline-automation/tests/integration.test.ts:492:24)

  ΓùÅ CRM Pipeline Automation integration ΓÇ║ Sequence stop conditions (WON before delayed step) ΓÇ║ delayed second 
step does not execute after opportunity WON

    PrismaClientKnownRequestError: 
    Invalid `prisma.dealerJobRun.create()` invocation:


    The column `deadLetter` does not exist in the current database.

      18 |
      19 | export async function createDealerJobRun(dealershipId: string, data: CreateDealerJobRunInput): 
Promise<void> {
    > 20 |   await prisma.dealerJobRun.create({
         |   ^
      21 |     data: {
      22 |       id: data.runId,
      23 |       dealershipId,

      at zn.handleRequestError (../../node_modules/@prisma/client/runtime/library.js:121:7459)
      at zn.handleAndLogRequestError (../../node_modules/@prisma/client/runtime/library.js:121:6784)
      at zn.request (../../node_modules/@prisma/client/runtime/library.js:121:6491)
      at l (../../node_modules/@prisma/client/runtime/library.js:130:9778)
      at Object.createDealerJobRun (modules/crm-pipeline-automation/db/dealer-job-run.ts:20:3)
      at Object.runJobWorker (modules/crm-pipeline-automation/service/job-worker.ts:146:3)
      at Object.<anonymous> (modules/crm-pipeline-automation/tests/integration.test.ts:560:7)

PASS modules/crm-pipeline-automation/tests/unit.test.ts
FAIL modules/customers/tests/rbac.test.ts
  ΓùÅ Console

    console.log
      prisma:error 
      Invalid `prisma.userRole.findMany()` invocation:
      
      
      Too many database connections opened: FATAL: remaining connection slots are reserved for roles with the 
SUPERUSER attribute
      Prisma Accelerate has built-in connection pooling to prevent such errors: https://pris.ly/client/error-accelerate

      at Object.Kc (../../node_modules/@prisma/client/runtime/library.js:12:432)
          at async Promise.all (index 0)

    console.log
      prisma:error 
      Invalid `prisma.userRole.findMany()` invocation:
      
      
      Too many database connections opened: FATAL: remaining connection slots are reserved for roles with the 
SUPERUSER attribute
      Prisma Accelerate has built-in connection pooling to prevent such errors: https://pris.ly/client/error-accelerate

      at Object.Kc (../../node_modules/@prisma/client/runtime/library.js:12:432)
          at async Promise.all (index 0)

    console.log
      prisma:error 
      Invalid `prisma.membership.findFirst()` invocation:
      
      
      Too many database connections opened: FATAL: remaining connection slots are reserved for roles with the 
SUPERUSER attribute
      Prisma Accelerate has built-in connection pooling to prevent such errors: https://pris.ly/client/error-accelerate

      at Object.Kc (../../node_modules/@prisma/client/runtime/library.js:12:432)
          at async Promise.all (index 2)

    console.log
      prisma:error 
      Invalid `prisma.membership.findFirst()` invocation:
      
      
      Too many database connections opened: FATAL: sorry, too many clients already
      Prisma Accelerate has built-in connection pooling to prevent such errors: https://pris.ly/client/error-accelerate

      at Object.Kc (../../node_modules/@prisma/client/runtime/library.js:12:432)
          at async Promise.all (index 2)

    console.log
      prisma:error 
      Invalid `prisma.userRole.findMany()` invocation:
      
      
      Too many database connections opened: FATAL: remaining connection slots are reserved for roles with the 
SUPERUSER attribute
      Prisma Accelerate has built-in connection pooling to prevent such errors: https://pris.ly/client/error-accelerate

      at Object.Kc (../../node_modules/@prisma/client/runtime/library.js:12:432)
          at async Promise.all (index 0)

    console.log
      prisma:error 
      Invalid `prisma.membership.findFirst()` invocation:
      
      
      Too many database connections opened: FATAL: sorry, too many clients already
      Prisma Accelerate has built-in connection pooling to prevent such errors: https://pris.ly/client/error-accelerate

      at Object.Kc (../../node_modules/@prisma/client/runtime/library.js:12:432)
          at async Promise.all (index 2)

    console.log
      prisma:error 
      Invalid `prisma.membership.findFirst()` invocation:
      
      
      Too many database connections opened: FATAL: remaining connection slots are reserved for roles with the 
SUPERUSER attribute
      Prisma Accelerate has built-in connection pooling to prevent such errors: https://pris.ly/client/error-accelerate

      at Object.Kc (../../node_modules/@prisma/client/runtime/library.js:12:432)
          at async Promise.all (index 2)

    console.log
      prisma:error 
      Invalid `prisma.membership.findFirst()` invocation:
      
      
      Too many database connections opened: FATAL: remaining connection slots are reserved for roles with the 
SUPERUSER attribute
      Prisma Accelerate has built-in connection pooling to prevent such errors: https://pris.ly/client/error-accelerate

      at Object.Kc (../../node_modules/@prisma/client/runtime/library.js:12:432)
          at async Promise.all (index 2)

  ΓùÅ Customers RBAC ΓÇ║ no customers.read ΓåÆ FORBIDDEN (403) on read operations

    PrismaClientKnownRequestError: 
    Invalid `prisma.userRole.findMany()` invocation:


    Too many database connections opened: FATAL: remaining connection slots are reserved for roles with the SUPERUSER 
attribute
    Prisma Accelerate has built-in connection pooling to prevent such errors: https://pris.ly/client/error-accelerate

      18 |   dealershipId: string
      19 | ): Promise<DealerAuthContext> {
    > 20 |   const [userRoles, overrides, membership] = await Promise.all([
         |                                              ^
      21 |     prisma.userRole.findMany({
      22 |       where: {
      23 |         userId,

      at zn.handleRequestError (../../node_modules/@prisma/client/runtime/library.js:121:7459)
      at zn.handleAndLogRequestError (../../node_modules/@prisma/client/runtime/library.js:121:6784)
      at zn.request (../../node_modules/@prisma/client/runtime/library.js:121:6491)
      at l (../../node_modules/@prisma/client/runtime/library.js:130:9778)
          at async Promise.all (index 0)
      at getDealerAuthContext (lib/rbac.ts:20:46)
      at loadUserPermissions (lib/rbac.ts:101:15)
      at Object.<anonymous> (modules/customers/tests/rbac.test.ts:87:19)

  ΓùÅ Customers RBAC ΓÇ║ no customers.write ΓåÆ FORBIDDEN (403) on write operations (POST/PATCH/DELETE)

    PrismaClientKnownRequestError: 
    Invalid `prisma.userRole.findMany()` invocation:


    Too many database connections opened: FATAL: remaining connection slots are reserved for roles with the SUPERUSER 
attribute
    Prisma Accelerate has built-in connection pooling to prevent such errors: https://pris.ly/client/error-accelerate

      18 |   dealershipId: string
      19 | ): Promise<DealerAuthContext> {
    > 20 |   const [userRoles, overrides, membership] = await Promise.all([
         |                                              ^
      21 |     prisma.userRole.findMany({
      22 |       where: {
      23 |         userId,

      at zn.handleRequestError (../../node_modules/@prisma/client/runtime/library.js:121:7459)
      at zn.handleAndLogRequestError (../../node_modules/@prisma/client/runtime/library.js:121:6784)
      at zn.request (../../node_modules/@prisma/client/runtime/library.js:121:6491)
      at l (../../node_modules/@prisma/client/runtime/library.js:130:9778)
          at async Promise.all (index 0)
      at getDealerAuthContext (lib/rbac.ts:20:46)
      at loadUserPermissions (lib/rbac.ts:101:15)
      at Object.<anonymous> (modules/customers/tests/rbac.test.ts:100:19)

  ΓùÅ Customers RBAC ΓÇ║ FORBIDDEN from missing customers.read maps to 403 response status

    expect(received).toBe(expected) // Object.is equality

    Expected: 403
    Received: 500

      117 |     } catch (e) {
      118 |       const { status } = toErrorPayload(e);
    > 119 |       expect(status).toBe(403);
          |                      ^
      120 |     }
      121 |   });
      122 |

      at Object.toBe (modules/customers/tests/rbac.test.ts:119:22)

  ΓùÅ Customers RBAC ΓÇ║ GET timeline and GET callbacks require customers.read (read-only user has it)

    PrismaClientKnownRequestError: 
    Invalid `prisma.membership.findFirst()` invocation:


    Too many database connections opened: FATAL: sorry, too many clients already
    Prisma Accelerate has built-in connection pooling to prevent such errors: https://pris.ly/client/error-accelerate

      18 |   dealershipId: string
      19 | ): Promise<DealerAuthContext> {
    > 20 |   const [userRoles, overrides, membership] = await Promise.all([
         |                                              ^
      21 |     prisma.userRole.findMany({
      22 |       where: {
      23 |         userId,

      at zn.handleRequestError (../../node_modules/@prisma/client/runtime/library.js:121:7459)
      at zn.handleAndLogRequestError (../../node_modules/@prisma/client/runtime/library.js:121:6784)
      at zn.request (../../node_modules/@prisma/client/runtime/library.js:121:6491)
      at l (../../node_modules/@prisma/client/runtime/library.js:130:9778)
          at async Promise.all (index 2)
      at getDealerAuthContext (lib/rbac.ts:20:46)
      at loadUserPermissions (lib/rbac.ts:101:15)
      at Object.<anonymous> (modules/customers/tests/rbac.test.ts:124:19)

  ΓùÅ Customers RBAC ΓÇ║ POST note, POST call, POST callback, PATCH callback require customers.write (read-only user 
cannot)

    PrismaClientKnownRequestError: 
    Invalid `prisma.membership.findFirst()` invocation:


    Too many database connections opened: FATAL: remaining connection slots are reserved for roles with the SUPERUSER 
attribute
    Prisma Accelerate has built-in connection pooling to prevent such errors: https://pris.ly/client/error-accelerate

      18 |   dealershipId: string
      19 | ): Promise<DealerAuthContext> {
    > 20 |   const [userRoles, overrides, membership] = await Promise.all([
         |                                              ^
      21 |     prisma.userRole.findMany({
      22 |       where: {
      23 |         userId,

      at zn.handleRequestError (../../node_modules/@prisma/client/runtime/library.js:121:7459)
      at zn.handleAndLogRequestError (../../node_modules/@prisma/client/runtime/library.js:121:6784)
      at zn.request (../../node_modules/@prisma/client/runtime/library.js:121:6491)
      at l (../../node_modules/@prisma/client/runtime/library.js:130:9778)
          at async Promise.all (index 2)
      at getDealerAuthContext (lib/rbac.ts:20:46)
      at loadUserPermissions (lib/rbac.ts:101:15)
      at Object.<anonymous> (modules/customers/tests/rbac.test.ts:132:19)

  ΓùÅ Customers RBAC ΓÇ║ POST last-visit / updateLastVisit requires customers.read (read-only user can call)

    PrismaClientKnownRequestError: 
    Invalid `prisma.membership.findFirst()` invocation:


    Too many database connections opened: FATAL: remaining connection slots are reserved for roles with the SUPERUSER 
attribute
    Prisma Accelerate has built-in connection pooling to prevent such errors: https://pris.ly/client/error-accelerate

      18 |   dealershipId: string
      19 | ): Promise<DealerAuthContext> {
    > 20 |   const [userRoles, overrides, membership] = await Promise.all([
         |                                              ^
      21 |     prisma.userRole.findMany({
      22 |       where: {
      23 |         userId,

      at zn.handleRequestError (../../node_modules/@prisma/client/runtime/library.js:121:7459)
      at zn.handleAndLogRequestError (../../node_modules/@prisma/client/runtime/library.js:121:6784)
      at zn.request (../../node_modules/@prisma/client/runtime/library.js:121:6491)
      at l (../../node_modules/@prisma/client/runtime/library.js:130:9778)
          at async Promise.all (index 2)
      at getDealerAuthContext (lib/rbac.ts:20:46)
      at loadUserPermissions (lib/rbac.ts:101:15)
      at Object.<anonymous> (modules/customers/tests/rbac.test.ts:145:19)

FAIL modules/core-platform/tests/audit.test.ts
  ΓùÅ Console

    console.log
      prisma:error 
      Invalid `prisma.dealership.upsert()` invocation:
      
      
      Too many database connections opened: FATAL: remaining connection slots are reserved for roles with the 
SUPERUSER attribute

      at Object.Kc (../../node_modules/@prisma/client/runtime/library.js:12:432)

  ΓùÅ Audit ΓÇ║ updating membership role creates audit log row with expected action and entity

    PrismaClientInitializationError: 
    Invalid `prisma.dealership.upsert()` invocation:


    Too many database connections opened: FATAL: remaining connection slots are reserved for roles with the SUPERUSER 
attribute

      26 |
      27 | async function ensureTestData(): Promise<{ membershipId: string; roleId2: string }> {
    > 28 |   await prisma.dealership.upsert({
         |   ^
      29 |     where: { id: dealerId },
      30 |     create: { id: dealerId, name: "Audit Test Dealer" },
      31 |     update: {},

      at zn.handleRequestError (../../node_modules/@prisma/client/runtime/library.js:121:7759)
      at zn.handleAndLogRequestError (../../node_modules/@prisma/client/runtime/library.js:121:6784)
      at zn.request (../../node_modules/@prisma/client/runtime/library.js:121:6491)
      at l (../../node_modules/@prisma/client/runtime/library.js:130:9778)
      at ensureTestData (modules/core-platform/tests/audit.test.ts:28:3)
      at Object.<anonymous> (modules/core-platform/tests/audit.test.ts:81:5)

  ΓùÅ Audit ΓÇ║ updating role permissions creates audit log row role.updated with safe metadata

    PrismaClientInitializationError: 
    Invalid `prisma.dealership.upsert()` invocation:


    Too many database connections opened: FATAL: remaining connection slots are reserved for roles with the SUPERUSER 
attribute

      26 |
      27 | async function ensureTestData(): Promise<{ membershipId: string; roleId2: string }> {
    > 28 |   await prisma.dealership.upsert({
         |   ^
      29 |     where: { id: dealerId },
      30 |     create: { id: dealerId, name: "Audit Test Dealer" },
      31 |     update: {},

      at zn.handleRequestError (../../node_modules/@prisma/client/runtime/library.js:121:7759)
      at zn.handleAndLogRequestError (../../node_modules/@prisma/client/runtime/library.js:121:6784)
      at zn.request (../../node_modules/@prisma/client/runtime/library.js:121:6491)
      at l (../../node_modules/@prisma/client/runtime/library.js:130:9778)
      at ensureTestData (modules/core-platform/tests/audit.test.ts:28:3)
      at Object.<anonymous> (modules/core-platform/tests/audit.test.ts:81:5)

  ΓùÅ Audit ΓÇ║ getSignedUrl creates file.accessed audit log row when signed URL is issued

    PrismaClientInitializationError: 
    Invalid `prisma.dealership.upsert()` invocation:


    Too many database connections opened: FATAL: remaining connection slots are reserved for roles with the SUPERUSER 
attribute

      26 |
      27 | async function ensureTestData(): Promise<{ membershipId: string; roleId2: string }> {
    > 28 |   await prisma.dealership.upsert({
         |   ^
      29 |     where: { id: dealerId },
      30 |     create: { id: dealerId, name: "Audit Test Dealer" },
      31 |     update: {},

      at zn.handleRequestError (../../node_modules/@prisma/client/runtime/library.js:121:7759)
      at zn.handleAndLogRequestError (../../node_modules/@prisma/client/runtime/library.js:121:6784)
      at zn.request (../../node_modules/@prisma/client/runtime/library.js:121:6491)
      at l (../../node_modules/@prisma/client/runtime/library.js:130:9778)
      at ensureTestData (modules/core-platform/tests/audit.test.ts:28:3)
      at Object.<anonymous> (modules/core-platform/tests/audit.test.ts:81:5)

FAIL modules/core-platform/tests/rbac-dealercenter.test.ts
  ΓùÅ Console

    console.log
      prisma:error 
      Invalid `prisma.membership.findFirst()` invocation:
      
      
      Too many database connections opened: FATAL: remaining connection slots are reserved for roles with the 
SUPERUSER attribute
      Prisma Accelerate has built-in connection pooling to prevent such errors: https://pris.ly/client/error-accelerate

      at Object.Kc (../../node_modules/@prisma/client/runtime/library.js:12:432)
          at async Promise.all (index 2)

    console.log
      prisma:error 
      Invalid `prisma.userRole.findMany()` invocation:
      
      
      Too many database connections opened: FATAL: remaining connection slots are reserved for roles with the 
SUPERUSER attribute
      Prisma Accelerate has built-in connection pooling to prevent such errors: https://pris.ly/client/error-accelerate

      at Object.Kc (../../node_modules/@prisma/client/runtime/library.js:12:432)
          at async Promise.all (index 0)

    console.log
      prisma:error 
      Invalid `prisma.membership.findFirst()` invocation:
      
      
      Too many database connections opened: FATAL: remaining connection slots are reserved for roles with the 
SUPERUSER attribute
      Prisma Accelerate has built-in connection pooling to prevent such errors: https://pris.ly/client/error-accelerate

      at Object.Kc (../../node_modules/@prisma/client/runtime/library.js:12:432)
          at async Promise.all (index 2)

    console.log
      prisma:error 
      Invalid `prisma.userPermissionOverride.findMany()` invocation:
      
      
      Too many database connections opened: FATAL: remaining connection slots are reserved for roles with the 
SUPERUSER attribute
      Prisma Accelerate has built-in connection pooling to prevent such errors: https://pris.ly/client/error-accelerate

      at Object.Kc (../../node_modules/@prisma/client/runtime/library.js:12:432)
          at async Promise.all (index 1)

    console.log
      prisma:error 
      Invalid `prisma.dealership.findUnique()` invocation:
      
      
      Too many database connections opened: FATAL: remaining connection slots are reserved for roles with the 
SUPERUSER attribute
      Prisma Accelerate has built-in connection pooling to prevent such errors: https://pris.ly/client/error-accelerate

      at Object.Kc (../../node_modules/@prisma/client/runtime/library.js:12:432)

    console.log
      prisma:error 
      Invalid `prisma.membership.findFirst()` invocation:
      
      
      Too many database connections opened: FATAL: remaining connection slots are reserved for roles with the 
SUPERUSER attribute
      Prisma Accelerate has built-in connection pooling to prevent such errors: https://pris.ly/client/error-accelerate

      at Object.Kc (../../node_modules/@prisma/client/runtime/library.js:12:432)
          at async Promise.all (index 2)

  ΓùÅ RBAC DealerCenter ΓÇ║ role union: user with two roles has union of permissions

    PrismaClientKnownRequestError: 
    Invalid `prisma.membership.findFirst()` invocation:


    Too many database connections opened: FATAL: remaining connection slots are reserved for roles with the SUPERUSER 
attribute
    Prisma Accelerate has built-in connection pooling to prevent such errors: https://pris.ly/client/error-accelerate

      18 |   dealershipId: string
      19 | ): Promise<DealerAuthContext> {
    > 20 |   const [userRoles, overrides, membership] = await Promise.all([
         |                                              ^
      21 |     prisma.userRole.findMany({
      22 |       where: {
      23 |         userId,

      at zn.handleRequestError (../../node_modules/@prisma/client/runtime/library.js:121:7459)
      at zn.handleAndLogRequestError (../../node_modules/@prisma/client/runtime/library.js:121:6784)
      at zn.request (../../node_modules/@prisma/client/runtime/library.js:121:6491)
      at l (../../node_modules/@prisma/client/runtime/library.js:130:9778)
          at async Promise.all (index 2)
      at getDealerAuthContext (lib/rbac.ts:20:46)
      at loadUserPermissions (lib/rbac.ts:101:15)
      at Object.<anonymous> (modules/core-platform/tests/rbac-dealercenter.test.ts:111:19)

  ΓùÅ RBAC DealerCenter ΓÇ║ default deny: user without permission gets 403

    expect(received).rejects.toThrow(expected)

    Expected constructor: ApiError
    Received constructor: PrismaClientKnownRequestError

    Received message: "
    Invalid `prisma.membership.findFirst()` invocation:┬╖┬╖
    Too many database connections opened: FATAL: remaining connection slots are reserved for roles with the SUPERUSER 
attribute
    Prisma Accelerate has built-in connection pooling to prevent such errors: https://pris.ly/client/error-accelerate"

          18 |   dealershipId: string
          19 | ): Promise<DealerAuthContext> {
        > 20 |   const [userRoles, overrides, membership] = await Promise.all([
             |                                              ^
          21 |     prisma.userRole.findMany({
          22 |       where: {
          23 |         userId,

      at zn.handleRequestError (../../node_modules/@prisma/client/runtime/library.js:121:7459)
      at zn.handleAndLogRequestError (../../node_modules/@prisma/client/runtime/library.js:121:6784)
      at zn.request (../../node_modules/@prisma/client/runtime/library.js:121:6491)
      at l (../../node_modules/@prisma/client/runtime/library.js:130:9778)
                at async Promise.all (index 2)
      at getDealerAuthContext (lib/rbac.ts:20:46)
      at loadUserPermissions (lib/rbac.ts:101:15)
      at requirePermission (lib/rbac.ts:113:23)
      at Object.<anonymous> (modules/core-platform/tests/rbac-dealercenter.test.ts:117:5)
      at Object.toThrow (../../node_modules/expect/build/index.js:2155:20)
      at Object.toThrow (modules/core-platform/tests/rbac-dealercenter.test.ts:119:15)

  ΓùÅ RBAC DealerCenter ΓÇ║ override enabled=false removes role-granted permission

    PrismaClientKnownRequestError: 
    Invalid `prisma.dealership.findUnique()` invocation:


    Too many database connections opened: FATAL: remaining connection slots are reserved for roles with the SUPERUSER 
attribute
    Prisma Accelerate has built-in connection pooling to prevent such errors: https://pris.ly/client/error-accelerate

      28 |   mode: TenantAccessMode
      29 | ): Promise<void> {
    > 30 |   const dealership = await prisma.dealership.findUnique({
         |                      ^
      31 |     where: { id: dealershipId },
      32 |     select: { lifecycleStatus: true },
      33 |   });

      at zn.handleRequestError (../../node_modules/@prisma/client/runtime/library.js:121:7459)
      at zn.handleAndLogRequestError (../../node_modules/@prisma/client/runtime/library.js:121:6784)
      at zn.request (../../node_modules/@prisma/client/runtime/library.js:121:6491)
      at l (../../node_modules/@prisma/client/runtime/library.js:130:9778)
      at requireTenantStatus (lib/tenant-status.ts:30:22)
      at Object.setPermissionOverride (modules/core-platform/service/user-admin.ts:49:3)
      at Object.<anonymous> (modules/core-platform/tests/rbac-dealercenter.test.ts:128:5)

  ΓùÅ RBAC DealerCenter ΓÇ║ override enabled=true grants permission not in any role

    Permission not found

      61 | ): Promise<{ permissionKey: string; enabled: boolean }> {
      62 |   const perm = await prisma.permission.findUnique({ where: { key: permissionKey } });
    > 63 |   if (!perm) throw new Error("Permission not found");
         |                    ^
      64 |   await prisma.userPermissionOverride.upsert({
      65 |     where: { userId_permissionId: { userId, permissionId: perm.id } },
      66 |     create: {

      at Object.setPermissionOverride (modules/core-platform/db/user-roles.ts:63:20)
      at Object.setPermissionOverride (modules/core-platform/service/user-admin.ts:54:18)
      at Object.<anonymous> (modules/core-platform/tests/rbac-dealercenter.test.ts:150:5)

  ΓùÅ RBAC DealerCenter ΓÇ║ getDealerAuthContext returns roleKeys and effectivePermissions

    PrismaClientKnownRequestError: 
    Invalid `prisma.membership.findFirst()` invocation:


    Too many database connections opened: FATAL: remaining connection slots are reserved for roles with the SUPERUSER 
attribute
    Prisma Accelerate has built-in connection pooling to prevent such errors: https://pris.ly/client/error-accelerate

      18 |   dealershipId: string
      19 | ): Promise<DealerAuthContext> {
    > 20 |   const [userRoles, overrides, membership] = await Promise.all([
         |                                              ^
      21 |     prisma.userRole.findMany({
      22 |       where: {
      23 |         userId,

      at zn.handleRequestError (../../node_modules/@prisma/client/runtime/library.js:121:7459)
      at zn.handleAndLogRequestError (../../node_modules/@prisma/client/runtime/library.js:121:6784)
      at zn.request (../../node_modules/@prisma/client/runtime/library.js:121:6491)
      at l (../../node_modules/@prisma/client/runtime/library.js:130:9778)
          at async Promise.all (index 2)
      at getDealerAuthContext (lib/rbac.ts:20:46)
      at Object.<anonymous> (modules/core-platform/tests/rbac-dealercenter.test.ts:180:17)


  ΓùÅ  Cannot log after tests are done. Did you forget to wait for something async in your test?
    Attempted to log "prisma:error 
    Invalid `prisma.userRole.findMany()` invocation:


    Too many database connections opened: FATAL: remaining connection slots are reserved for roles with the SUPERUSER 
attribute
    Prisma Accelerate has built-in connection pooling to prevent such errors: https://pris.ly/client/error-accelerate".

      at console.log (../../node_modules/@jest/console/build/index.js:147:10)
      at Object.Kc (../../node_modules/@prisma/client/runtime/library.js:12:432)
      at EventEmitter.<anonymous> (../../node_modules/@prisma/client/runtime/library.js:130:4063)
      at zn.handleAndLogRequestError (../../node_modules/@prisma/client/runtime/library.js:121:6854)
      at zn.request (../../node_modules/@prisma/client/runtime/library.js:121:6491)
      at l (../../node_modules/@prisma/client/runtime/library.js:130:9778)
          at async Promise.all (index 0)

FAIL modules/documents/tests/audit.test.ts
  ΓùÅ Console

    console.log
      prisma:error 
      Invalid `prisma.dealership.upsert()` invocation:
      
      
      Too many database connections opened: FATAL: remaining connection slots are reserved for roles with the 
SUPERUSER attribute

      at Object.Kc (../../node_modules/@prisma/client/runtime/library.js:12:432)

  ΓùÅ Documents audit ΓÇ║ getSignedUrl creates document.accessed audit log row on success

    PrismaClientInitializationError: 
    Invalid `prisma.dealership.upsert()` invocation:


    Too many database connections opened: FATAL: remaining connection slots are reserved for roles with the SUPERUSER 
attribute

      14 | (hasDb ? describe : describe.skip)("Documents audit", () => {
      15 |   beforeAll(async () => {
    > 16 |     await prisma.dealership.upsert({
         |     ^
      17 |       where: { id: dealerId },
      18 |       create: { id: dealerId, name: "Audit Dealer" },
      19 |       update: {},

      at zn.handleRequestError (../../node_modules/@prisma/client/runtime/library.js:121:7759)
      at zn.handleAndLogRequestError (../../node_modules/@prisma/client/runtime/library.js:121:6784)
      at zn.request (../../node_modules/@prisma/client/runtime/library.js:121:6491)
      at l (../../node_modules/@prisma/client/runtime/library.js:130:9778)
      at Object.<anonymous> (modules/documents/tests/audit.test.ts:16:5)

  ΓùÅ Documents audit ΓÇ║ getSignedUrl with NOT_FOUND does not write document.accessed audit

    PrismaClientInitializationError: 
    Invalid `prisma.dealership.upsert()` invocation:


    Too many database connections opened: FATAL: remaining connection slots are reserved for roles with the SUPERUSER 
attribute

      14 | (hasDb ? describe : describe.skip)("Documents audit", () => {
      15 |   beforeAll(async () => {
    > 16 |     await prisma.dealership.upsert({
         |     ^
      17 |       where: { id: dealerId },
      18 |       create: { id: dealerId, name: "Audit Dealer" },
      19 |       update: {},

      at zn.handleRequestError (../../node_modules/@prisma/client/runtime/library.js:121:7759)
      at zn.handleAndLogRequestError (../../node_modules/@prisma/client/runtime/library.js:121:6784)
      at zn.request (../../node_modules/@prisma/client/runtime/library.js:121:6491)
      at l (../../node_modules/@prisma/client/runtime/library.js:130:9778)
      at Object.<anonymous> (modules/documents/tests/audit.test.ts:16:5)

  ΓùÅ Documents audit ΓÇ║ deleteDocument creates document.deleted audit log row

    PrismaClientInitializationError: 
    Invalid `prisma.dealership.upsert()` invocation:


    Too many database connections opened: FATAL: remaining connection slots are reserved for roles with the SUPERUSER 
attribute

      14 | (hasDb ? describe : describe.skip)("Documents audit", () => {
      15 |   beforeAll(async () => {
    > 16 |     await prisma.dealership.upsert({
         |     ^
      17 |       where: { id: dealerId },
      18 |       create: { id: dealerId, name: "Audit Dealer" },
      19 |       update: {},

      at zn.handleRequestError (../../node_modules/@prisma/client/runtime/library.js:121:7759)
      at zn.handleAndLogRequestError (../../node_modules/@prisma/client/runtime/library.js:121:6784)
      at zn.request (../../node_modules/@prisma/client/runtime/library.js:121:6491)
      at l (../../node_modules/@prisma/client/runtime/library.js:130:9778)
      at Object.<anonymous> (modules/documents/tests/audit.test.ts:16:5)

  ΓùÅ Documents audit ΓÇ║ updateDocumentMetadata creates document.updated audit log row

    PrismaClientInitializationError: 
    Invalid `prisma.dealership.upsert()` invocation:


    Too many database connections opened: FATAL: remaining connection slots are reserved for roles with the SUPERUSER 
attribute

      14 | (hasDb ? describe : describe.skip)("Documents audit", () => {
      15 |   beforeAll(async () => {
    > 16 |     await prisma.dealership.upsert({
         |     ^
      17 |       where: { id: dealerId },
      18 |       create: { id: dealerId, name: "Audit Dealer" },
      19 |       update: {},

      at zn.handleRequestError (../../node_modules/@prisma/client/runtime/library.js:121:7759)
      at zn.handleAndLogRequestError (../../node_modules/@prisma/client/runtime/library.js:121:6784)
      at zn.request (../../node_modules/@prisma/client/runtime/library.js:121:6491)
      at l (../../node_modules/@prisma/client/runtime/library.js:130:9778)
      at Object.<anonymous> (modules/documents/tests/audit.test.ts:16:5)

PASS modules/deals/tests/validation.test.ts
FAIL modules/deals/tests/audit.test.ts (10.903 s)
  ΓùÅ Deals audit log ΓÇ║ records deal.created, deal.fee_added, deal.updated, and deal.status_changed

    expect(received).toContain(expected) // indexOf

    Expected value: "deal.fee_added"
    Received array: ["deal.created", "deal.updated", "deal.status_changed"]

      81 |     const dealActions = dealLogs.map((l) => l.action);
      82 |     expect(dealActions).toContain("deal.created");
    > 83 |     expect(dealActions).toContain("deal.fee_added");
         |                         ^
      84 |     expect(dealActions).toContain("deal.updated");
      85 |     expect(dealActions).toContain("deal.status_changed");
      86 |     dealLogs.forEach((log) => {

      at Object.toContain (modules/deals/tests/audit.test.ts:83:25)

PASS app/api/inventory/[id]/route.test.ts
FAIL modules/inventory/tests/audit.test.ts
  ΓùÅ Console

    console.log
      prisma:error 
      Invalid `prisma.dealership.upsert()` invocation:
      
      
      Too many database connections opened: FATAL: remaining connection slots are reserved for roles with the 
SUPERUSER attribute

      at Object.Kc (../../node_modules/@prisma/client/runtime/library.js:12:432)

  ΓùÅ Inventory audit ΓÇ║ createVehicle creates vehicle.created audit log row

    PrismaClientInitializationError: 
    Invalid `prisma.dealership.upsert()` invocation:


    Too many database connections opened: FATAL: remaining connection slots are reserved for roles with the SUPERUSER 
attribute

      22 |
      23 | async function ensureTestData(): Promise<{ vehicleId: string }> {
    > 24 |   await prisma.dealership.upsert({
         |   ^
      25 |     where: { id: dealerId },
      26 |     create: { id: dealerId, name: "Audit Inventory Dealer" },
      27 |     update: {},

      at zn.handleRequestError (../../node_modules/@prisma/client/runtime/library.js:121:7759)
      at zn.handleAndLogRequestError (../../node_modules/@prisma/client/runtime/library.js:121:6784)
      at zn.request (../../node_modules/@prisma/client/runtime/library.js:121:6491)
      at l (../../node_modules/@prisma/client/runtime/library.js:130:9778)
      at ensureTestData (modules/inventory/tests/audit.test.ts:24:3)
      at Object.<anonymous> (modules/inventory/tests/audit.test.ts:50:5)

  ΓùÅ Inventory audit ΓÇ║ updateVehicle with status change creates vehicle.status_changed and vehicle.updated

    PrismaClientInitializationError: 
    Invalid `prisma.dealership.upsert()` invocation:


    Too many database connections opened: FATAL: remaining connection slots are reserved for roles with the SUPERUSER 
attribute

      22 |
      23 | async function ensureTestData(): Promise<{ vehicleId: string }> {
    > 24 |   await prisma.dealership.upsert({
         |   ^
      25 |     where: { id: dealerId },
      26 |     create: { id: dealerId, name: "Audit Inventory Dealer" },
      27 |     update: {},

      at zn.handleRequestError (../../node_modules/@prisma/client/runtime/library.js:121:7759)
      at zn.handleAndLogRequestError (../../node_modules/@prisma/client/runtime/library.js:121:6784)
      at zn.request (../../node_modules/@prisma/client/runtime/library.js:121:6491)
      at l (../../node_modules/@prisma/client/runtime/library.js:130:9778)
      at ensureTestData (modules/inventory/tests/audit.test.ts:24:3)
      at Object.<anonymous> (modules/inventory/tests/audit.test.ts:50:5)

  ΓùÅ Inventory audit ΓÇ║ deleteVehicle creates vehicle.deleted audit log row

    PrismaClientInitializationError: 
    Invalid `prisma.dealership.upsert()` invocation:


    Too many database connections opened: FATAL: remaining connection slots are reserved for roles with the SUPERUSER 
attribute

      22 |
      23 | async function ensureTestData(): Promise<{ vehicleId: string }> {
    > 24 |   await prisma.dealership.upsert({
         |   ^
      25 |     where: { id: dealerId },
      26 |     create: { id: dealerId, name: "Audit Inventory Dealer" },
      27 |     update: {},

      at zn.handleRequestError (../../node_modules/@prisma/client/runtime/library.js:121:7759)
      at zn.handleAndLogRequestError (../../node_modules/@prisma/client/runtime/library.js:121:6784)
      at zn.request (../../node_modules/@prisma/client/runtime/library.js:121:6491)
      at l (../../node_modules/@prisma/client/runtime/library.js:130:9778)
      at ensureTestData (modules/inventory/tests/audit.test.ts:24:3)
      at Object.<anonymous> (modules/inventory/tests/audit.test.ts:50:5)

  ΓùÅ Inventory audit ΓÇ║ uploadVehiclePhoto creates vehicle_photo.added and file.uploaded audit log rows

    PrismaClientInitializationError: 
    Invalid `prisma.dealership.upsert()` invocation:


    Too many database connections opened: FATAL: remaining connection slots are reserved for roles with the SUPERUSER 
attribute

      22 |
      23 | async function ensureTestData(): Promise<{ vehicleId: string }> {
    > 24 |   await prisma.dealership.upsert({
         |   ^
      25 |     where: { id: dealerId },
      26 |     create: { id: dealerId, name: "Audit Inventory Dealer" },
      27 |     update: {},

      at zn.handleRequestError (../../node_modules/@prisma/client/runtime/library.js:121:7759)
      at zn.handleAndLogRequestError (../../node_modules/@prisma/client/runtime/library.js:121:6784)
      at zn.request (../../node_modules/@prisma/client/runtime/library.js:121:6491)
      at l (../../node_modules/@prisma/client/runtime/library.js:130:9778)
      at ensureTestData (modules/inventory/tests/audit.test.ts:24:3)
      at Object.<anonymous> (modules/inventory/tests/audit.test.ts:50:5)

PASS modules/crm-pipeline-automation/ui/__tests__/crm-permissions.test.tsx
PASS app/api/invite/resolve/route.test.ts
FAIL modules/inventory/tests/tenant-isolation.test.ts
  ΓùÅ Console

    console.log
      prisma:error 
      Invalid `prisma.dealership.upsert()` invocation:
      
      
      Too many database connections opened: FATAL: remaining connection slots are reserved for roles with the 
SUPERUSER attribute

      at Object.Kc (../../node_modules/@prisma/client/runtime/library.js:12:432)

  ΓùÅ Inventory tenant isolation ΓÇ║ listVehicles for Dealer A does not return Dealer B vehicles (search, filter, 
pagination tenant-scoped)

    PrismaClientInitializationError: 
    Invalid `prisma.dealership.upsert()` invocation:


    Too many database connections opened: FATAL: remaining connection slots are reserved for roles with the SUPERUSER 
attribute

      15 |
      16 | async function ensureTestData(): Promise<{ vehicleBId: string }> {
    > 17 |   await prisma.dealership.upsert({
         |   ^
      18 |     where: { id: dealerAId },
      19 |     create: { id: dealerAId, name: "Dealer A" },
      20 |     update: {},

      at zn.handleRequestError (../../node_modules/@prisma/client/runtime/library.js:121:7759)
      at zn.handleAndLogRequestError (../../node_modules/@prisma/client/runtime/library.js:121:6784)
      at zn.request (../../node_modules/@prisma/client/runtime/library.js:121:6491)
      at l (../../node_modules/@prisma/client/runtime/library.js:130:9778)
      at ensureTestData (modules/inventory/tests/tenant-isolation.test.ts:17:3)
      at Object.<anonymous> (modules/inventory/tests/tenant-isolation.test.ts:47:5)

  ΓùÅ Inventory tenant isolation ΓÇ║ getVehicleById with wrong dealership returns null

    PrismaClientInitializationError: 
    Invalid `prisma.dealership.upsert()` invocation:


    Too many database connections opened: FATAL: remaining connection slots are reserved for roles with the SUPERUSER 
attribute

      15 |
      16 | async function ensureTestData(): Promise<{ vehicleBId: string }> {
    > 17 |   await prisma.dealership.upsert({
         |   ^
      18 |     where: { id: dealerAId },
      19 |     create: { id: dealerAId, name: "Dealer A" },
      20 |     update: {},

      at zn.handleRequestError (../../node_modules/@prisma/client/runtime/library.js:121:7759)
      at zn.handleAndLogRequestError (../../node_modules/@prisma/client/runtime/library.js:121:6784)
      at zn.request (../../node_modules/@prisma/client/runtime/library.js:121:6491)
      at l (../../node_modules/@prisma/client/runtime/library.js:130:9778)
      at ensureTestData (modules/inventory/tests/tenant-isolation.test.ts:17:3)
      at Object.<anonymous> (modules/inventory/tests/tenant-isolation.test.ts:47:5)

  ΓùÅ Inventory tenant isolation ΓÇ║ getVehicle (service) with wrong dealership throws NOT_FOUND

    PrismaClientInitializationError: 
    Invalid `prisma.dealership.upsert()` invocation:


    Too many database connections opened: FATAL: remaining connection slots are reserved for roles with the SUPERUSER 
attribute

      15 |
      16 | async function ensureTestData(): Promise<{ vehicleBId: string }> {
    > 17 |   await prisma.dealership.upsert({
         |   ^
      18 |     where: { id: dealerAId },
      19 |     create: { id: dealerAId, name: "Dealer A" },
      20 |     update: {},

      at zn.handleRequestError (../../node_modules/@prisma/client/runtime/library.js:121:7759)
      at zn.handleAndLogRequestError (../../node_modules/@prisma/client/runtime/library.js:121:6784)
      at zn.request (../../node_modules/@prisma/client/runtime/library.js:121:6491)
      at l (../../node_modules/@prisma/client/runtime/library.js:130:9778)
      at ensureTestData (modules/inventory/tests/tenant-isolation.test.ts:17:3)
      at Object.<anonymous> (modules/inventory/tests/tenant-isolation.test.ts:47:5)

  ΓùÅ Inventory tenant isolation ΓÇ║ updateVehicle with wrong dealership throws NOT_FOUND

    PrismaClientInitializationError: 
    Invalid `prisma.dealership.upsert()` invocation:


    Too many database connections opened: FATAL: remaining connection slots are reserved for roles with the SUPERUSER 
attribute

      15 |
      16 | async function ensureTestData(): Promise<{ vehicleBId: string }> {
    > 17 |   await prisma.dealership.upsert({
         |   ^
      18 |     where: { id: dealerAId },
      19 |     create: { id: dealerAId, name: "Dealer A" },
      20 |     update: {},

      at zn.handleRequestError (../../node_modules/@prisma/client/runtime/library.js:121:7759)
      at zn.handleAndLogRequestError (../../node_modules/@prisma/client/runtime/library.js:121:6784)
      at zn.request (../../node_modules/@prisma/client/runtime/library.js:121:6491)
      at l (../../node_modules/@prisma/client/runtime/library.js:130:9778)
      at ensureTestData (modules/inventory/tests/tenant-isolation.test.ts:17:3)
      at Object.<anonymous> (modules/inventory/tests/tenant-isolation.test.ts:47:5)

  ΓùÅ Inventory tenant isolation ΓÇ║ deleteVehicle with wrong dealership returns null

    PrismaClientInitializationError: 
    Invalid `prisma.dealership.upsert()` invocation:


    Too many database connections opened: FATAL: remaining connection slots are reserved for roles with the SUPERUSER 
attribute

      15 |
      16 | async function ensureTestData(): Promise<{ vehicleBId: string }> {
    > 17 |   await prisma.dealership.upsert({
         |   ^
      18 |     where: { id: dealerAId },
      19 |     create: { id: dealerAId, name: "Dealer A" },
      20 |     update: {},

      at zn.handleRequestError (../../node_modules/@prisma/client/runtime/library.js:121:7759)
      at zn.handleAndLogRequestError (../../node_modules/@prisma/client/runtime/library.js:121:6784)
      at zn.request (../../node_modules/@prisma/client/runtime/library.js:121:6491)
      at l (../../node_modules/@prisma/client/runtime/library.js:130:9778)
      at ensureTestData (modules/inventory/tests/tenant-isolation.test.ts:17:3)
      at Object.<anonymous> (modules/inventory/tests/tenant-isolation.test.ts:47:5)

  ΓùÅ Inventory tenant isolation ΓÇ║ listVehiclePhotos for Dealer B vehicle when called as Dealer A throws NOT_FOUND

    PrismaClientInitializationError: 
    Invalid `prisma.dealership.upsert()` invocation:


    Too many database connections opened: FATAL: remaining connection slots are reserved for roles with the SUPERUSER 
attribute

      15 |
      16 | async function ensureTestData(): Promise<{ vehicleBId: string }> {
    > 17 |   await prisma.dealership.upsert({
         |   ^
      18 |     where: { id: dealerAId },
      19 |     create: { id: dealerAId, name: "Dealer A" },
      20 |     update: {},

      at zn.handleRequestError (../../node_modules/@prisma/client/runtime/library.js:121:7759)
      at zn.handleAndLogRequestError (../../node_modules/@prisma/client/runtime/library.js:121:6784)
      at zn.request (../../node_modules/@prisma/client/runtime/library.js:121:6491)
      at l (../../node_modules/@prisma/client/runtime/library.js:130:9778)
      at ensureTestData (modules/inventory/tests/tenant-isolation.test.ts:17:3)
      at Object.<anonymous> (modules/inventory/tests/tenant-isolation.test.ts:47:5)

  ΓùÅ Inventory tenant isolation ΓÇ║ uploadVehiclePhoto for Dealer B vehicle when called as Dealer A throws NOT_FOUND

    PrismaClientInitializationError: 
    Invalid `prisma.dealership.upsert()` invocation:


    Too many database connections opened: FATAL: remaining connection slots are reserved for roles with the SUPERUSER 
attribute

      15 |
      16 | async function ensureTestData(): Promise<{ vehicleBId: string }> {
    > 17 |   await prisma.dealership.upsert({
         |   ^
      18 |     where: { id: dealerAId },
      19 |     create: { id: dealerAId, name: "Dealer A" },
      20 |     update: {},

      at zn.handleRequestError (../../node_modules/@prisma/client/runtime/library.js:121:7759)
      at zn.handleAndLogRequestError (../../node_modules/@prisma/client/runtime/library.js:121:6784)
      at zn.request (../../node_modules/@prisma/client/runtime/library.js:121:6491)
      at l (../../node_modules/@prisma/client/runtime/library.js:130:9778)
      at ensureTestData (modules/inventory/tests/tenant-isolation.test.ts:17:3)
      at Object.<anonymous> (modules/inventory/tests/tenant-isolation.test.ts:47:5)

  ΓùÅ Inventory tenant isolation ΓÇ║ deleteVehiclePhoto for Dealer B vehicle when called as Dealer A throws NOT_FOUND

    PrismaClientInitializationError: 
    Invalid `prisma.dealership.upsert()` invocation:


    Too many database connections opened: FATAL: remaining connection slots are reserved for roles with the SUPERUSER 
attribute

      15 |
      16 | async function ensureTestData(): Promise<{ vehicleBId: string }> {
    > 17 |   await prisma.dealership.upsert({
         |   ^
      18 |     where: { id: dealerAId },
      19 |     create: { id: dealerAId, name: "Dealer A" },
      20 |     update: {},

      at zn.handleRequestError (../../node_modules/@prisma/client/runtime/library.js:121:7759)
      at zn.handleAndLogRequestError (../../node_modules/@prisma/client/runtime/library.js:121:6784)
      at zn.request (../../node_modules/@prisma/client/runtime/library.js:121:6491)
      at l (../../node_modules/@prisma/client/runtime/library.js:130:9778)
      at ensureTestData (modules/inventory/tests/tenant-isolation.test.ts:17:3)
      at Object.<anonymous> (modules/inventory/tests/tenant-isolation.test.ts:47:5)

  ΓùÅ Inventory tenant isolation ΓÇ║ deleteVehiclePhoto with fileId belonging to another dealer's vehicle returns 
NOT_FOUND

    PrismaClientInitializationError: 
    Invalid `prisma.dealership.upsert()` invocation:


    Too many database connections opened: FATAL: remaining connection slots are reserved for roles with the SUPERUSER 
attribute

      15 |
      16 | async function ensureTestData(): Promise<{ vehicleBId: string }> {
    > 17 |   await prisma.dealership.upsert({
         |   ^
      18 |     where: { id: dealerAId },
      19 |     create: { id: dealerAId, name: "Dealer A" },
      20 |     update: {},

      at zn.handleRequestError (../../node_modules/@prisma/client/runtime/library.js:121:7759)
      at zn.handleAndLogRequestError (../../node_modules/@prisma/client/runtime/library.js:121:6784)
      at zn.request (../../node_modules/@prisma/client/runtime/library.js:121:6491)
      at l (../../node_modules/@prisma/client/runtime/library.js:130:9778)
      at ensureTestData (modules/inventory/tests/tenant-isolation.test.ts:17:3)
      at Object.<anonymous> (modules/inventory/tests/tenant-isolation.test.ts:47:5)

PASS app/api/customers/[id]/route.test.ts
PASS app/api/deals/[id]/route.test.ts
PASS modules/customers/tests/lead-action-strip-schemas.test.ts
FAIL modules/deals/tests/rbac.test.ts
  ΓùÅ Console

    console.log
      prisma:error 
      Invalid `prisma.userRole.findMany()` invocation:
      
      
      Too many database connections opened: FATAL: sorry, too many clients already
      Prisma Accelerate has built-in connection pooling to prevent such errors: https://pris.ly/client/error-accelerate

      at Object.Kc (../../node_modules/@prisma/client/runtime/library.js:12:432)
          at async Promise.all (index 0)

    console.log
      prisma:error 
      Invalid `prisma.membership.findFirst()` invocation:
      
      
      Too many database connections opened: FATAL: remaining connection slots are reserved for roles with the 
SUPERUSER attribute
      Prisma Accelerate has built-in connection pooling to prevent such errors: https://pris.ly/client/error-accelerate

      at Object.Kc (../../node_modules/@prisma/client/runtime/library.js:12:432)
          at async Promise.all (index 2)

    console.log
      prisma:error 
      Invalid `prisma.userRole.findMany()` invocation:
      
      
      Too many database connections opened: FATAL: remaining connection slots are reserved for roles with the 
SUPERUSER attribute
      Prisma Accelerate has built-in connection pooling to prevent such errors: https://pris.ly/client/error-accelerate

      at Object.Kc (../../node_modules/@prisma/client/runtime/library.js:12:432)
          at async Promise.all (index 0)

    console.log
      prisma:error 
      Invalid `prisma.membership.findFirst()` invocation:
      
      
      Too many database connections opened: FATAL: remaining connection slots are reserved for roles with the 
SUPERUSER attribute
      Prisma Accelerate has built-in connection pooling to prevent such errors: https://pris.ly/client/error-accelerate

      at Object.Kc (../../node_modules/@prisma/client/runtime/library.js:12:432)
          at async Promise.all (index 2)

    console.log
      prisma:error 
      Invalid `prisma.userRole.findMany()` invocation:
      
      
      Too many database connections opened: FATAL: remaining connection slots are reserved for roles with the 
SUPERUSER attribute
      Prisma Accelerate has built-in connection pooling to prevent such errors: https://pris.ly/client/error-accelerate

      at Object.Kc (../../node_modules/@prisma/client/runtime/library.js:12:432)
          at async Promise.all (index 0)

    console.log
      prisma:error 
      Invalid `prisma.membership.findFirst()` invocation:
      
      
      Too many database connections opened: FATAL: remaining connection slots are reserved for roles with the 
SUPERUSER attribute
      Prisma Accelerate has built-in connection pooling to prevent such errors: https://pris.ly/client/error-accelerate

      at Object.Kc (../../node_modules/@prisma/client/runtime/library.js:12:432)
          at async Promise.all (index 2)

    console.log
      prisma:error 
      Invalid `prisma.membership.findFirst()` invocation:
      
      
      Too many database connections opened: FATAL: remaining connection slots are reserved for roles with the 
SUPERUSER attribute
      Prisma Accelerate has built-in connection pooling to prevent such errors: https://pris.ly/client/error-accelerate

      at Object.Kc (../../node_modules/@prisma/client/runtime/library.js:12:432)
          at async Promise.all (index 2)

    console.log
      prisma:error 
      Invalid `prisma.userRole.findMany()` invocation:
      
      
      Too many database connections opened: FATAL: remaining connection slots are reserved for roles with the 
SUPERUSER attribute
      Prisma Accelerate has built-in connection pooling to prevent such errors: https://pris.ly/client/error-accelerate

      at Object.Kc (../../node_modules/@prisma/client/runtime/library.js:12:432)
          at async Promise.all (index 0)

    console.log
      prisma:error 
      Invalid `prisma.membership.findFirst()` invocation:
      
      
      Too many database connections opened: FATAL: remaining connection slots are reserved for roles with the 
SUPERUSER attribute
      Prisma Accelerate has built-in connection pooling to prevent such errors: https://pris.ly/client/error-accelerate

      at Object.Kc (../../node_modules/@prisma/client/runtime/library.js:12:432)
          at async Promise.all (index 2)

    console.log
      prisma:error 
      Invalid `prisma.userRole.findMany()` invocation:
      
      
      Too many database connections opened: FATAL: remaining connection slots are reserved for roles with the 
SUPERUSER attribute
      Prisma Accelerate has built-in connection pooling to prevent such errors: https://pris.ly/client/error-accelerate

      at Object.Kc (../../node_modules/@prisma/client/runtime/library.js:12:432)
          at async Promise.all (index 0)

    console.log
      prisma:error 
      Invalid `prisma.membership.findFirst()` invocation:
      
      
      Too many database connections opened: FATAL: remaining connection slots are reserved for roles with the 
SUPERUSER attribute
      Prisma Accelerate has built-in connection pooling to prevent such errors: https://pris.ly/client/error-accelerate

      at Object.Kc (../../node_modules/@prisma/client/runtime/library.js:12:432)
          at async Promise.all (index 2)

    console.log
      prisma:error 
      Invalid `prisma.userRole.findMany()` invocation:
      
      
      Too many database connections opened: FATAL: remaining connection slots are reserved for roles with the 
SUPERUSER attribute
      Prisma Accelerate has built-in connection pooling to prevent such errors: https://pris.ly/client/error-accelerate

      at Object.Kc (../../node_modules/@prisma/client/runtime/library.js:12:432)
          at async Promise.all (index 0)

    console.log
      prisma:error 
      Invalid `prisma.userRole.findMany()` invocation:
      
      
      Too many database connections opened: FATAL: remaining connection slots are reserved for roles with the 
SUPERUSER attribute
      Prisma Accelerate has built-in connection pooling to prevent such errors: https://pris.ly/client/error-accelerate

      at Object.Kc (../../node_modules/@prisma/client/runtime/library.js:12:432)
          at async Promise.all (index 0)

  ΓùÅ Deals RBAC ΓÇ║ user without deals.read cannot pass requirePermission(deals.read)

    expect(received).rejects.toThrow(expected)

    Expected constructor: ApiError
    Received constructor: PrismaClientKnownRequestError

    Received message: "
    Invalid `prisma.userRole.findMany()` invocation:┬╖┬╖
    Too many database connections opened: FATAL: sorry, too many clients already
    Prisma Accelerate has built-in connection pooling to prevent such errors: https://pris.ly/client/error-accelerate"

          18 |   dealershipId: string
          19 | ): Promise<DealerAuthContext> {
        > 20 |   const [userRoles, overrides, membership] = await Promise.all([
             |                                              ^
          21 |     prisma.userRole.findMany({
          22 |       where: {
          23 |         userId,

      at zn.handleRequestError (../../node_modules/@prisma/client/runtime/library.js:121:7459)
      at zn.handleAndLogRequestError (../../node_modules/@prisma/client/runtime/library.js:121:6784)
      at zn.request (../../node_modules/@prisma/client/runtime/library.js:121:6491)
      at l (../../node_modules/@prisma/client/runtime/library.js:130:9778)
                at async Promise.all (index 0)
      at getDealerAuthContext (lib/rbac.ts:20:46)
      at loadUserPermissions (lib/rbac.ts:101:15)
      at requirePermission (lib/rbac.ts:113:23)
      at Object.<anonymous> (modules/deals/tests/rbac.test.ts:117:5)
      at Object.toThrow (../../node_modules/expect/build/index.js:2155:20)
      at Object.toThrow (modules/deals/tests/rbac.test.ts:119:15)

  ΓùÅ Deals RBAC ΓÇ║ user with deals.read only cannot pass requirePermission(deals.write)

    expect(received).rejects.toThrow(expected)

    Expected constructor: ApiError
    Received constructor: PrismaClientKnownRequestError

    Received message: "
    Invalid `prisma.userRole.findMany()` invocation:┬╖┬╖
    Too many database connections opened: FATAL: remaining connection slots are reserved for roles with the SUPERUSER 
attribute
    Prisma Accelerate has built-in connection pooling to prevent such errors: https://pris.ly/client/error-accelerate"

          18 |   dealershipId: string
          19 | ): Promise<DealerAuthContext> {
        > 20 |   const [userRoles, overrides, membership] = await Promise.all([
             |                                              ^
          21 |     prisma.userRole.findMany({
          22 |       where: {
          23 |         userId,

      at zn.handleRequestError (../../node_modules/@prisma/client/runtime/library.js:121:7459)
      at zn.handleAndLogRequestError (../../node_modules/@prisma/client/runtime/library.js:121:6784)
      at zn.request (../../node_modules/@prisma/client/runtime/library.js:121:6491)
      at l (../../node_modules/@prisma/client/runtime/library.js:130:9778)
                at async Promise.all (index 0)
      at getDealerAuthContext (lib/rbac.ts:20:46)
      at loadUserPermissions (lib/rbac.ts:101:15)
      at requirePermission (lib/rbac.ts:113:23)
      at Object.<anonymous> (modules/deals/tests/rbac.test.ts:123:5)
      at Object.toThrow (../../node_modules/expect/build/index.js:2155:20)
      at Object.toThrow (modules/deals/tests/rbac.test.ts:125:15)

  ΓùÅ Deals RBAC ΓÇ║ user with deals.read passes requirePermission(deals.read)

    PrismaClientKnownRequestError: 
    Invalid `prisma.userRole.findMany()` invocation:


    Too many database connections opened: FATAL: remaining connection slots are reserved for roles with the SUPERUSER 
attribute
    Prisma Accelerate has built-in connection pooling to prevent such errors: https://pris.ly/client/error-accelerate

      18 |   dealershipId: string
      19 | ): Promise<DealerAuthContext> {
    > 20 |   const [userRoles, overrides, membership] = await Promise.all([
         |                                              ^
      21 |     prisma.userRole.findMany({
      22 |       where: {
      23 |         userId,

      at zn.handleRequestError (../../node_modules/@prisma/client/runtime/library.js:121:7459)
      at zn.handleAndLogRequestError (../../node_modules/@prisma/client/runtime/library.js:121:6784)
      at zn.request (../../node_modules/@prisma/client/runtime/library.js:121:6491)
      at l (../../node_modules/@prisma/client/runtime/library.js:130:9778)
          at async Promise.all (index 0)
      at getDealerAuthContext (lib/rbac.ts:20:46)
      at loadUserPermissions (lib/rbac.ts:101:15)
      at Object.<anonymous> (modules/deals/tests/rbac.test.ts:129:19)

  ΓùÅ Deals RBAC ΓÇ║ user without deals.write cannot pass requirePermission(deals.write)

    expect(received).rejects.toThrow(expected)

    Expected constructor: ApiError
    Received constructor: PrismaClientKnownRequestError

    Received message: "
    Invalid `prisma.membership.findFirst()` invocation:┬╖┬╖
    Too many database connections opened: FATAL: remaining connection slots are reserved for roles with the SUPERUSER 
attribute
    Prisma Accelerate has built-in connection pooling to prevent such errors: https://pris.ly/client/error-accelerate"

          18 |   dealershipId: string
          19 | ): Promise<DealerAuthContext> {
        > 20 |   const [userRoles, overrides, membership] = await Promise.all([
             |                                              ^
          21 |     prisma.userRole.findMany({
          22 |       where: {
          23 |         userId,

      at zn.handleRequestError (../../node_modules/@prisma/client/runtime/library.js:121:7459)
      at zn.handleAndLogRequestError (../../node_modules/@prisma/client/runtime/library.js:121:6784)
      at zn.request (../../node_modules/@prisma/client/runtime/library.js:121:6491)
      at l (../../node_modules/@prisma/client/runtime/library.js:130:9778)
                at async Promise.all (index 2)
      at getDealerAuthContext (lib/rbac.ts:20:46)
      at loadUserPermissions (lib/rbac.ts:101:15)
      at requirePermission (lib/rbac.ts:113:23)
      at Object.<anonymous> (modules/deals/tests/rbac.test.ts:135:5)
      at Object.toThrow (../../node_modules/expect/build/index.js:2155:20)
      at Object.toThrow (modules/deals/tests/rbac.test.ts:137:15)

  ΓùÅ Deals RBAC ΓÇ║ user without finance.read cannot pass requirePermission(finance.read)

    expect(received).rejects.toThrow(expected)

    Expected constructor: ApiError
    Received constructor: PrismaClientKnownRequestError

    Received message: "
    Invalid `prisma.membership.findFirst()` invocation:┬╖┬╖
    Too many database connections opened: FATAL: remaining connection slots are reserved for roles with the SUPERUSER 
attribute
    Prisma Accelerate has built-in connection pooling to prevent such errors: https://pris.ly/client/error-accelerate"

          18 |   dealershipId: string
          19 | ): Promise<DealerAuthContext> {
        > 20 |   const [userRoles, overrides, membership] = await Promise.all([
             |                                              ^
          21 |     prisma.userRole.findMany({
          22 |       where: {
          23 |         userId,

      at zn.handleRequestError (../../node_modules/@prisma/client/runtime/library.js:121:7459)
      at zn.handleAndLogRequestError (../../node_modules/@prisma/client/runtime/library.js:121:6784)
      at zn.request (../../node_modules/@prisma/client/runtime/library.js:121:6491)
      at l (../../node_modules/@prisma/client/runtime/library.js:130:9778)
                at async Promise.all (index 2)
      at getDealerAuthContext (lib/rbac.ts:20:46)
      at loadUserPermissions (lib/rbac.ts:101:15)
      at requirePermission (lib/rbac.ts:113:23)
      at Object.<anonymous> (modules/deals/tests/rbac.test.ts:141:5)
      at Object.toThrow (../../node_modules/expect/build/index.js:2155:20)
      at Object.toThrow (modules/deals/tests/rbac.test.ts:143:15)

  ΓùÅ Deals RBAC ΓÇ║ user with finance.read only cannot pass requirePermission(finance.write)

    expect(received).rejects.toThrow(expected)

    Expected constructor: ApiError
    Received constructor: PrismaClientKnownRequestError

    Received message: "
    Invalid `prisma.membership.findFirst()` invocation:┬╖┬╖
    Too many database connections opened: FATAL: remaining connection slots are reserved for roles with the SUPERUSER 
attribute
    Prisma Accelerate has built-in connection pooling to prevent such errors: https://pris.ly/client/error-accelerate"

          18 |   dealershipId: string
          19 | ): Promise<DealerAuthContext> {
        > 20 |   const [userRoles, overrides, membership] = await Promise.all([
             |                                              ^
          21 |     prisma.userRole.findMany({
          22 |       where: {
          23 |         userId,

      at zn.handleRequestError (../../node_modules/@prisma/client/runtime/library.js:121:7459)
      at zn.handleAndLogRequestError (../../node_modules/@prisma/client/runtime/library.js:121:6784)
      at zn.request (../../node_modules/@prisma/client/runtime/library.js:121:6491)
      at l (../../node_modules/@prisma/client/runtime/library.js:130:9778)
                at async Promise.all (index 2)
      at getDealerAuthContext (lib/rbac.ts:20:46)
      at loadUserPermissions (lib/rbac.ts:101:15)
      at requirePermission (lib/rbac.ts:113:23)
      at Object.<anonymous> (modules/deals/tests/rbac.test.ts:149:5)
      at Object.toThrow (../../node_modules/expect/build/index.js:2155:20)
      at Object.toThrow (modules/deals/tests/rbac.test.ts:151:15)

  ΓùÅ Deals RBAC ΓÇ║ user with finance.read passes requirePermission(finance.read)

    PrismaClientKnownRequestError: 
    Invalid `prisma.userRole.findMany()` invocation:


    Too many database connections opened: FATAL: remaining connection slots are reserved for roles with the SUPERUSER 
attribute
    Prisma Accelerate has built-in connection pooling to prevent such errors: https://pris.ly/client/error-accelerate

      18 |   dealershipId: string
      19 | ): Promise<DealerAuthContext> {
    > 20 |   const [userRoles, overrides, membership] = await Promise.all([
         |                                              ^
      21 |     prisma.userRole.findMany({
      22 |       where: {
      23 |         userId,

      at zn.handleRequestError (../../node_modules/@prisma/client/runtime/library.js:121:7459)
      at zn.handleAndLogRequestError (../../node_modules/@prisma/client/runtime/library.js:121:6784)
      at zn.request (../../node_modules/@prisma/client/runtime/library.js:121:6491)
      at l (../../node_modules/@prisma/client/runtime/library.js:130:9778)
          at async Promise.all (index 0)
      at getDealerAuthContext (lib/rbac.ts:20:46)
      at loadUserPermissions (lib/rbac.ts:101:15)
      at Object.<anonymous> (modules/deals/tests/rbac.test.ts:157:19)


  ΓùÅ  Cannot log after tests are done. Did you forget to wait for something async in your test?
    Attempted to log "prisma:error 
    Invalid `prisma.membership.findFirst()` invocation:


    Too many database connections opened: FATAL: remaining connection slots are reserved for roles with the SUPERUSER 
attribute
    Prisma Accelerate has built-in connection pooling to prevent such errors: https://pris.ly/client/error-accelerate".

      at console.log (../../node_modules/@jest/console/build/index.js:147:10)
      at Object.Kc (../../node_modules/@prisma/client/runtime/library.js:12:432)
      at EventEmitter.<anonymous> (../../node_modules/@prisma/client/runtime/library.js:130:4063)
      at zn.handleAndLogRequestError (../../node_modules/@prisma/client/runtime/library.js:121:6854)
      at zn.request (../../node_modules/@prisma/client/runtime/library.js:121:6491)
      at l (../../node_modules/@prisma/client/runtime/library.js:130:9778)
          at async Promise.all (index 2)

PASS app/api/auth/onboarding-status/route.test.ts
PASS app/api/auth/session/switch/route.test.ts
FAIL modules/inventory/tests/rbac.test.ts
  ΓùÅ Console

    console.log
      prisma:error 
      Invalid `prisma.dealership.upsert()` invocation:
      
      
      Too many database connections opened: FATAL: remaining connection slots are reserved for roles with the 
SUPERUSER attribute

      at Object.Kc (../../node_modules/@prisma/client/runtime/library.js:12:432)

  ΓùÅ Inventory RBAC ΓÇ║ no inventory.read ΓåÆ FORBIDDEN (403) on read operations

    PrismaClientInitializationError: 
    Invalid `prisma.dealership.upsert()` invocation:


    Too many database connections opened: FATAL: remaining connection slots are reserved for roles with the SUPERUSER 
attribute

      14 |
      15 | async function ensureTestData() {
    > 16 |   await prisma.dealership.upsert({
         |   ^
      17 |     where: { id: dealerId },
      18 |     create: { id: dealerId, name: "RBAC Inventory Dealer" },
      19 |     update: {},

      at zn.handleRequestError (../../node_modules/@prisma/client/runtime/library.js:121:7759)
      at zn.handleAndLogRequestError (../../node_modules/@prisma/client/runtime/library.js:121:6784)
      at zn.request (../../node_modules/@prisma/client/runtime/library.js:121:6491)
      at l (../../node_modules/@prisma/client/runtime/library.js:130:9778)
      at ensureTestData (modules/inventory/tests/rbac.test.ts:16:3)
      at Object.<anonymous> (modules/inventory/tests/rbac.test.ts:81:5)

  ΓùÅ Inventory RBAC ΓÇ║ no inventory.write ΓåÆ FORBIDDEN (403) on write operations (POST/PATCH/DELETE)

    PrismaClientInitializationError: 
    Invalid `prisma.dealership.upsert()` invocation:


    Too many database connections opened: FATAL: remaining connection slots are reserved for roles with the SUPERUSER 
attribute

      14 |
      15 | async function ensureTestData() {
    > 16 |   await prisma.dealership.upsert({
         |   ^
      17 |     where: { id: dealerId },
      18 |     create: { id: dealerId, name: "RBAC Inventory Dealer" },
      19 |     update: {},

      at zn.handleRequestError (../../node_modules/@prisma/client/runtime/library.js:121:7759)
      at zn.handleAndLogRequestError (../../node_modules/@prisma/client/runtime/library.js:121:6784)
      at zn.request (../../node_modules/@prisma/client/runtime/library.js:121:6491)
      at l (../../node_modules/@prisma/client/runtime/library.js:130:9778)
      at ensureTestData (modules/inventory/tests/rbac.test.ts:16:3)
      at Object.<anonymous> (modules/inventory/tests/rbac.test.ts:81:5)

  ΓùÅ Inventory RBAC ΓÇ║ user without documents.read cannot pass requirePermission(documents.read) for photo list

    PrismaClientInitializationError: 
    Invalid `prisma.dealership.upsert()` invocation:


    Too many database connections opened: FATAL: remaining connection slots are reserved for roles with the SUPERUSER 
attribute

      14 |
      15 | async function ensureTestData() {
    > 16 |   await prisma.dealership.upsert({
         |   ^
      17 |     where: { id: dealerId },
      18 |     create: { id: dealerId, name: "RBAC Inventory Dealer" },
      19 |     update: {},

      at zn.handleRequestError (../../node_modules/@prisma/client/runtime/library.js:121:7759)
      at zn.handleAndLogRequestError (../../node_modules/@prisma/client/runtime/library.js:121:6784)
      at zn.request (../../node_modules/@prisma/client/runtime/library.js:121:6491)
      at l (../../node_modules/@prisma/client/runtime/library.js:130:9778)
      at ensureTestData (modules/inventory/tests/rbac.test.ts:16:3)
      at Object.<anonymous> (modules/inventory/tests/rbac.test.ts:81:5)

  ΓùÅ Inventory RBAC ΓÇ║ user without documents.write cannot pass requirePermission(documents.write) for photo upload

    PrismaClientInitializationError: 
    Invalid `prisma.dealership.upsert()` invocation:


    Too many database connections opened: FATAL: remaining connection slots are reserved for roles with the SUPERUSER 
attribute

      14 |
      15 | async function ensureTestData() {
    > 16 |   await prisma.dealership.upsert({
         |   ^
      17 |     where: { id: dealerId },
      18 |     create: { id: dealerId, name: "RBAC Inventory Dealer" },
      19 |     update: {},

      at zn.handleRequestError (../../node_modules/@prisma/client/runtime/library.js:121:7759)
      at zn.handleAndLogRequestError (../../node_modules/@prisma/client/runtime/library.js:121:6784)
      at zn.request (../../node_modules/@prisma/client/runtime/library.js:121:6491)
      at l (../../node_modules/@prisma/client/runtime/library.js:130:9778)
      at ensureTestData (modules/inventory/tests/rbac.test.ts:16:3)
      at Object.<anonymous> (modules/inventory/tests/rbac.test.ts:81:5)

FAIL modules/customers/tests/soft-delete.test.ts
  ΓùÅ Console

    console.log
      prisma:error 
      Invalid `prisma.dealership.upsert()` invocation:
      
      
      Too many database connections opened: FATAL: remaining connection slots are reserved for roles with the 
SUPERUSER attribute

      at Object.Kc (../../node_modules/@prisma/client/runtime/library.js:12:432)

  ΓùÅ Customers soft delete ΓÇ║ soft-deleted customer is excluded from list

    PrismaClientInitializationError: 
    Invalid `prisma.dealership.upsert()` invocation:


    Too many database connections opened: FATAL: remaining connection slots are reserved for roles with the SUPERUSER 
attribute

      18 |
      19 | async function ensureTestData(uniqueName?: string): Promise<{ customerId: string }> {
    > 20 |   await prisma.dealership.upsert({
         |   ^
      21 |     where: { id: dealerId },
      22 |     create: { id: dealerId, name: "Soft Delete Dealer" },
      23 |     update: {},

      at zn.handleRequestError (../../node_modules/@prisma/client/runtime/library.js:121:7759)
      at zn.handleAndLogRequestError (../../node_modules/@prisma/client/runtime/library.js:121:6784)
      at zn.request (../../node_modules/@prisma/client/runtime/library.js:121:6491)
      at l (../../node_modules/@prisma/client/runtime/library.js:130:9778)
      at ensureTestData (modules/customers/tests/soft-delete.test.ts:20:3)
      at Object.<anonymous> (modules/customers/tests/soft-delete.test.ts:42:5)

  ΓùÅ Customers soft delete ΓÇ║ soft-deleted customer is excluded from search

    PrismaClientInitializationError: 
    Invalid `prisma.dealership.upsert()` invocation:


    Too many database connections opened: FATAL: remaining connection slots are reserved for roles with the SUPERUSER 
attribute

      18 |
      19 | async function ensureTestData(uniqueName?: string): Promise<{ customerId: string }> {
    > 20 |   await prisma.dealership.upsert({
         |   ^
      21 |     where: { id: dealerId },
      22 |     create: { id: dealerId, name: "Soft Delete Dealer" },
      23 |     update: {},

      at zn.handleRequestError (../../node_modules/@prisma/client/runtime/library.js:121:7759)
      at zn.handleAndLogRequestError (../../node_modules/@prisma/client/runtime/library.js:121:6784)
      at zn.request (../../node_modules/@prisma/client/runtime/library.js:121:6491)
      at l (../../node_modules/@prisma/client/runtime/library.js:130:9778)
      at ensureTestData (modules/customers/tests/soft-delete.test.ts:20:3)
      at Object.<anonymous> (modules/customers/tests/soft-delete.test.ts:42:5)

  ΓùÅ Customers soft delete ΓÇ║ GET customer by id returns NOT_FOUND for soft-deleted customer

    PrismaClientInitializationError: 
    Invalid `prisma.dealership.upsert()` invocation:


    Too many database connections opened: FATAL: remaining connection slots are reserved for roles with the SUPERUSER 
attribute

      18 |
      19 | async function ensureTestData(uniqueName?: string): Promise<{ customerId: string }> {
    > 20 |   await prisma.dealership.upsert({
         |   ^
      21 |     where: { id: dealerId },
      22 |     create: { id: dealerId, name: "Soft Delete Dealer" },
      23 |     update: {},

      at zn.handleRequestError (../../node_modules/@prisma/client/runtime/library.js:121:7759)
      at zn.handleAndLogRequestError (../../node_modules/@prisma/client/runtime/library.js:121:6784)
      at zn.request (../../node_modules/@prisma/client/runtime/library.js:121:6491)
      at l (../../node_modules/@prisma/client/runtime/library.js:130:9778)
      at ensureTestData (modules/customers/tests/soft-delete.test.ts:20:3)
      at Object.<anonymous> (modules/customers/tests/soft-delete.test.ts:42:5)

  ΓùÅ Customers soft delete ΓÇ║ listNotes excludes soft-deleted notes

    PrismaClientInitializationError: 
    Invalid `prisma.dealership.upsert()` invocation:


    Too many database connections opened: FATAL: remaining connection slots are reserved for roles with the SUPERUSER 
attribute

      18 |
      19 | async function ensureTestData(uniqueName?: string): Promise<{ customerId: string }> {
    > 20 |   await prisma.dealership.upsert({
         |   ^
      21 |     where: { id: dealerId },
      22 |     create: { id: dealerId, name: "Soft Delete Dealer" },
      23 |     update: {},

      at zn.handleRequestError (../../node_modules/@prisma/client/runtime/library.js:121:7759)
      at zn.handleAndLogRequestError (../../node_modules/@prisma/client/runtime/library.js:121:6784)
      at zn.request (../../node_modules/@prisma/client/runtime/library.js:121:6491)
      at l (../../node_modules/@prisma/client/runtime/library.js:130:9778)
      at ensureTestData (modules/customers/tests/soft-delete.test.ts:20:3)
      at Object.<anonymous> (modules/customers/tests/soft-delete.test.ts:42:5)

  ΓùÅ Customers soft delete ΓÇ║ listTasks excludes soft-deleted tasks

    PrismaClientInitializationError: 
    Invalid `prisma.dealership.upsert()` invocation:


    Too many database connections opened: FATAL: remaining connection slots are reserved for roles with the SUPERUSER 
attribute

      18 |
      19 | async function ensureTestData(uniqueName?: string): Promise<{ customerId: string }> {
    > 20 |   await prisma.dealership.upsert({
         |   ^
      21 |     where: { id: dealerId },
      22 |     create: { id: dealerId, name: "Soft Delete Dealer" },
      23 |     update: {},

      at zn.handleRequestError (../../node_modules/@prisma/client/runtime/library.js:121:7759)
      at zn.handleAndLogRequestError (../../node_modules/@prisma/client/runtime/library.js:121:6784)
      at zn.request (../../node_modules/@prisma/client/runtime/library.js:121:6491)
      at l (../../node_modules/@prisma/client/runtime/library.js:130:9778)
      at ensureTestData (modules/customers/tests/soft-delete.test.ts:20:3)
      at Object.<anonymous> (modules/customers/tests/soft-delete.test.ts:42:5)

FAIL modules/core-platform/tests/files.test.ts
  ΓùÅ Console

    console.log
      prisma:error 
      Invalid `prisma.dealership.upsert()` invocation:
      
      
      Too many database connections opened: FATAL: remaining connection slots are reserved for roles with the 
SUPERUSER attribute

      at Object.Kc (../../node_modules/@prisma/client/runtime/library.js:12:432)

  ΓùÅ Files ΓÇ║ uploadFile rejects disallowed mime type

    PrismaClientInitializationError: 
    Invalid `prisma.dealership.upsert()` invocation:


    Too many database connections opened: FATAL: remaining connection slots are reserved for roles with the SUPERUSER 
attribute

      15 | (hasDb ? describe : describe.skip)("Files", () => {
      16 |   beforeAll(async () => {
    > 17 |     await prisma.dealership.upsert({
         |     ^
      18 |       where: { id: dealerId },
      19 |       create: { id: dealerId, name: "File Test Dealer" },
      20 |       update: {},

      at zn.handleRequestError (../../node_modules/@prisma/client/runtime/library.js:121:7759)
      at zn.handleAndLogRequestError (../../node_modules/@prisma/client/runtime/library.js:121:6784)
      at zn.request (../../node_modules/@prisma/client/runtime/library.js:121:6491)
      at l (../../node_modules/@prisma/client/runtime/library.js:130:9778)
      at Object.<anonymous> (modules/core-platform/tests/files.test.ts:17:5)

  ΓùÅ Files ΓÇ║ uploadFile rejects file over max size

    PrismaClientInitializationError: 
    Invalid `prisma.dealership.upsert()` invocation:


    Too many database connections opened: FATAL: remaining connection slots are reserved for roles with the SUPERUSER 
attribute

      15 | (hasDb ? describe : describe.skip)("Files", () => {
      16 |   beforeAll(async () => {
    > 17 |     await prisma.dealership.upsert({
         |     ^
      18 |       where: { id: dealerId },
      19 |       create: { id: dealerId, name: "File Test Dealer" },
      20 |       update: {},

      at zn.handleRequestError (../../node_modules/@prisma/client/runtime/library.js:121:7759)
      at zn.handleAndLogRequestError (../../node_modules/@prisma/client/runtime/library.js:121:6784)
      at zn.request (../../node_modules/@prisma/client/runtime/library.js:121:6491)
      at l (../../node_modules/@prisma/client/runtime/library.js:130:9778)
      at Object.<anonymous> (modules/core-platform/tests/files.test.ts:17:5)

  ΓùÅ Files ΓÇ║ createFileObject stores correct dealershipId and uploadedBy

    PrismaClientInitializationError: 
    Invalid `prisma.dealership.upsert()` invocation:


    Too many database connections opened: FATAL: remaining connection slots are reserved for roles with the SUPERUSER 
attribute

      15 | (hasDb ? describe : describe.skip)("Files", () => {
      16 |   beforeAll(async () => {
    > 17 |     await prisma.dealership.upsert({
         |     ^
      18 |       where: { id: dealerId },
      19 |       create: { id: dealerId, name: "File Test Dealer" },
      20 |       update: {},

      at zn.handleRequestError (../../node_modules/@prisma/client/runtime/library.js:121:7759)
      at zn.handleAndLogRequestError (../../node_modules/@prisma/client/runtime/library.js:121:6784)
      at zn.request (../../node_modules/@prisma/client/runtime/library.js:121:6491)
      at l (../../node_modules/@prisma/client/runtime/library.js:130:9778)
      at Object.<anonymous> (modules/core-platform/tests/files.test.ts:17:5)

  ΓùÅ Files ΓÇ║ getFileObjectById returns null for wrong dealership

    PrismaClientInitializationError: 
    Invalid `prisma.dealership.upsert()` invocation:


    Too many database connections opened: FATAL: remaining connection slots are reserved for roles with the SUPERUSER 
attribute

      15 | (hasDb ? describe : describe.skip)("Files", () => {
      16 |   beforeAll(async () => {
    > 17 |     await prisma.dealership.upsert({
         |     ^
      18 |       where: { id: dealerId },
      19 |       create: { id: dealerId, name: "File Test Dealer" },
      20 |       update: {},

      at zn.handleRequestError (../../node_modules/@prisma/client/runtime/library.js:121:7759)
      at zn.handleAndLogRequestError (../../node_modules/@prisma/client/runtime/library.js:121:6784)
      at zn.request (../../node_modules/@prisma/client/runtime/library.js:121:6491)
      at l (../../node_modules/@prisma/client/runtime/library.js:130:9778)
      at Object.<anonymous> (modules/core-platform/tests/files.test.ts:17:5)

  ΓùÅ Files ΓÇ║ getSignedUrl with fileId from another dealership throws NOT_FOUND (no existence leak)

    PrismaClientInitializationError: 
    Invalid `prisma.dealership.upsert()` invocation:


    Too many database connections opened: FATAL: remaining connection slots are reserved for roles with the SUPERUSER 
attribute

      15 | (hasDb ? describe : describe.skip)("Files", () => {
      16 |   beforeAll(async () => {
    > 17 |     await prisma.dealership.upsert({
         |     ^
      18 |       where: { id: dealerId },
      19 |       create: { id: dealerId, name: "File Test Dealer" },
      20 |       update: {},

      at zn.handleRequestError (../../node_modules/@prisma/client/runtime/library.js:121:7759)
      at zn.handleAndLogRequestError (../../node_modules/@prisma/client/runtime/library.js:121:6784)
      at zn.request (../../node_modules/@prisma/client/runtime/library.js:121:6491)
      at l (../../node_modules/@prisma/client/runtime/library.js:130:9778)
      at Object.<anonymous> (modules/core-platform/tests/files.test.ts:17:5)

PASS components/journey-bar/__tests__/SegmentedJourneyBar.test.tsx
  ΓùÅ Console

    console.error
      An update to SegmentedJourneyBar inside a test was not wrapped in act(...).
      
      When testing, code that causes React state updates should be wrapped into act(...):
      
      act(() => {
        /* fire events that update state */
      });
      /* assert on the output */
      
      This ensures that you're testing the behavior the user would see in the browser. Learn more at 
https://react.dev/link/wrap-tests-with-act

      113 |       try {
      114 |         await onStageChange(newStageId);
    > 115 |         setPopoverStageId(null);
          |         ^
      116 |       } finally {
      117 |         setTransitioning(false);
      118 |       }

      at ../../node_modules/react-dom/cjs/react-dom-client.development.js:18758:19
      at runWithFiberInDEV (../../node_modules/react-dom/cjs/react-dom-client.development.js:874:13)
      at warnIfUpdatesNotWrappedWithActDEV (../../node_modules/react-dom/cjs/react-dom-client.development.js:18757:9)
      at scheduleUpdateOnFiber (../../node_modules/react-dom/cjs/react-dom-client.development.js:16409:11)
      at dispatchSetStateInternal (../../node_modules/react-dom/cjs/react-dom-client.development.js:9170:13)
      at dispatchSetState (../../node_modules/react-dom/cjs/react-dom-client.development.js:9127:7)
      at setPopoverStageId (components/journey-bar/SegmentedJourneyBar.tsx:115:9)

    console.error
      An update to SegmentedJourneyBar inside a test was not wrapped in act(...).
      
      When testing, code that causes React state updates should be wrapped into act(...):
      
      act(() => {
        /* fire events that update state */
      });
      /* assert on the output */
      
      This ensures that you're testing the behavior the user would see in the browser. Learn more at 
https://react.dev/link/wrap-tests-with-act

      115 |         setPopoverStageId(null);
      116 |       } finally {
    > 117 |         setTransitioning(false);
          |         ^
      118 |       }
      119 |     },
      120 |     [currentStageId, onStageChange]

      at ../../node_modules/react-dom/cjs/react-dom-client.development.js:18758:19
      at runWithFiberInDEV (../../node_modules/react-dom/cjs/react-dom-client.development.js:874:13)
      at warnIfUpdatesNotWrappedWithActDEV (../../node_modules/react-dom/cjs/react-dom-client.development.js:18757:9)
      at scheduleUpdateOnFiber (../../node_modules/react-dom/cjs/react-dom-client.development.js:16409:11)
      at dispatchSetStateInternal (../../node_modules/react-dom/cjs/react-dom-client.development.js:9170:13)
      at dispatchSetState (../../node_modules/react-dom/cjs/react-dom-client.development.js:9127:7)
      at setTransitioning (components/journey-bar/SegmentedJourneyBar.tsx:117:9)

FAIL modules/core-platform/tests/rbac.test.ts
  ΓùÅ Console

    console.log
      prisma:error 
      Invalid `prisma.dealership.upsert()` invocation:
      
      
      Too many database connections opened: FATAL: remaining connection slots are reserved for roles with the 
SUPERUSER attribute

      at Object.Kc (../../node_modules/@prisma/client/runtime/library.js:12:432)

  ΓùÅ RBAC ΓÇ║ Sales role does not have admin.roles.write

    PrismaClientInitializationError: 
    Invalid `prisma.dealership.upsert()` invocation:


    Too many database connections opened: FATAL: remaining connection slots are reserved for roles with the SUPERUSER 
attribute

      12 |
      13 | async function ensureSalesUser() {
    > 14 |   await prisma.dealership.upsert({
         |   ^
      15 |     where: { id: dealerId },
      16 |     create: { id: dealerId, name: "RBAC Test Dealer" },
      17 |     update: {},

      at zn.handleRequestError (../../node_modules/@prisma/client/runtime/library.js:121:7759)
      at zn.handleAndLogRequestError (../../node_modules/@prisma/client/runtime/library.js:121:6784)
      at zn.request (../../node_modules/@prisma/client/runtime/library.js:121:6491)
      at l (../../node_modules/@prisma/client/runtime/library.js:130:9778)
      at ensureSalesUser (modules/core-platform/tests/rbac.test.ts:14:3)
      at Object.<anonymous> (modules/core-platform/tests/rbac.test.ts:51:5)

  ΓùÅ RBAC ΓÇ║ requirePermission(admin.roles.write) throws FORBIDDEN for Sales user

    PrismaClientInitializationError: 
    Invalid `prisma.dealership.upsert()` invocation:


    Too many database connections opened: FATAL: remaining connection slots are reserved for roles with the SUPERUSER 
attribute

      12 |
      13 | async function ensureSalesUser() {
    > 14 |   await prisma.dealership.upsert({
         |   ^
      15 |     where: { id: dealerId },
      16 |     create: { id: dealerId, name: "RBAC Test Dealer" },
      17 |     update: {},

      at zn.handleRequestError (../../node_modules/@prisma/client/runtime/library.js:121:7759)
      at zn.handleAndLogRequestError (../../node_modules/@prisma/client/runtime/library.js:121:6784)
      at zn.request (../../node_modules/@prisma/client/runtime/library.js:121:6491)
      at l (../../node_modules/@prisma/client/runtime/library.js:130:9778)
      at ensureSalesUser (modules/core-platform/tests/rbac.test.ts:14:3)
      at Object.<anonymous> (modules/core-platform/tests/rbac.test.ts:51:5)

  ΓùÅ RBAC ΓÇ║ requirePermission(admin.permissions.read) throws FORBIDDEN for user without it

    PrismaClientInitializationError: 
    Invalid `prisma.dealership.upsert()` invocation:


    Too many database connections opened: FATAL: remaining connection slots are reserved for roles with the SUPERUSER 
attribute

      12 |
      13 | async function ensureSalesUser() {
    > 14 |   await prisma.dealership.upsert({
         |   ^
      15 |     where: { id: dealerId },
      16 |     create: { id: dealerId, name: "RBAC Test Dealer" },
      17 |     update: {},

      at zn.handleRequestError (../../node_modules/@prisma/client/runtime/library.js:121:7759)
      at zn.handleAndLogRequestError (../../node_modules/@prisma/client/runtime/library.js:121:6784)
      at zn.request (../../node_modules/@prisma/client/runtime/library.js:121:6491)
      at l (../../node_modules/@prisma/client/runtime/library.js:130:9778)
      at ensureSalesUser (modules/core-platform/tests/rbac.test.ts:14:3)
      at Object.<anonymous> (modules/core-platform/tests/rbac.test.ts:51:5)

  ΓùÅ RBAC ΓÇ║ requirePermission(admin.audit.read) throws FORBIDDEN for user without it

    PrismaClientInitializationError: 
    Invalid `prisma.dealership.upsert()` invocation:


    Too many database connections opened: FATAL: remaining connection slots are reserved for roles with the SUPERUSER 
attribute

      12 |
      13 | async function ensureSalesUser() {
    > 14 |   await prisma.dealership.upsert({
         |   ^
      15 |     where: { id: dealerId },
      16 |     create: { id: dealerId, name: "RBAC Test Dealer" },
      17 |     update: {},

      at zn.handleRequestError (../../node_modules/@prisma/client/runtime/library.js:121:7759)
      at zn.handleAndLogRequestError (../../node_modules/@prisma/client/runtime/library.js:121:6784)
      at zn.request (../../node_modules/@prisma/client/runtime/library.js:121:6491)
      at l (../../node_modules/@prisma/client/runtime/library.js:130:9778)
      at ensureSalesUser (modules/core-platform/tests/rbac.test.ts:14:3)
      at Object.<anonymous> (modules/core-platform/tests/rbac.test.ts:51:5)

  ΓùÅ RBAC ΓÇ║ requirePermission(admin.memberships.write) throws FORBIDDEN for user without it

    PrismaClientInitializationError: 
    Invalid `prisma.dealership.upsert()` invocation:


    Too many database connections opened: FATAL: remaining connection slots are reserved for roles with the SUPERUSER 
attribute

      12 |
      13 | async function ensureSalesUser() {
    > 14 |   await prisma.dealership.upsert({
         |   ^
      15 |     where: { id: dealerId },
      16 |     create: { id: dealerId, name: "RBAC Test Dealer" },
      17 |     update: {},

      at zn.handleRequestError (../../node_modules/@prisma/client/runtime/library.js:121:7759)
      at zn.handleAndLogRequestError (../../node_modules/@prisma/client/runtime/library.js:121:6784)
      at zn.request (../../node_modules/@prisma/client/runtime/library.js:121:6491)
      at l (../../node_modules/@prisma/client/runtime/library.js:130:9778)
      at ensureSalesUser (modules/core-platform/tests/rbac.test.ts:14:3)
      at Object.<anonymous> (modules/core-platform/tests/rbac.test.ts:51:5)

  ΓùÅ RBAC ΓÇ║ requirePermission(documents.read) and documents.write throw FORBIDDEN when missing

    PrismaClientInitializationError: 
    Invalid `prisma.dealership.upsert()` invocation:


    Too many database connections opened: FATAL: remaining connection slots are reserved for roles with the SUPERUSER 
attribute

      12 |
      13 | async function ensureSalesUser() {
    > 14 |   await prisma.dealership.upsert({
         |   ^
      15 |     where: { id: dealerId },
      16 |     create: { id: dealerId, name: "RBAC Test Dealer" },
      17 |     update: {},

      at zn.handleRequestError (../../node_modules/@prisma/client/runtime/library.js:121:7759)
      at zn.handleAndLogRequestError (../../node_modules/@prisma/client/runtime/library.js:121:6784)
      at zn.request (../../node_modules/@prisma/client/runtime/library.js:121:6491)
      at l (../../node_modules/@prisma/client/runtime/library.js:130:9778)
      at ensureSalesUser (modules/core-platform/tests/rbac.test.ts:14:3)
      at Object.<anonymous> (modules/core-platform/tests/rbac.test.ts:51:5)

PASS modules/customers/ui/__tests__/customers-ui.test.tsx
PASS contexts/__tests__/dealer-lifecycle-context.test.tsx
PASS app/(app)/get-started/__tests__/GetStartedClient.test.tsx
FAIL modules/core-platform/tests/tenant-isolation.test.ts
  ΓùÅ Console

    console.log
      prisma:error 
      Invalid `prisma.dealership.upsert()` invocation:
      
      
      Too many database connections opened: FATAL: remaining connection slots are reserved for roles with the 
SUPERUSER attribute

      at Object.Kc (../../node_modules/@prisma/client/runtime/library.js:12:432)

  ΓùÅ Tenant isolation ΓÇ║ listMemberships for Dealer B does not return Dealer A members

    PrismaClientInitializationError: 
    Invalid `prisma.dealership.upsert()` invocation:


    Too many database connections opened: FATAL: remaining connection slots are reserved for roles with the SUPERUSER 
attribute

      16 |
      17 | async function ensureTestData() {
    > 18 |   await prisma.dealership.upsert({
         |   ^
      19 |     where: { id: dealerAId },
      20 |     create: { id: dealerAId, name: "Dealer A" },
      21 |     update: {},

      at zn.handleRequestError (../../node_modules/@prisma/client/runtime/library.js:121:7759)
      at zn.handleAndLogRequestError (../../node_modules/@prisma/client/runtime/library.js:121:6784)
      at zn.request (../../node_modules/@prisma/client/runtime/library.js:121:6491)
      at l (../../node_modules/@prisma/client/runtime/library.js:130:9778)
      at ensureTestData (modules/core-platform/tests/tenant-isolation.test.ts:18:3)
      at Object.<anonymous> (modules/core-platform/tests/tenant-isolation.test.ts:57:5)

  ΓùÅ Tenant isolation ΓÇ║ getMembershipById with wrong dealership returns null

    PrismaClientInitializationError: 
    Invalid `prisma.dealership.upsert()` invocation:


    Too many database connections opened: FATAL: remaining connection slots are reserved for roles with the SUPERUSER 
attribute

      16 |
      17 | async function ensureTestData() {
    > 18 |   await prisma.dealership.upsert({
         |   ^
      19 |     where: { id: dealerAId },
      20 |     create: { id: dealerAId, name: "Dealer A" },
      21 |     update: {},

      at zn.handleRequestError (../../node_modules/@prisma/client/runtime/library.js:121:7759)
      at zn.handleAndLogRequestError (../../node_modules/@prisma/client/runtime/library.js:121:6784)
      at zn.request (../../node_modules/@prisma/client/runtime/library.js:121:6491)
      at l (../../node_modules/@prisma/client/runtime/library.js:130:9778)
      at ensureTestData (modules/core-platform/tests/tenant-isolation.test.ts:18:3)
      at Object.<anonymous> (modules/core-platform/tests/tenant-isolation.test.ts:57:5)

  ΓùÅ Tenant isolation ΓÇ║ listAuditLogs for Dealer B does not return Dealer A audit rows

    PrismaClientInitializationError: 
    Invalid `prisma.dealership.upsert()` invocation:


    Too many database connections opened: FATAL: remaining connection slots are reserved for roles with the SUPERUSER 
attribute

      16 |
      17 | async function ensureTestData() {
    > 18 |   await prisma.dealership.upsert({
         |   ^
      19 |     where: { id: dealerAId },
      20 |     create: { id: dealerAId, name: "Dealer A" },
      21 |     update: {},

      at zn.handleRequestError (../../node_modules/@prisma/client/runtime/library.js:121:7759)
      at zn.handleAndLogRequestError (../../node_modules/@prisma/client/runtime/library.js:121:6784)
      at zn.request (../../node_modules/@prisma/client/runtime/library.js:121:6491)
      at l (../../node_modules/@prisma/client/runtime/library.js:130:9778)
      at ensureTestData (modules/core-platform/tests/tenant-isolation.test.ts:18:3)
      at Object.<anonymous> (modules/core-platform/tests/tenant-isolation.test.ts:57:5)

  ΓùÅ Tenant isolation ΓÇ║ getRoleById with wrong dealership returns null

    PrismaClientInitializationError: 
    Invalid `prisma.dealership.upsert()` invocation:


    Too many database connections opened: FATAL: remaining connection slots are reserved for roles with the SUPERUSER 
attribute

      16 |
      17 | async function ensureTestData() {
    > 18 |   await prisma.dealership.upsert({
         |   ^
      19 |     where: { id: dealerAId },
      20 |     create: { id: dealerAId, name: "Dealer A" },
      21 |     update: {},

      at zn.handleRequestError (../../node_modules/@prisma/client/runtime/library.js:121:7759)
      at zn.handleAndLogRequestError (../../node_modules/@prisma/client/runtime/library.js:121:6784)
      at zn.request (../../node_modules/@prisma/client/runtime/library.js:121:6491)
      at l (../../node_modules/@prisma/client/runtime/library.js:130:9778)
      at ensureTestData (modules/core-platform/tests/tenant-isolation.test.ts:18:3)
      at Object.<anonymous> (modules/core-platform/tests/tenant-isolation.test.ts:57:5)

  ΓùÅ Tenant isolation ΓÇ║ getLocationById with wrong dealership returns null

    PrismaClientInitializationError: 
    Invalid `prisma.dealership.upsert()` invocation:


    Too many database connections opened: FATAL: remaining connection slots are reserved for roles with the SUPERUSER 
attribute

      16 |
      17 | async function ensureTestData() {
    > 18 |   await prisma.dealership.upsert({
         |   ^
      19 |     where: { id: dealerAId },
      20 |     create: { id: dealerAId, name: "Dealer A" },
      21 |     update: {},

      at zn.handleRequestError (../../node_modules/@prisma/client/runtime/library.js:121:7759)
      at zn.handleAndLogRequestError (../../node_modules/@prisma/client/runtime/library.js:121:6784)
      at zn.request (../../node_modules/@prisma/client/runtime/library.js:121:6491)
      at l (../../node_modules/@prisma/client/runtime/library.js:130:9778)
      at ensureTestData (modules/core-platform/tests/tenant-isolation.test.ts:18:3)
      at Object.<anonymous> (modules/core-platform/tests/tenant-isolation.test.ts:57:5)

PASS app/api/internal/monitoring/rate-limits/route.test.ts
PASS tests/ui-tokens-policy.test.ts
PASS app/api/internal/monitoring/job-runs/route.test.ts
PASS app/api/internal/monitoring/maintenance/run/route.test.ts
FAIL modules/core-platform/tests/session-switch.test.ts
  ΓùÅ Console

    console.log
      prisma:error 
      Invalid `prisma.dealership.upsert()` invocation:
      
      
      Too many database connections opened: FATAL: remaining connection slots are reserved for roles with the 
SUPERUSER attribute

      at Object.Kc (../../node_modules/@prisma/client/runtime/library.js:12:432)

  ΓùÅ Session switch ΓÇ║ PATCH session/switch with dealershipId user is not a member of returns FORBIDDEN and cookie 
is not set

    PrismaClientInitializationError: 
    Invalid `prisma.dealership.upsert()` invocation:


    Too many database connections opened: FATAL: remaining connection slots are reserved for roles with the SUPERUSER 
attribute

      12 |
      13 | async function ensureTestData() {
    > 14 |   await prisma.dealership.upsert({
         |   ^
      15 |     where: { id: dealerAId },
      16 |     create: { id: dealerAId, name: "Switch Test A" },
      17 |     update: {},

      at zn.handleRequestError (../../node_modules/@prisma/client/runtime/library.js:121:7759)
      at zn.handleAndLogRequestError (../../node_modules/@prisma/client/runtime/library.js:121:6784)
      at zn.request (../../node_modules/@prisma/client/runtime/library.js:121:6491)
      at l (../../node_modules/@prisma/client/runtime/library.js:130:9778)
      at ensureTestData (modules/core-platform/tests/session-switch.test.ts:14:3)
      at Object.<anonymous> (modules/core-platform/tests/session-switch.test.ts:87:5)

PASS app/api/inventory/dashboard/route.test.ts
PASS modules/crm-pipeline-automation/tests/dealer-job-run.test.ts
PASS lib/money.test.ts
PASS app/(app)/dashboard/__tests__/page.test.tsx
PASS lib/api/rate-limit.test.ts
PASS app/(app)/dashboard/__tests__/switchDealership-render.test.tsx
FAIL modules/inventory/tests/upload-validation.test.ts
  ΓùÅ Console

    console.log
      prisma:error 
      Invalid `prisma.dealership.upsert()` invocation:
      
      
      Too many database connections opened: FATAL: remaining connection slots are reserved for roles with the 
SUPERUSER attribute

      at Object.Kc (../../node_modules/@prisma/client/runtime/library.js:12:432)

  ΓùÅ Inventory photo upload validation ΓÇ║ rejects disallowed mime type with VALIDATION_ERROR

    PrismaClientInitializationError: 
    Invalid `prisma.dealership.upsert()` invocation:


    Too many database connections opened: FATAL: remaining connection slots are reserved for roles with the SUPERUSER 
attribute

      23 |
      24 | async function ensureVehicle(): Promise<string> {
    > 25 |   await prisma.dealership.upsert({
         |   ^
      26 |     where: { id: dealerId },
      27 |     create: { id: dealerId, name: "Upload Validation Dealer" },
      28 |     update: {},

      at zn.handleRequestError (../../node_modules/@prisma/client/runtime/library.js:121:7759)
      at zn.handleAndLogRequestError (../../node_modules/@prisma/client/runtime/library.js:121:6784)
      at zn.request (../../node_modules/@prisma/client/runtime/library.js:121:6491)
      at l (../../node_modules/@prisma/client/runtime/library.js:130:9778)
      at ensureVehicle (modules/inventory/tests/upload-validation.test.ts:25:3)
      at Object.<anonymous> (modules/inventory/tests/upload-validation.test.ts:51:5)

  ΓùÅ Inventory photo upload validation ΓÇ║ rejects oversized file with VALIDATION_ERROR

    PrismaClientInitializationError: 
    Invalid `prisma.dealership.upsert()` invocation:


    Too many database connections opened: FATAL: remaining connection slots are reserved for roles with the SUPERUSER 
attribute

      23 |
      24 | async function ensureVehicle(): Promise<string> {
    > 25 |   await prisma.dealership.upsert({
         |   ^
      26 |     where: { id: dealerId },
      27 |     create: { id: dealerId, name: "Upload Validation Dealer" },
      28 |     update: {},

      at zn.handleRequestError (../../node_modules/@prisma/client/runtime/library.js:121:7759)
      at zn.handleAndLogRequestError (../../node_modules/@prisma/client/runtime/library.js:121:6784)
      at zn.request (../../node_modules/@prisma/client/runtime/library.js:121:6491)
      at l (../../node_modules/@prisma/client/runtime/library.js:130:9778)
      at ensureVehicle (modules/inventory/tests/upload-validation.test.ts:25:3)
      at Object.<anonymous> (modules/inventory/tests/upload-validation.test.ts:51:5)

PASS app/(app)/customers/__tests__/page.test.tsx
PASS app/platform/__tests__/create-invite-validation.test.tsx
PASS modules/inventory/tests/vin-decode.test.ts
PASS tests/portal-split/owner-invite-internal.test.ts
PASS components/dashboard-v3/__tests__/dashboard-snapshots.test.tsx
PASS modules/crm-pipeline-automation/ui/__tests__/error-handling.test.tsx
  ΓùÅ Console

    console.error
      An update to JobsPage inside a test was not wrapped in act(...).
      
      When testing, code that causes React state updates should be wrapped into act(...):
      
      act(() => {
        /* fire events that update state */
      });
      /* assert on the output */
      
      This ensures that you're testing the behavior the user would see in the browser. Learn more at 
https://react.dev/link/wrap-tests-with-act

      72 |   const handleRunWorker = async () => {
      73 |     if (!canWrite) return;
    > 74 |     setRunLoading(true);
         |     ^
      75 |     try {
      76 |       const d = await apiFetch<{ data: { processed: number; failed: number; deadLetter: number } 
}>("/api/crm/jobs/run", { method: "POST" });
      77 |       const result = d?.data;

      at ../../node_modules/react-dom/cjs/react-dom-client.development.js:18758:19
      at runWithFiberInDEV (../../node_modules/react-dom/cjs/react-dom-client.development.js:874:13)
      at warnIfUpdatesNotWrappedWithActDEV (../../node_modules/react-dom/cjs/react-dom-client.development.js:18757:9)
      at scheduleUpdateOnFiber (../../node_modules/react-dom/cjs/react-dom-client.development.js:16409:11)
      at dispatchSetStateInternal (../../node_modules/react-dom/cjs/react-dom-client.development.js:9170:13)
      at dispatchSetState (../../node_modules/react-dom/cjs/react-dom-client.development.js:9127:7)
      at setRunLoading (modules/crm-pipeline-automation/ui/JobsPage.tsx:74:5)
      at executeDispatch (../../node_modules/react-dom/cjs/react-dom-client.development.js:19116:9)
      at runWithFiberInDEV (../../node_modules/react-dom/cjs/react-dom-client.development.js:874:13)
      at processDispatchQueue (../../node_modules/react-dom/cjs/react-dom-client.development.js:19166:19)
      at ../../node_modules/react-dom/cjs/react-dom-client.development.js:19767:9
      at batchedUpdates$1 (../../node_modules/react-dom/cjs/react-dom-client.development.js:3255:40)
      at dispatchEventForPluginEventSystem (../../node_modules/react-dom/cjs/react-dom-client.development.js:19320:7)
      at dispatchEvent (../../node_modules/react-dom/cjs/react-dom-client.development.js:23585:11)
      at dispatchDiscreteEvent (../../node_modules/react-dom/cjs/react-dom-client.development.js:23553:11)
      at HTMLDivElement.callTheUserObjectsOperation 
(../../node_modules/jsdom/lib/jsdom/living/generated/EventListener.js:26:30)
      at innerInvokeEventListeners (../../node_modules/jsdom/lib/jsdom/living/events/EventTarget-impl.js:350:25)
      at invokeEventListeners (../../node_modules/jsdom/lib/jsdom/living/events/EventTarget-impl.js:286:3)
      at HTMLButtonElementImpl._dispatch (../../node_modules/jsdom/lib/jsdom/living/events/EventTarget-impl.js:233:9)
      at fireAnEvent (../../node_modules/jsdom/lib/jsdom/living/helpers/events.js:18:36)
      at HTMLButtonElementImpl.click (../../node_modules/jsdom/lib/jsdom/living/nodes/HTMLElement-impl.js:85:5)
      at HTMLButtonElement.click (../../node_modules/jsdom/lib/jsdom/living/generated/HTMLElement.js:108:34)
      at Object.click (modules/crm-pipeline-automation/ui/__tests__/error-handling.test.tsx:59:61)

    console.error
      An update to JobsPage inside a test was not wrapped in act(...).
      
      When testing, code that causes React state updates should be wrapped into act(...):
      
      act(() => {
        /* fire events that update state */
      });
      /* assert on the output */
      
      This ensures that you're testing the behavior the user would see in the browser. Learn more at 
https://react.dev/link/wrap-tests-with-act

      72 |   const handleRunWorker = async () => {
      73 |     if (!canWrite) return;
    > 74 |     setRunLoading(true);
         |     ^
      75 |     try {
      76 |       const d = await apiFetch<{ data: { processed: number; failed: number; deadLetter: number } 
}>("/api/crm/jobs/run", { method: "POST" });
      77 |       const result = d?.data;

      at ../../node_modules/react-dom/cjs/react-dom-client.development.js:18758:19
      at runWithFiberInDEV (../../node_modules/react-dom/cjs/react-dom-client.development.js:874:13)
      at warnIfUpdatesNotWrappedWithActDEV (../../node_modules/react-dom/cjs/react-dom-client.development.js:18757:9)
      at scheduleUpdateOnFiber (../../node_modules/react-dom/cjs/react-dom-client.development.js:16409:11)
      at dispatchSetStateInternal (../../node_modules/react-dom/cjs/react-dom-client.development.js:9170:13)
      at dispatchSetState (../../node_modules/react-dom/cjs/react-dom-client.development.js:9127:7)
      at setRunLoading (modules/crm-pipeline-automation/ui/JobsPage.tsx:74:5)
      at executeDispatch (../../node_modules/react-dom/cjs/react-dom-client.development.js:19116:9)
      at runWithFiberInDEV (../../node_modules/react-dom/cjs/react-dom-client.development.js:874:13)
      at processDispatchQueue (../../node_modules/react-dom/cjs/react-dom-client.development.js:19166:19)
      at ../../node_modules/react-dom/cjs/react-dom-client.development.js:19767:9
      at batchedUpdates$1 (../../node_modules/react-dom/cjs/react-dom-client.development.js:3255:40)
      at dispatchEventForPluginEventSystem (../../node_modules/react-dom/cjs/react-dom-client.development.js:19320:7)
      at dispatchEvent (../../node_modules/react-dom/cjs/react-dom-client.development.js:23585:11)
      at dispatchDiscreteEvent (../../node_modules/react-dom/cjs/react-dom-client.development.js:23553:11)
      at HTMLDivElement.callTheUserObjectsOperation 
(../../node_modules/jsdom/lib/jsdom/living/generated/EventListener.js:26:30)
      at innerInvokeEventListeners (../../node_modules/jsdom/lib/jsdom/living/events/EventTarget-impl.js:350:25)
      at invokeEventListeners (../../node_modules/jsdom/lib/jsdom/living/events/EventTarget-impl.js:286:3)
      at HTMLButtonElementImpl._dispatch (../../node_modules/jsdom/lib/jsdom/living/events/EventTarget-impl.js:233:9)
      at fireAnEvent (../../node_modules/jsdom/lib/jsdom/living/helpers/events.js:18:36)
      at HTMLButtonElementImpl.click (../../node_modules/jsdom/lib/jsdom/living/nodes/HTMLElement-impl.js:85:5)
      at HTMLButtonElement.click (../../node_modules/jsdom/lib/jsdom/living/generated/HTMLElement.js:108:34)
      at Object.click (modules/crm-pipeline-automation/ui/__tests__/error-handling.test.tsx:71:61)

PASS app/platform/__tests__/xss-safety.test.tsx
PASS lib/job-run-stats.test.ts
PASS components/dashboard-v3/__tests__/dashboard-style-policy.test.ts
PASS modules/crm-pipeline-automation/ui/__tests__/journey-bar-widget.test.tsx
PASS app/api/deals/route.tenant-status.test.ts
FAIL modules/core-platform/tests/permissions-list.test.ts
  ΓùÅ Console

    console.log
      prisma:error 
      Invalid `prisma.permission.findMany()` invocation:
      
      
      Too many database connections opened: FATAL: remaining connection slots are reserved for roles with the 
SUPERUSER attribute

      at Object.Kc (../../node_modules/@prisma/client/runtime/library.js:12:432)
          at async Promise.all (index 0)

    console.log
      prisma:error 
      Invalid `prisma.permission.count()` invocation:
      
      
      Too many database connections opened: FATAL: remaining connection slots are reserved for roles with the 
SUPERUSER attribute

      at Object.Kc (../../node_modules/@prisma/client/runtime/library.js:12:432)
          at async Promise.all (index 1)

    console.log
      prisma:error 
      Invalid `prisma.permission.findMany()` invocation:
      
      
      Too many database connections opened: FATAL: remaining connection slots are reserved for roles with the 
SUPERUSER attribute

      at Object.Kc (../../node_modules/@prisma/client/runtime/library.js:12:432)
          at async Promise.all (index 0)

    console.log
      prisma:error 
      Invalid `prisma.permission.count()` invocation:
      
      
      Too many database connections opened: FATAL: remaining connection slots are reserved for roles with the 
SUPERUSER attribute

      at Object.Kc (../../node_modules/@prisma/client/runtime/library.js:12:432)
          at async Promise.all (index 1)

    console.log
      prisma:error 
      Invalid `prisma.permission.findMany()` invocation:
      
      
      Too many database connections opened: FATAL: remaining connection slots are reserved for roles with the 
SUPERUSER attribute

      at Object.Kc (../../node_modules/@prisma/client/runtime/library.js:12:432)
          at async Promise.all (index 0)

    console.log
      prisma:error 
      Invalid `prisma.permission.count()` invocation:
      
      
      Too many database connections opened: FATAL: remaining connection slots are reserved for roles with the 
SUPERUSER attribute

      at Object.Kc (../../node_modules/@prisma/client/runtime/library.js:12:432)
          at async Promise.all (index 1)

  ΓùÅ Permissions list pagination and filter ΓÇ║ returns first page with correct size and total

    PrismaClientInitializationError: 
    Invalid `prisma.permission.findMany()` invocation:


    Too many database connections opened: FATAL: remaining connection slots are reserved for roles with the SUPERUSER 
attribute

      12 |   options: { limit: number; offset: number } = { limit: 100, offset: 0 }
      13 | ) {
    > 14 |   const [data, total] = await Promise.all([
         |                         ^
      15 |     prisma.permission.findMany({
      16 |       where: where ?? undefined,
      17 |       orderBy: [{ module: "asc" }, { key: "asc" }],

      at zn.handleRequestError (../../node_modules/@prisma/client/runtime/library.js:121:7759)
      at zn.handleAndLogRequestError (../../node_modules/@prisma/client/runtime/library.js:121:6784)
      at zn.request (../../node_modules/@prisma/client/runtime/library.js:121:6491)
      at l (../../node_modules/@prisma/client/runtime/library.js:130:9778)
          at async Promise.all (index 0)
      at Object.listPermissionsPaginated (modules/core-platform/db/permission.ts:14:25)
      at Object.<anonymous> (modules/core-platform/tests/permissions-list.test.ts:62:29)

  ΓùÅ Permissions list pagination and filter ΓÇ║ returns second page with different rows

    PrismaClientInitializationError: 
    Invalid `prisma.permission.findMany()` invocation:


    Too many database connections opened: FATAL: remaining connection slots are reserved for roles with the SUPERUSER 
attribute

      12 |   options: { limit: number; offset: number } = { limit: 100, offset: 0 }
      13 | ) {
    > 14 |   const [data, total] = await Promise.all([
         |                         ^
      15 |     prisma.permission.findMany({
      16 |       where: where ?? undefined,
      17 |       orderBy: [{ module: "asc" }, { key: "asc" }],

      at zn.handleRequestError (../../node_modules/@prisma/client/runtime/library.js:121:7759)
      at zn.handleAndLogRequestError (../../node_modules/@prisma/client/runtime/library.js:121:6784)
      at zn.request (../../node_modules/@prisma/client/runtime/library.js:121:6491)
      at l (../../node_modules/@prisma/client/runtime/library.js:130:9778)
          at async Promise.all (index 0)
      at Object.listPermissionsPaginated (modules/core-platform/db/permission.ts:14:25)
      at Object.<anonymous> (modules/core-platform/tests/permissions-list.test.ts:75:19)

  ΓùÅ Permissions list pagination and filter ΓÇ║ module filter applies to both total and data

    PrismaClientInitializationError: 
    Invalid `prisma.permission.findMany()` invocation:


    Too many database connections opened: FATAL: remaining connection slots are reserved for roles with the SUPERUSER 
attribute

      12 |   options: { limit: number; offset: number } = { limit: 100, offset: 0 }
      13 | ) {
    > 14 |   const [data, total] = await Promise.all([
         |                         ^
      15 |     prisma.permission.findMany({
      16 |       where: where ?? undefined,
      17 |       orderBy: [{ module: "asc" }, { key: "asc" }],

      at zn.handleRequestError (../../node_modules/@prisma/client/runtime/library.js:121:7759)
      at zn.handleAndLogRequestError (../../node_modules/@prisma/client/runtime/library.js:121:6784)
      at zn.request (../../node_modules/@prisma/client/runtime/library.js:121:6491)
      at l (../../node_modules/@prisma/client/runtime/library.js:130:9778)
          at async Promise.all (index 0)
      at Object.listPermissionsPaginated (modules/core-platform/db/permission.ts:14:25)
      at Object.<anonymous> (modules/core-platform/tests/permissions-list.test.ts:92:7)

FAIL modules/customers/tests/activity.test.ts (6.792 s)
  ΓùÅ Console

    console.log
      prisma:error 
      Invalid `prisma.customerActivity.findMany()` invocation:
      
      
      Too many database connections opened: FATAL: remaining connection slots are reserved for roles with the 
SUPERUSER attribute
      Prisma Accelerate has built-in connection pooling to prevent such errors: https://pris.ly/client/error-accelerate

      at Object.Kc (../../node_modules/@prisma/client/runtime/library.js:12:432)
          at async Promise.all (index 0)

  ΓùÅ Customers activity ΓÇ║ listActivity returns activity for customer

    PrismaClientKnownRequestError: 
    Invalid `prisma.customerActivity.findMany()` invocation:


    Too many database connections opened: FATAL: remaining connection slots are reserved for roles with the SUPERUSER 
attribute
    Prisma Accelerate has built-in connection pooling to prevent such errors: https://pris.ly/client/error-accelerate

      35 |   const { limit, offset } = options;
      36 |   const where = { dealershipId, customerId };
    > 37 |   const [data, total] = await Promise.all([
         |                         ^
      38 |     prisma.customerActivity.findMany({
      39 |       where,
      40 |       orderBy: { createdAt: "desc" },

      at zn.handleRequestError (../../node_modules/@prisma/client/runtime/library.js:121:7459)
      at zn.handleAndLogRequestError (../../node_modules/@prisma/client/runtime/library.js:121:6784)
      at zn.request (../../node_modules/@prisma/client/runtime/library.js:121:6491)
      at l (../../node_modules/@prisma/client/runtime/library.js:130:9778)
          at async Promise.all (index 0)
      at Object.listActivity (modules/customers/db/activity.ts:37:25)
      at Object.<anonymous> (modules/customers/tests/activity.test.ts:140:29)

PASS lib/rate-limit-stats.test.ts
PASS app/api/internal/monitoring/job-runs/daily/route.test.ts
PASS app/api/internal/monitoring/rate-limits/daily/route.test.ts
PASS lib/tenant-status.test.ts
PASS lib/api/errors.test.ts
PASS app/api/auth/session/route.test.ts
PASS modules/deals/tests/deal-transitions.test.ts
PASS modules/lender-integration/tests/unit/permission-gate.test.ts
PASS app/platform/__tests__/layout.test.tsx
PASS modules/crm-pipeline-automation/tests/job-worker-tenant.test.ts
  ΓùÅ Console

    console.log
      {"level":"info","ts":"2026-03-05T18:23:35.436Z","app":"dealer","env":"test","requestId":"b5a26095-bdd0-48a3-94b2-
833d3183ce56","dealershipId":"deal-1","route":"job-worker","durationMs":0,"skippedReason":"tenant_not_active","lifecycl
eStatus":"SUSPENDED","msg":"Job worker skipped (tenant not active)"}

      at log (lib/logger.ts:40:13)

    console.log
      {"level":"info","ts":"2026-03-05T18:23:35.439Z","app":"dealer","env":"test","requestId":"84878618-4f2c-426d-913e-
d8254263f6f3","dealershipId":"deal-1","route":"job-worker","durationMs":0,"skippedReason":"tenant_not_active","lifecycl
eStatus":"CLOSED","msg":"Job worker skipped (tenant not active)"}

      at log (lib/logger.ts:40:13)

    console.log
      {"level":"info","ts":"2026-03-05T18:23:35.440Z","app":"dealer","env":"test","requestId":"1a8dc622-3683-4cc2-aecb-
7545c3128312","dealershipId":"deal-1","route":"job-worker","durationMs":0,"skippedReason":"tenant_not_active","lifecycl
eStatus":"unknown","msg":"Job worker skipped (tenant not active)"}

      at log (lib/logger.ts:40:13)

PASS lib/redact.test.ts
PASS modules/search/tests/search-query-schema.test.ts
PASS app/api/crm/jobs/run/route.test.ts
PASS lib/platform-admin.test.ts
PASS lib/audit.test.ts
FAIL modules/documents/tests/rbac.test.ts
  ΓùÅ Console

    console.log
      prisma:error 
      Invalid `prisma.dealership.upsert()` invocation:
      
      
      Too many database connections opened: FATAL: remaining connection slots are reserved for roles with the 
SUPERUSER attribute

      at Object.Kc (../../node_modules/@prisma/client/runtime/library.js:12:432)

  ΓùÅ Documents RBAC ΓÇ║ requirePermission(documents.read) throws FORBIDDEN when user lacks it

    PrismaClientInitializationError: 
    Invalid `prisma.dealership.upsert()` invocation:


    Too many database connections opened: FATAL: remaining connection slots are reserved for roles with the SUPERUSER 
attribute

      14 |
      15 | async function ensureFixture(): Promise<{ userId: string; dealerId: string }> {
    > 16 |   await prisma.dealership.upsert({
         |   ^
      17 |     where: { id: dealerId },
      18 |     create: { id: dealerId, name: "Documents RBAC Dealer" },
      19 |     update: {},

      at zn.handleRequestError (../../node_modules/@prisma/client/runtime/library.js:121:7759)
      at zn.handleAndLogRequestError (../../node_modules/@prisma/client/runtime/library.js:121:6784)
      at zn.request (../../node_modules/@prisma/client/runtime/library.js:121:6491)
      at l (../../node_modules/@prisma/client/runtime/library.js:130:9778)
      at ensureFixture (modules/documents/tests/rbac.test.ts:16:3)
      at Object.<anonymous> (modules/documents/tests/rbac.test.ts:66:15)

  ΓùÅ Documents RBAC ΓÇ║ requirePermission(documents.write) throws FORBIDDEN when user lacks it

    PrismaClientInitializationError: 
    Invalid `prisma.dealership.upsert()` invocation:


    Too many database connections opened: FATAL: remaining connection slots are reserved for roles with the SUPERUSER 
attribute

      14 |
      15 | async function ensureFixture(): Promise<{ userId: string; dealerId: string }> {
    > 16 |   await prisma.dealership.upsert({
         |   ^
      17 |     where: { id: dealerId },
      18 |     create: { id: dealerId, name: "Documents RBAC Dealer" },
      19 |     update: {},

      at zn.handleRequestError (../../node_modules/@prisma/client/runtime/library.js:121:7759)
      at zn.handleAndLogRequestError (../../node_modules/@prisma/client/runtime/library.js:121:6784)
      at zn.request (../../node_modules/@prisma/client/runtime/library.js:121:6491)
      at l (../../node_modules/@prisma/client/runtime/library.js:130:9778)
      at ensureFixture (modules/documents/tests/rbac.test.ts:16:3)
      at Object.<anonymous> (modules/documents/tests/rbac.test.ts:66:15)

PASS modules/crm-pipeline-automation/ui/__tests__/jobs-run-button.test.tsx
PASS components/dashboard-v3/__tests__/dashboard-ui-tokens.test.ts
PASS components/app-shell/__tests__/topbar-lifecycle-badge.test.tsx
PASS app/api/health/route.test.ts
  ΓùÅ Console

    console.log
      {"level":"info","ts":"2026-03-05T18:23:35.578Z","app":"dealer","env":"test","requestId":"4aedd3df-8564-4762-8a50-
cfa0a93b9718","route":"http://localhost/api/health","method":"GET","status":200,"durationMs":0,"msg":"request"}

      at log (lib/logger.ts:40:13)

    console.log
      {"level":"info","ts":"2026-03-05T18:23:35.581Z","app":"dealer","env":"test","requestId":"my-request-id-456","rout
e":"http://localhost/api/health","method":"GET","status":200,"durationMs":0,"msg":"request"}

      at log (lib/logger.ts:40:13)

    console.log
      {"level":"info","ts":"2026-03-05T18:23:35.581Z","app":"dealer","env":"test","requestId":"9c97aebe-5244-46d8-9d4e-
9d8e95661085","route":"http://localhost/api/health","method":"GET","status":503,"durationMs":0,"msg":"request"}

      at log (lib/logger.ts:40:13)

PASS modules/dashboard/tests/floorplan-cache.test.ts
PASS modules/crm-pipeline-automation/ui/__tests__/test-utils.tsx
PASS modules/crm-pipeline-automation/ui/__tests__/xss-safety.test.tsx
PASS lib/internal-rate-limit.test.ts
  ΓùÅ Console

    console.error
      [internal-rate-limit] DISABLE_INTERNAL_RATE_LIMIT is set in production and will be ignored.

      23 |   if (process.env.NODE_ENV === "production") {
      24 |     if (process.env.DISABLE_INTERNAL_RATE_LIMIT === "true") {
    > 25 |       console.error("[internal-rate-limit] DISABLE_INTERNAL_RATE_LIMIT is set in production and will be 
ignored.");
         |               ^
      26 |     }
      27 |     return false;
      28 |   }

      at error (lib/internal-rate-limit.ts:25:15)
      at Object.<anonymous> (lib/internal-rate-limit.test.ts:16:39)

PASS modules/reports/tests/unit/sales-summary.test.ts
PASS modules/reports/tests/unit/penetration.test.ts
PASS lib/password-policy.test.ts
PASS modules/reports/tests/unit/days-to-close.test.ts
PASS modules/documents/tests/ui-helpers.test.ts
PASS app/__tests__/home-invite-cta.test.tsx
PASS modules/reports/tests/unit/export.test.ts
PASS modules/crm-pipeline-automation/ui/__tests__/deep-link-guard.test.tsx
PASS modules/reports/tests/unit/aging.test.ts
PASS app/(app)/@modal/(.)customers/[id]/__tests__/page.test.tsx
PASS modules/reports/tests/unit/reports-page-permission.test.ts
PASS modules/customers/tests/tenant-isolation.test.ts (18.976 s)
PASS modules/documents/tests/tenant-isolation.test.ts (10.083 s)
PASS tests/portal-split/internal-api.test.ts (10.653 s)
  ΓùÅ Console

    console.warn
      {"level":"warn","ts":"2026-03-05T18:23:29.237Z","app":"dealer","env":"test","requestId":"64614ee9-e8a3-4a4b-a831-
dc8f2d2af7dc","route":"/api/internal/provision/dealership","method":"POST","status":401,"errorCode":"UNAUTHORIZED","msg
":"Internal API auth failure"}

      36 |     console.error(line);
      37 |   } else if (level === "warn") {
    > 38 |     console.warn(line);
         |             ^
      39 |   } else {
      40 |     console.log(line);
      41 |   }

      at warn (lib/logger.ts:38:13)
      at Object.write [as warn] (lib/logger.ts:46:48)
      at warn (app/api/internal/provision/dealership/route.ts:27:14)
      at Object.<anonymous> (tests/portal-split/internal-api.test.ts:53:17)

    console.warn
      {"level":"warn","ts":"2026-03-05T18:23:29.244Z","app":"dealer","env":"test","requestId":"395386ed-ef49-4fa2-a770-
f9ff77d41e83","route":"/api/internal/provision/dealership","method":"POST","status":401,"errorCode":"UNAUTHORIZED","msg
":"Internal API auth failure"}

      36 |     console.error(line);
      37 |   } else if (level === "warn") {
    > 38 |     console.warn(line);
         |             ^
      39 |   } else {
      40 |     console.log(line);
      41 |   }

      at warn (lib/logger.ts:38:13)
      at Object.write [as warn] (lib/logger.ts:46:48)
      at warn (app/api/internal/provision/dealership/route.ts:27:14)
      at Object.<anonymous> (tests/portal-split/internal-api.test.ts:76:17)

FAIL modules/finance-shell/tests/integration.test.ts (25.969 s)
  ΓùÅ Finance-shell finance.locked and DealFinance status ΓÇ║ lockFinanceWhenDealContracted sets DealFinance.status to 
CONTRACTED and emits finance.locked exactly once

    TypeError: Cannot redefine property: emit
        at Object.defineProperty (<anonymous>)

      509 |   it("lockFinanceWhenDealContracted sets DealFinance.status to CONTRACTED and emits finance.locked exactly 
once", async () => {
      510 |     const events = await import("@/lib/events");
    > 511 |     const spy = jest.spyOn(events, "emit");
          |                      ^
      512 |     const { lockFinanceWhenDealContracted } = await import("../service/lock");
      513 |     await lockFinanceWhenDealContracted(dealerAId, lockTestDealId);
      514 |     const lockedCalls = spy.mock.calls.filter((c) => c[0] === "finance.locked");

      at ModuleMocker.spyOn (../../node_modules/jest-mock/build/index.js:616:16)
      at Object.spyOn (modules/finance-shell/tests/integration.test.ts:511:22)

PASS modules/deals/tests/tenant-isolation.test.ts (25.768 s)
FAIL modules/core-platform/tests/platform-admin-create-account.test.ts (30.093 s)
  ΓùÅ Console

    console.log
      prisma:error 
      Invalid `prisma.dealershipInvite.update()` invocation:
      
      
      Foreign key constraint violated on the constraint: `DealershipInvite_accepted_by_user_id_fkey`

      at Object.Kc (../../node_modules/@prisma/client/runtime/library.js:12:432)

  ΓùÅ Platform Admin Create Account ΓÇö RBAC ΓÇ║ non-platform-admin gets 403 on every platform route

    TypeError: Cannot read properties of undefined (reading 'mockResolvedValue')

      204 |   it("non-platform-admin gets 403 on every platform route", async () => {
      205 |     const { requireUser } = await import("@/lib/auth");
    > 206 |     (requireUser as jest.Mock).mockResolvedValue({
          |                                ^
      207 |       userId: normalUserId,
      208 |       email: "normaluser@test.local",
      209 |     });

      at Object.mockResolvedValue (modules/core-platform/tests/platform-admin-create-account.test.ts:206:32)

  ΓùÅ Platform Admin Create Account ΓÇö RBAC ΓÇ║ platform admin can call GET dealerships and GET dealerships/[id]

    TypeError: Cannot read properties of undefined (reading 'mockResolvedValue')

      223 |   it("platform admin can call GET dealerships and GET dealerships/[id]", async () => {
      224 |     const { requireUser } = await import("@/lib/auth");
    > 225 |     (requireUser as jest.Mock).mockResolvedValue({
          |                                ^
      226 |       userId: platformAdminUserId,
      227 |       email: "platformadmin@test.local",
      228 |     });

      at Object.mockResolvedValue (modules/core-platform/tests/platform-admin-create-account.test.ts:225:32)

  ΓùÅ Platform Admin Create Account ΓÇö RBAC ΓÇ║ platform admin can call GET invites, POST invite, GET pending-users

    TypeError: Cannot read properties of undefined (reading 'mockResolvedValue')

      247 |   it("platform admin can call GET invites, POST invite, GET pending-users", async () => {
      248 |     const { requireUser } = await import("@/lib/auth");
    > 249 |     (requireUser as jest.Mock).mockResolvedValue({
          |                                ^
      250 |       userId: platformAdminUserId,
      251 |       email: "platformadmin@test.local",
      252 |     });

      at Object.mockResolvedValue (modules/core-platform/tests/platform-admin-create-account.test.ts:249:32)

  ΓùÅ Platform Admin Create Account ΓÇö Tenant isolation (accept invite) ΓÇ║ accept invite creates membership with 
invite's roleId only (accept cannot escalate role)

    TypeError: Cannot read properties of undefined (reading 'mockResolvedValueOnce')

      314 |     });
      315 |
    > 316 |     (getCurrentUser as jest.Mock).mockResolvedValueOnce({ userId: inviteeUserId, email: 
"invitee@test.local" });
          |                                   ^
      317 |     const { requireUser } = await import("@/lib/auth");
      318 |     (requireUser as jest.Mock).mockResolvedValueOnce({
      319 |       userId: inviteeUserId,

      at Object.mockResolvedValueOnce (modules/core-platform/tests/platform-admin-create-account.test.ts:316:35)

  ΓùÅ Platform Admin Create Account ΓÇö Audit (no PII in metadata) ΓÇ║ createInvite writes platform.invite.created and 
metadata has no PII

    Expect takes at most one argument.

      367 |     for (const key of Object.keys(metadata)) {
      368 |       const keyLower = key.toLowerCase();
    > 369 |       expect(piiKeys.has(keyLower), `metadata must not contain PII key: ${key}`).toBe(false);
          |       ^
      370 |     }
      371 |     for (const key of Object.keys(metadata)) {
      372 |       expect(

      at expect (../../node_modules/expect/build/index.js:2104:11)
      at expect (modules/core-platform/tests/platform-admin-create-account.test.ts:369:7)
      at Object.assertNoPiiInMetadata (modules/core-platform/tests/platform-admin-create-account.test.ts:398:5)

  ΓùÅ Platform Admin Create Account ΓÇö Audit (no PII in metadata) ΓÇ║ acceptInvite writes platform.invite.accepted 
and metadata has no PII

    TypeError: (0 , _auth.getOrCreateProfile) is not a function

      136 |   }
      137 |
    > 138 |   const profile = await getOrCreateProfile(input.actorUserId, {
          |                                           ^
      139 |     email: input.actorEmail,
      140 |   });
      141 |

      at acceptInvite (modules/platform-admin/service/invite.ts:138:43)
      at Object.<anonymous> (modules/core-platform/tests/platform-admin-create-account.test.ts:425:5)

  ΓùÅ Platform Admin Create Account ΓÇö Audit (no PII in metadata) ΓÇ║ cancelInvite writes platform.invite.cancelled 
and metadata has no PII

    Expect takes at most one argument.

      367 |     for (const key of Object.keys(metadata)) {
      368 |       const keyLower = key.toLowerCase();
    > 369 |       expect(piiKeys.has(keyLower), `metadata must not contain PII key: ${key}`).toBe(false);
          |       ^
      370 |     }
      371 |     for (const key of Object.keys(metadata)) {
      372 |       expect(

      at expect (../../node_modules/expect/build/index.js:2104:11)
      at expect (modules/core-platform/tests/platform-admin-create-account.test.ts:369:7)
      at Object.assertNoPiiInMetadata (modules/core-platform/tests/platform-admin-create-account.test.ts:466:5)

  ΓùÅ Platform Admin Create Account ΓÇö Audit (no PII in metadata) ΓÇ║ approvePendingUser writes 
platform.membership.approved and metadata has no PII

    Expect takes at most one argument.

      367 |     for (const key of Object.keys(metadata)) {
      368 |       const keyLower = key.toLowerCase();
    > 369 |       expect(piiKeys.has(keyLower), `metadata must not contain PII key: ${key}`).toBe(false);
          |       ^
      370 |     }
      371 |     for (const key of Object.keys(metadata)) {
      372 |       expect(

      at expect (../../node_modules/expect/build/index.js:2104:11)
      at expect (modules/core-platform/tests/platform-admin-create-account.test.ts:369:7)
      at Object.assertNoPiiInMetadata (modules/core-platform/tests/platform-admin-create-account.test.ts:496:5)

  ΓùÅ Platform Admin Create Account ΓÇö Audit (no PII in metadata) ΓÇ║ rejectPendingUser writes 
platform.pending.rejected and metadata has no PII

    Expect takes at most one argument.

      367 |     for (const key of Object.keys(metadata)) {
      368 |       const keyLower = key.toLowerCase();
    > 369 |       expect(piiKeys.has(keyLower), `metadata must not contain PII key: ${key}`).toBe(false);
          |       ^
      370 |     }
      371 |     for (const key of Object.keys(metadata)) {
      372 |       expect(

      at expect (../../node_modules/expect/build/index.js:2104:11)
      at expect (modules/core-platform/tests/platform-admin-create-account.test.ts:369:7)
      at Object.assertNoPiiInMetadata (modules/core-platform/tests/platform-admin-create-account.test.ts:526:5)

  ΓùÅ Platform Admin Create Account ΓÇö Abuse / validation ΓÇ║ accept invite with expired token returns 410

    TypeError: Cannot read properties of undefined (reading 'mockResolvedValueOnce')

      547 |     });
      548 |
    > 549 |     (getCurrentUser as jest.Mock).mockResolvedValueOnce({ userId: inviteeUserId, email: 
"expired@test.local" });
          |                                   ^
      550 |     const { requireUser } = await import("@/lib/auth");
      551 |     (requireUser as jest.Mock).mockResolvedValueOnce({
      552 |       userId: inviteeUserId,

      at Object.mockResolvedValueOnce (modules/core-platform/tests/platform-admin-create-account.test.ts:549:35)

  ΓùÅ Platform Admin Create Account ΓÇö Abuse / validation ΓÇ║ accept invite with cancelled invite returns 410

    TypeError: Cannot read properties of undefined (reading 'mockResolvedValueOnce')

      581 |     await inviteDb.updateInviteStatus(invite.id, "CANCELLED");
      582 |
    > 583 |     (getCurrentUser as jest.Mock).mockResolvedValueOnce({
          |                                   ^
      584 |       userId: inviteeUserId,
      585 |       email: "cancelled@test.local",
      586 |     });

      at Object.mockResolvedValueOnce (modules/core-platform/tests/platform-admin-create-account.test.ts:583:35)

  ΓùÅ Platform Admin Create Account ΓÇö Abuse / validation ΓÇ║ resolve with expired invite returns 410

    TypeError: Right-hand side of 'instanceof' is not an object

      15 |
      16 | export function isApiError(e: unknown): e is ApiError {
    > 17 |   return e instanceof ApiError;
         |          ^
      18 | }
      19 |
      20 | export function toErrorPayload(e: unknown): { status: number; body: ErrorPayload } {

      at e (lib/api/errors.ts:17:10)
      at isApiError (lib/api/errors.ts:27:7)
      at handleApiError (lib/api/handler.ts:125:42)
      at GET (app/api/invite/resolve/route.ts:32:31)
      at Object.<anonymous> (modules/core-platform/tests/platform-admin-create-account.test.ts:622:17)

  ΓùÅ Platform Admin Create Account ΓÇö Abuse / validation ΓÇ║ resolve with cancelled invite returns 410

    TypeError: Right-hand side of 'instanceof' is not an object

      15 |
      16 | export function isApiError(e: unknown): e is ApiError {
    > 17 |   return e instanceof ApiError;
         |          ^
      18 | }
      19 |
      20 | export function toErrorPayload(e: unknown): { status: number; body: ErrorPayload } {

      at e (lib/api/errors.ts:17:10)
      at isApiError (lib/api/errors.ts:27:7)
      at handleApiError (lib/api/handler.ts:125:42)
      at GET (app/api/invite/resolve/route.ts:32:31)
      at Object.<anonymous> (modules/core-platform/tests/platform-admin-create-account.test.ts:645:17)

  ΓùÅ Platform Admin Create Account ΓÇö Abuse / validation ΓÇ║ resolve with accepted invite returns 410 (one-time use)

    TypeError: Right-hand side of 'instanceof' is not an object

      15 |
      16 | export function isApiError(e: unknown): e is ApiError {
    > 17 |   return e instanceof ApiError;
         |          ^
      18 | }
      19 |
      20 | export function toErrorPayload(e: unknown): { status: number; body: ErrorPayload } {

      at e (lib/api/errors.ts:17:10)
      at isApiError (lib/api/errors.ts:27:7)
      at handleApiError (lib/api/handler.ts:125:42)
      at GET (app/api/invite/resolve/route.ts:32:31)
      at Object.<anonymous> (modules/core-platform/tests/platform-admin-create-account.test.ts:668:17)

  ΓùÅ Platform Admin Create Account ΓÇö Abuse / validation ΓÇ║ resolve with unknown token returns 404 INVITE_NOT_FOUND

    TypeError: Right-hand side of 'instanceof' is not an object

      15 |
      16 | export function isApiError(e: unknown): e is ApiError {
    > 17 |   return e instanceof ApiError;
         |          ^
      18 | }
      19 |
      20 | export function toErrorPayload(e: unknown): { status: number; body: ErrorPayload } {

      at e (lib/api/errors.ts:17:10)
      at isApiError (lib/api/errors.ts:27:7)
      at handleApiError (lib/api/handler.ts:125:42)
      at GET (app/api/invite/resolve/route.ts:32:31)
      at Object.<anonymous> (modules/core-platform/tests/platform-admin-create-account.test.ts:703:17)

  ΓùÅ Platform Admin Create Account ΓÇö Abuse / validation ΓÇ║ accept when user already has membership returns 200 
with membershipId (idempotent)

    TypeError: Cannot read properties of undefined (reading 'mockResolvedValueOnce')

      733 |     });
      734 |
    > 735 |     (getCurrentUser as jest.Mock).mockResolvedValueOnce({ userId: inviteeUserId, email: 
"invitee@test.local" });
          |                                   ^
      736 |     const { requireUser } = await import("@/lib/auth");
      737 |     (requireUser as jest.Mock).mockResolvedValueOnce({
      738 |       userId: inviteeUserId,

      at Object.mockResolvedValueOnce (modules/core-platform/tests/platform-admin-create-account.test.ts:735:35)

  ΓùÅ Platform Admin Create Account ΓÇö Abuse / validation ΓÇ║ accept when invite already accepted (used) returns 410 
INVITE_ALREADY_ACCEPTED

    TypeError: Cannot read properties of undefined (reading 'mockResolvedValueOnce')

      773 |     await inviteDb.updateInviteStatus(invite.id, "ACCEPTED", new Date());
      774 |
    > 775 |     (getCurrentUser as jest.Mock).mockResolvedValueOnce({ userId: inviteeUserId, email: 
"invitee@test.local" });
          |                                   ^
      776 |     const { requireUser } = await import("@/lib/auth");
      777 |     (requireUser as jest.Mock).mockResolvedValueOnce({
      778 |       userId: inviteeUserId,

      at Object.mockResolvedValueOnce (modules/core-platform/tests/platform-admin-create-account.test.ts:775:35)

  ΓùÅ Platform Admin Create Account ΓÇö Abuse / validation ΓÇ║ approve pending user with roleId not in dealership 
returns 404

    TypeError: Cannot read properties of undefined (reading 'mockResolvedValue')

      807 |
      808 |     const { requireUser } = await import("@/lib/auth");
    > 809 |     (requireUser as jest.Mock).mockResolvedValue({
          |                                ^
      810 |       userId: platformAdminUserId,
      811 |       email: "platformadmin@test.local",
      812 |     });

      at Object.mockResolvedValue (modules/core-platform/tests/platform-admin-create-account.test.ts:809:32)

  ΓùÅ Platform Admin Create Account ΓÇö Abuse / validation ΓÇ║ create invite with roleId for different dealership 
returns 404

    TypeError: Cannot read properties of undefined (reading 'mockResolvedValue')

      841 |
      842 |     const { requireUser } = await import("@/lib/auth");
    > 843 |     (requireUser as jest.Mock).mockResolvedValue({
          |                                ^
      844 |       userId: platformAdminUserId,
      845 |       email: "platformadmin@test.local",
      846 |     });

      at Object.mockResolvedValue (modules/core-platform/tests/platform-admin-create-account.test.ts:843:32)

  ΓùÅ Invite signup flow ΓÇ║ accept (signup) creates profile, membership, marks invite with acceptedByUserId (tenant 
from invite only)

    TypeError: Cannot read properties of undefined (reading 'mockResolvedValueOnce')

      896 |     });
      897 |
    > 898 |     (getCurrentUser as jest.Mock).mockResolvedValueOnce(null);
          |                                   ^
      899 |
      900 |     const { POST } = await import("@/app/api/invite/accept/route");
      901 |     const res = await POST(

      at Object.mockResolvedValueOnce (modules/core-platform/tests/platform-admin-create-account.test.ts:898:35)

  ΓùÅ Invite signup flow ΓÇ║ accept (signup) with dealershipId in body ignores it ΓÇö membership created for invite's 
dealership only

    TypeError: Cannot read properties of undefined (reading 'mockResolvedValueOnce')

      957 |     });
      958 |
    > 959 |     (getCurrentUser as jest.Mock).mockResolvedValueOnce(null);
          |                                   ^
      960 |
      961 |     const { POST } = await import("@/app/api/invite/accept/route");
      962 |     const res = await POST(

      at Object.mockResolvedValueOnce (modules/core-platform/tests/platform-admin-create-account.test.ts:959:35)

  ΓùÅ Invite signup flow ΓÇ║ second accept (signup) with same token fails 410

    PrismaClientKnownRequestError: 
    Invalid `prisma.dealershipInvite.update()` invocation:


    Foreign key constraint violated on the constraint: `DealershipInvite_accepted_by_user_id_fkey`

       999 |       token,
      1000 |     });
    > 1001 |     await inviteDb.updateInviteStatus(invite.id, "ACCEPTED", new Date(), signupUserId);
           |     ^
      1002 |
      1003 |     (getCurrentUser as jest.Mock).mockResolvedValueOnce(null);
      1004 |

      at zn.handleRequestError (../../node_modules/@prisma/client/runtime/library.js:121:7459)
      at zn.handleAndLogRequestError (../../node_modules/@prisma/client/runtime/library.js:121:6784)
      at zn.request (../../node_modules/@prisma/client/runtime/library.js:121:6491)
      at l (../../node_modules/@prisma/client/runtime/library.js:130:9778)
      at Object.<anonymous> (modules/core-platform/tests/platform-admin-create-account.test.ts:1001:5)

  ΓùÅ Invite signup flow ΓÇ║ accept (signup) email mismatch returns 403 with fieldErrors

    TypeError: Cannot read properties of undefined (reading 'mockResolvedValueOnce')

      1033 |     });
      1034 |
    > 1035 |     (getCurrentUser as jest.Mock).mockResolvedValueOnce(null);
           |                                   ^
      1036 |
      1037 |     const { POST } = await import("@/app/api/invite/accept/route");
      1038 |     const res = await POST(

      at Object.mockResolvedValueOnce (modules/core-platform/tests/platform-admin-create-account.test.ts:1035:35)

  ΓùÅ Invite signup flow ΓÇ║ accept (signup) password too weak returns 400 with fieldErrors

    TypeError: Cannot read properties of undefined (reading 'mockResolvedValueOnce')

      1066 |     });
      1067 |
    > 1068 |     (getCurrentUser as jest.Mock).mockResolvedValueOnce(null);
           |                                   ^
      1069 |
      1070 |     const { POST } = await import("@/app/api/invite/accept/route");
      1071 |     const res = await POST(

      at Object.mockResolvedValueOnce (modules/core-platform/tests/platform-admin-create-account.test.ts:1068:35)

  ΓùÅ Invite signup flow ΓÇ║ accept (signup) EMAIL_ALREADY_REGISTERED 409 when Supabase reports user exists

    TypeError: Cannot read properties of undefined (reading 'mockResolvedValueOnce')

      1110 |     });
      1111 |
    > 1112 |     (getCurrentUser as jest.Mock).mockResolvedValueOnce(null);
           |                                   ^
      1113 |
      1114 |     const { POST } = await import("@/app/api/invite/accept/route");
      1115 |     const res = await POST(

      at Object.mockResolvedValueOnce (modules/core-platform/tests/platform-admin-create-account.test.ts:1112:35)


<--- Last few GCs --->

[48076:00000237DEE45000]    50390 ms: Scavenge (interleaved) 4081.0 (4088.1) -> 4080.9 (4098.9) MB, pooled: 0 MB, 8.30 
/ 0.00 ms  (average mu = 0.206, current mu = 0.154) allocation failure; 
[48076:00000237DEE45000]    51549 ms: Mark-Compact (reduce) 4081.2 (4098.9) -> 4081.1 (4085.1) MB, pooled: 0 MB, 
1052.78 / 0.00 ms  (+ 14.3 ms in 4 steps since start of marking, biggest step 5.0 ms, walltime since start of marking 
1072 ms) (average mu = 0
FATAL ERROR: Ineffective mark-compacts near heap limit Allocation failed - JavaScript heap out of memory
----- Native stack trace -----

FAIL modules/core-platform/tests/platform-admin.test.ts
  ΓùÅ Test suite failed to run

    Jest worker ran out of memory and crashed

      at ChildProcessWorker._onExit (../../node_modules/jest-worker/build/index.js:928:26)

PASS modules/lender-integration/tests/integration.test.ts (76.932 s)

Summary of all failing tests
FAIL modules/customers/tests/saved-filters-searches.integration.test.ts
  ΓùÅ SavedFilter / SavedSearch integration ΓÇ║ RBAC ΓÇ║ user with customers.read can create PERSONAL saved filter

    expect(received).toContain(expected) // indexOf

    Expected value: "customers.read"
    Received array: []

      164 |     it("user with customers.read can create PERSONAL saved filter", async () => {
      165 |       const perms = await loadUserPermissions(userWithRead, dealerA);
    > 166 |       expect(perms).toContain("customers.read");
          |                     ^
      167 |       const created = await savedFiltersService.createSavedFilter(
      168 |         dealerA,
      169 |         userWithRead,

      at Object.toContain (modules/customers/tests/saved-filters-searches.integration.test.ts:166:21)

  ΓùÅ SavedFilter / SavedSearch integration ΓÇ║ RBAC ΓÇ║ user with admin.settings.manage can create SHARED saved filter

    expect(received).toContain(expected) // indexOf

    Expected value: "admin.settings.manage"
    Received array: []

      191 |     it("user with admin.settings.manage can create SHARED saved filter", async () => {
      192 |       const perms = await loadUserPermissions(userAdmin, dealerA);
    > 193 |       expect(perms).toContain("admin.settings.manage");
          |                     ^
      194 |       const created = await savedFiltersService.createSavedFilter(
      195 |         dealerA,
      196 |         userAdmin,

      at Object.toContain (modules/customers/tests/saved-filters-searches.integration.test.ts:193:21)

FAIL app/api/customers/route.integration.test.ts (9.542 s)
  ΓùÅ GET/POST /api/customers route integration ΓÇ║ Validation ΓÇ║ GET with invalid query (limit > 100) returns 400

    expect(received).toBe(expected) // Object.is equality

    Expected: 400
    Received: 200

      350 |       const req = makeGetRequest({ limit: "101", offset: "0" });
      351 |       const res = await GET(req);
    > 352 |       expect(res.status).toBe(400);
          |                          ^
      353 |       const data = await res.json();
      354 |       expect(data.error?.code).toBe("VALIDATION_ERROR");
      355 |     });

      at Object.toBe (app/api/customers/route.integration.test.ts:352:26)

FAIL modules/deals/tests/immutability-and-one-deal.test.ts (9.61 s)
  ΓùÅ Deals immutability and one active deal ΓÇ║ updateDealStatus CONTRACTED -> APPROVED is denied

    expect(received).rejects.toMatchObject(expected)

    - Expected  - 1
    + Received  + 1

      Object {
    -   "code": "DOMAIN_ERROR",
    +   "code": "VALIDATION_ERROR",
      }

      256 |     await expect(
      257 |       dealService.updateDealStatus(dealerId, userId, testData.dealId, "APPROVED")
    > 258 |     ).rejects.toMatchObject({ code: "DOMAIN_ERROR" });
          |               ^
      259 |   });
      260 |
      261 |   it("creating second active deal for same vehicle throws CONFLICT", async () => {

      at Object.toMatchObject (../../node_modules/expect/build/index.js:2155:20)
      at Object.toMatchObject (modules/deals/tests/immutability-and-one-deal.test.ts:258:15)

FAIL modules/inventory/tests/slices-defg.security.test.ts (11.15 s)
  ΓùÅ Slices D/E/F/G RBAC ΓÇ║ POST vin/decode requires inventory.write ΓåÆ 403 without it

    PrismaClientValidationError: 
    Invalid `prisma.lender.upsert()` invocation:

    {
      where: {
        id: "e3000000-0000-0000-0000-000000000003"
      },
      create: {
        id: "e3000000-0000-0000-0000-000000000003",
        dealershipId: "d1000000-0000-0000-0000-000000000001",
        name: "Defg Lender A",
    +   lenderType: LenderType
      },
      update: {}
    }

    Argument `lenderType` is missing.

      187 |   });
      188 |
    > 189 |   const lenderA = await prisma.lender.upsert({
          |                   ^
      190 |     where: { id: "e3000000-0000-0000-0000-000000000003" },
      191 |     create: {
      192 |       id: "e3000000-0000-0000-0000-000000000003",

      at An (../../node_modules/@prisma/client/runtime/library.js:29:1363)
      at zn.handleRequestError (../../node_modules/@prisma/client/runtime/library.js:121:7102)
      at zn.handleAndLogRequestError (../../node_modules/@prisma/client/runtime/library.js:121:6784)
      at zn.request (../../node_modules/@prisma/client/runtime/library.js:121:6491)
      at l (../../node_modules/@prisma/client/runtime/library.js:130:9778)
      at ensureDefgTestData (modules/inventory/tests/slices-defg.security.test.ts:189:19)
      at Object.<anonymous> (modules/inventory/tests/slices-defg.security.test.ts:205:5)

  ΓùÅ Slices D/E/F/G RBAC ΓÇ║ GET vin requires inventory.read ΓåÆ 403 without it

    PrismaClientValidationError: 
    Invalid `prisma.lender.upsert()` invocation:

    {
      where: {
        id: "e3000000-0000-0000-0000-000000000003"
      },
      create: {
        id: "e3000000-0000-0000-0000-000000000003",
        dealershipId: "d1000000-0000-0000-0000-000000000001",
        name: "Defg Lender A",
    +   lenderType: LenderType
      },
      update: {}
    }

    Argument `lenderType` is missing.

      187 |   });
      188 |
    > 189 |   const lenderA = await prisma.lender.upsert({
          |                   ^
      190 |     where: { id: "e3000000-0000-0000-0000-000000000003" },
      191 |     create: {
      192 |       id: "e3000000-0000-0000-0000-000000000003",

      at An (../../node_modules/@prisma/client/runtime/library.js:29:1363)
      at zn.handleRequestError (../../node_modules/@prisma/client/runtime/library.js:121:7102)
      at zn.handleAndLogRequestError (../../node_modules/@prisma/client/runtime/library.js:121:6784)
      at zn.request (../../node_modules/@prisma/client/runtime/library.js:121:6491)
      at l (../../node_modules/@prisma/client/runtime/library.js:130:9778)
      at ensureDefgTestData (modules/inventory/tests/slices-defg.security.test.ts:189:19)
      at Object.<anonymous> (modules/inventory/tests/slices-defg.security.test.ts:205:5)

  ΓùÅ Slices D/E/F/G RBAC ΓÇ║ GET valuations requires inventory.read ΓåÆ 403 without it

    PrismaClientValidationError: 
    Invalid `prisma.lender.upsert()` invocation:

    {
      where: {
        id: "e3000000-0000-0000-0000-000000000003"
      },
      create: {
        id: "e3000000-0000-0000-0000-000000000003",
        dealershipId: "d1000000-0000-0000-0000-000000000001",
        name: "Defg Lender A",
    +   lenderType: LenderType
      },
      update: {}
    }

    Argument `lenderType` is missing.

      187 |   });
      188 |
    > 189 |   const lenderA = await prisma.lender.upsert({
          |                   ^
      190 |     where: { id: "e3000000-0000-0000-0000-000000000003" },
      191 |     create: {
      192 |       id: "e3000000-0000-0000-0000-000000000003",

      at An (../../node_modules/@prisma/client/runtime/library.js:29:1363)
      at zn.handleRequestError (../../node_modules/@prisma/client/runtime/library.js:121:7102)
      at zn.handleAndLogRequestError (../../node_modules/@prisma/client/runtime/library.js:121:6784)
      at zn.request (../../node_modules/@prisma/client/runtime/library.js:121:6491)
      at l (../../node_modules/@prisma/client/runtime/library.js:130:9778)
      at ensureDefgTestData (modules/inventory/tests/slices-defg.security.test.ts:189:19)
      at Object.<anonymous> (modules/inventory/tests/slices-defg.security.test.ts:205:5)

  ΓùÅ Slices D/E/F/G RBAC ΓÇ║ POST valuations requires finance.read ΓåÆ 403 without it

    PrismaClientValidationError: 
    Invalid `prisma.lender.upsert()` invocation:

    {
      where: {
        id: "e3000000-0000-0000-0000-000000000003"
      },
      create: {
        id: "e3000000-0000-0000-0000-000000000003",
        dealershipId: "d1000000-0000-0000-0000-000000000001",
        name: "Defg Lender A",
    +   lenderType: LenderType
      },
      update: {}
    }

    Argument `lenderType` is missing.

      187 |   });
      188 |
    > 189 |   const lenderA = await prisma.lender.upsert({
          |                   ^
      190 |     where: { id: "e3000000-0000-0000-0000-000000000003" },
      191 |     create: {
      192 |       id: "e3000000-0000-0000-0000-000000000003",

      at An (../../node_modules/@prisma/client/runtime/library.js:29:1363)
      at zn.handleRequestError (../../node_modules/@prisma/client/runtime/library.js:121:7102)
      at zn.handleAndLogRequestError (../../node_modules/@prisma/client/runtime/library.js:121:6784)
      at zn.request (../../node_modules/@prisma/client/runtime/library.js:121:6491)
      at l (../../node_modules/@prisma/client/runtime/library.js:130:9778)
      at ensureDefgTestData (modules/inventory/tests/slices-defg.security.test.ts:189:19)
      at Object.<anonymous> (modules/inventory/tests/slices-defg.security.test.ts:205:5)

  ΓùÅ Slices D/E/F/G RBAC ΓÇ║ GET recon requires inventory.read ΓåÆ 403 without it

    PrismaClientValidationError: 
    Invalid `prisma.lender.upsert()` invocation:

    {
      where: {
        id: "e3000000-0000-0000-0000-000000000003"
      },
      create: {
        id: "e3000000-0000-0000-0000-000000000003",
        dealershipId: "d1000000-0000-0000-0000-000000000001",
        name: "Defg Lender A",
    +   lenderType: LenderType
      },
      update: {}
    }

    Argument `lenderType` is missing.

      187 |   });
      188 |
    > 189 |   const lenderA = await prisma.lender.upsert({
          |                   ^
      190 |     where: { id: "e3000000-0000-0000-0000-000000000003" },
      191 |     create: {
      192 |       id: "e3000000-0000-0000-0000-000000000003",

      at An (../../node_modules/@prisma/client/runtime/library.js:29:1363)
      at zn.handleRequestError (../../node_modules/@prisma/client/runtime/library.js:121:7102)
      at zn.handleAndLogRequestError (../../node_modules/@prisma/client/runtime/library.js:121:6784)
      at zn.request (../../node_modules/@prisma/client/runtime/library.js:121:6491)
      at l (../../node_modules/@prisma/client/runtime/library.js:130:9778)
      at ensureDefgTestData (modules/inventory/tests/slices-defg.security.test.ts:189:19)
      at Object.<anonymous> (modules/inventory/tests/slices-defg.security.test.ts:205:5)

  ΓùÅ Slices D/E/F/G RBAC ΓÇ║ PATCH recon requires inventory.write ΓåÆ 403 without it

    PrismaClientValidationError: 
    Invalid `prisma.lender.upsert()` invocation:

    {
      where: {
        id: "e3000000-0000-0000-0000-000000000003"
      },
      create: {
        id: "e3000000-0000-0000-0000-000000000003",
        dealershipId: "d1000000-0000-0000-0000-000000000001",
        name: "Defg Lender A",
    +   lenderType: LenderType
      },
      update: {}
    }

    Argument `lenderType` is missing.

      187 |   });
      188 |
    > 189 |   const lenderA = await prisma.lender.upsert({
          |                   ^
      190 |     where: { id: "e3000000-0000-0000-0000-000000000003" },
      191 |     create: {
      192 |       id: "e3000000-0000-0000-0000-000000000003",

      at An (../../node_modules/@prisma/client/runtime/library.js:29:1363)
      at zn.handleRequestError (../../node_modules/@prisma/client/runtime/library.js:121:7102)
      at zn.handleAndLogRequestError (../../node_modules/@prisma/client/runtime/library.js:121:6784)
      at zn.request (../../node_modules/@prisma/client/runtime/library.js:121:6491)
      at l (../../node_modules/@prisma/client/runtime/library.js:130:9778)
      at ensureDefgTestData (modules/inventory/tests/slices-defg.security.test.ts:189:19)
      at Object.<anonymous> (modules/inventory/tests/slices-defg.security.test.ts:205:5)

  ΓùÅ Slices D/E/F/G RBAC ΓÇ║ POST recon/line-items requires inventory.write ΓåÆ 403 without it

    PrismaClientValidationError: 
    Invalid `prisma.lender.upsert()` invocation:

    {
      where: {
        id: "e3000000-0000-0000-0000-000000000003"
      },
      create: {
        id: "e3000000-0000-0000-0000-000000000003",
        dealershipId: "d1000000-0000-0000-0000-000000000001",
        name: "Defg Lender A",
    +   lenderType: LenderType
      },
      update: {}
    }

    Argument `lenderType` is missing.

      187 |   });
      188 |
    > 189 |   const lenderA = await prisma.lender.upsert({
          |                   ^
      190 |     where: { id: "e3000000-0000-0000-0000-000000000003" },
      191 |     create: {
      192 |       id: "e3000000-0000-0000-0000-000000000003",

      at An (../../node_modules/@prisma/client/runtime/library.js:29:1363)
      at zn.handleRequestError (../../node_modules/@prisma/client/runtime/library.js:121:7102)
      at zn.handleAndLogRequestError (../../node_modules/@prisma/client/runtime/library.js:121:6784)
      at zn.request (../../node_modules/@prisma/client/runtime/library.js:121:6491)
      at l (../../node_modules/@prisma/client/runtime/library.js:130:9778)
      at ensureDefgTestData (modules/inventory/tests/slices-defg.security.test.ts:189:19)
      at Object.<anonymous> (modules/inventory/tests/slices-defg.security.test.ts:205:5)

  ΓùÅ Slices D/E/F/G RBAC ΓÇ║ PATCH recon/line-items/[lineItemId] requires inventory.write ΓåÆ 403 without it

    PrismaClientValidationError: 
    Invalid `prisma.lender.upsert()` invocation:

    {
      where: {
        id: "e3000000-0000-0000-0000-000000000003"
      },
      create: {
        id: "e3000000-0000-0000-0000-000000000003",
        dealershipId: "d1000000-0000-0000-0000-000000000001",
        name: "Defg Lender A",
    +   lenderType: LenderType
      },
      update: {}
    }

    Argument `lenderType` is missing.

      187 |   });
      188 |
    > 189 |   const lenderA = await prisma.lender.upsert({
          |                   ^
      190 |     where: { id: "e3000000-0000-0000-0000-000000000003" },
      191 |     create: {
      192 |       id: "e3000000-0000-0000-0000-000000000003",

      at An (../../node_modules/@prisma/client/runtime/library.js:29:1363)
      at zn.handleRequestError (../../node_modules/@prisma/client/runtime/library.js:121:7102)
      at zn.handleAndLogRequestError (../../node_modules/@prisma/client/runtime/library.js:121:6784)
      at zn.request (../../node_modules/@prisma/client/runtime/library.js:121:6491)
      at l (../../node_modules/@prisma/client/runtime/library.js:130:9778)
      at ensureDefgTestData (modules/inventory/tests/slices-defg.security.test.ts:189:19)
      at Object.<anonymous> (modules/inventory/tests/slices-defg.security.test.ts:205:5)

  ΓùÅ Slices D/E/F/G RBAC ΓÇ║ DELETE recon/line-items/[lineItemId] requires inventory.write ΓåÆ 403 without it

    PrismaClientValidationError: 
    Invalid `prisma.lender.upsert()` invocation:

    {
      where: {
        id: "e3000000-0000-0000-0000-000000000003"
      },
      create: {
        id: "e3000000-0000-0000-0000-000000000003",
        dealershipId: "d1000000-0000-0000-0000-000000000001",
        name: "Defg Lender A",
    +   lenderType: LenderType
      },
      update: {}
    }

    Argument `lenderType` is missing.

      187 |   });
      188 |
    > 189 |   const lenderA = await prisma.lender.upsert({
          |                   ^
      190 |     where: { id: "e3000000-0000-0000-0000-000000000003" },
      191 |     create: {
      192 |       id: "e3000000-0000-0000-0000-000000000003",

      at An (../../node_modules/@prisma/client/runtime/library.js:29:1363)
      at zn.handleRequestError (../../node_modules/@prisma/client/runtime/library.js:121:7102)
      at zn.handleAndLogRequestError (../../node_modules/@prisma/client/runtime/library.js:121:6784)
      at zn.request (../../node_modules/@prisma/client/runtime/library.js:121:6491)
      at l (../../node_modules/@prisma/client/runtime/library.js:130:9778)
      at ensureDefgTestData (modules/inventory/tests/slices-defg.security.test.ts:189:19)
      at Object.<anonymous> (modules/inventory/tests/slices-defg.security.test.ts:205:5)

  ΓùÅ Slices D/E/F/G RBAC ΓÇ║ GET floorplan requires finance.read ΓåÆ 403 without it

    PrismaClientValidationError: 
    Invalid `prisma.lender.upsert()` invocation:

    {
      where: {
        id: "e3000000-0000-0000-0000-000000000003"
      },
      create: {
        id: "e3000000-0000-0000-0000-000000000003",
        dealershipId: "d1000000-0000-0000-0000-000000000001",
        name: "Defg Lender A",
    +   lenderType: LenderType
      },
      update: {}
    }

    Argument `lenderType` is missing.

      187 |   });
      188 |
    > 189 |   const lenderA = await prisma.lender.upsert({
          |                   ^
      190 |     where: { id: "e3000000-0000-0000-0000-000000000003" },
      191 |     create: {
      192 |       id: "e3000000-0000-0000-0000-000000000003",

      at An (../../node_modules/@prisma/client/runtime/library.js:29:1363)
      at zn.handleRequestError (../../node_modules/@prisma/client/runtime/library.js:121:7102)
      at zn.handleAndLogRequestError (../../node_modules/@prisma/client/runtime/library.js:121:6784)
      at zn.request (../../node_modules/@prisma/client/runtime/library.js:121:6491)
      at l (../../node_modules/@prisma/client/runtime/library.js:130:9778)
      at ensureDefgTestData (modules/inventory/tests/slices-defg.security.test.ts:189:19)
      at Object.<anonymous> (modules/inventory/tests/slices-defg.security.test.ts:205:5)

  ΓùÅ Slices D/E/F/G RBAC ΓÇ║ PUT floorplan requires finance.write ΓåÆ 403 without it

    PrismaClientValidationError: 
    Invalid `prisma.lender.upsert()` invocation:

    {
      where: {
        id: "e3000000-0000-0000-0000-000000000003"
      },
      create: {
        id: "e3000000-0000-0000-0000-000000000003",
        dealershipId: "d1000000-0000-0000-0000-000000000001",
        name: "Defg Lender A",
    +   lenderType: LenderType
      },
      update: {}
    }

    Argument `lenderType` is missing.

      187 |   });
      188 |
    > 189 |   const lenderA = await prisma.lender.upsert({
          |                   ^
      190 |     where: { id: "e3000000-0000-0000-0000-000000000003" },
      191 |     create: {
      192 |       id: "e3000000-0000-0000-0000-000000000003",

      at An (../../node_modules/@prisma/client/runtime/library.js:29:1363)
      at zn.handleRequestError (../../node_modules/@prisma/client/runtime/library.js:121:7102)
      at zn.handleAndLogRequestError (../../node_modules/@prisma/client/runtime/library.js:121:6784)
      at zn.request (../../node_modules/@prisma/client/runtime/library.js:121:6491)
      at l (../../node_modules/@prisma/client/runtime/library.js:130:9778)
      at ensureDefgTestData (modules/inventory/tests/slices-defg.security.test.ts:189:19)
      at Object.<anonymous> (modules/inventory/tests/slices-defg.security.test.ts:205:5)

  ΓùÅ Slices D/E/F/G RBAC ΓÇ║ POST floorplan/curtailments requires finance.write ΓåÆ 403 without it

    PrismaClientValidationError: 
    Invalid `prisma.lender.upsert()` invocation:

    {
      where: {
        id: "e3000000-0000-0000-0000-000000000003"
      },
      create: {
        id: "e3000000-0000-0000-0000-000000000003",
        dealershipId: "d1000000-0000-0000-0000-000000000001",
        name: "Defg Lender A",
    +   lenderType: LenderType
      },
      update: {}
    }

    Argument `lenderType` is missing.

      187 |   });
      188 |
    > 189 |   const lenderA = await prisma.lender.upsert({
          |                   ^
      190 |     where: { id: "e3000000-0000-0000-0000-000000000003" },
      191 |     create: {
      192 |       id: "e3000000-0000-0000-0000-000000000003",

      at An (../../node_modules/@prisma/client/runtime/library.js:29:1363)
      at zn.handleRequestError (../../node_modules/@prisma/client/runtime/library.js:121:7102)
      at zn.handleAndLogRequestError (../../node_modules/@prisma/client/runtime/library.js:121:6784)
      at zn.request (../../node_modules/@prisma/client/runtime/library.js:121:6491)
      at l (../../node_modules/@prisma/client/runtime/library.js:130:9778)
      at ensureDefgTestData (modules/inventory/tests/slices-defg.security.test.ts:189:19)
      at Object.<anonymous> (modules/inventory/tests/slices-defg.security.test.ts:205:5)

  ΓùÅ Slices D/E/F/G RBAC ΓÇ║ POST floorplan/payoff-quote requires finance.write ΓåÆ 403 without it

    PrismaClientValidationError: 
    Invalid `prisma.lender.upsert()` invocation:

    {
      where: {
        id: "e3000000-0000-0000-0000-000000000003"
      },
      create: {
        id: "e3000000-0000-0000-0000-000000000003",
        dealershipId: "d1000000-0000-0000-0000-000000000001",
        name: "Defg Lender A",
    +   lenderType: LenderType
      },
      update: {}
    }

    Argument `lenderType` is missing.

      187 |   });
      188 |
    > 189 |   const lenderA = await prisma.lender.upsert({
          |                   ^
      190 |     where: { id: "e3000000-0000-0000-0000-000000000003" },
      191 |     create: {
      192 |       id: "e3000000-0000-0000-0000-000000000003",

      at An (../../node_modules/@prisma/client/runtime/library.js:29:1363)
      at zn.handleRequestError (../../node_modules/@prisma/client/runtime/library.js:121:7102)
      at zn.handleAndLogRequestError (../../node_modules/@prisma/client/runtime/library.js:121:6784)
      at zn.request (../../node_modules/@prisma/client/runtime/library.js:121:6491)
      at l (../../node_modules/@prisma/client/runtime/library.js:130:9778)
      at ensureDefgTestData (modules/inventory/tests/slices-defg.security.test.ts:189:19)
      at Object.<anonymous> (modules/inventory/tests/slices-defg.security.test.ts:205:5)

  ΓùÅ Slices D/E/F/G tenant isolation ΓÇ║ decodeVin for other dealer vehicle throws NOT_FOUND ΓåÆ 404

    PrismaClientValidationError: 
    Invalid `prisma.lender.upsert()` invocation:

    {
      where: {
        id: "e3000000-0000-0000-0000-000000000003"
      },
      create: {
        id: "e3000000-0000-0000-0000-000000000003",
        dealershipId: "d1000000-0000-0000-0000-000000000001",
        name: "Defg Lender A",
    +   lenderType: LenderType
      },
      update: {}
    }

    Argument `lenderType` is missing.

      187 |   });
      188 |
    > 189 |   const lenderA = await prisma.lender.upsert({
          |                   ^
      190 |     where: { id: "e3000000-0000-0000-0000-000000000003" },
      191 |     create: {
      192 |       id: "e3000000-0000-0000-0000-000000000003",

      at An (../../node_modules/@prisma/client/runtime/library.js:29:1363)
      at zn.handleRequestError (../../node_modules/@prisma/client/runtime/library.js:121:7102)
      at zn.handleAndLogRequestError (../../node_modules/@prisma/client/runtime/library.js:121:6784)
      at zn.request (../../node_modules/@prisma/client/runtime/library.js:121:6491)
      at l (../../node_modules/@prisma/client/runtime/library.js:130:9778)
      at ensureDefgTestData (modules/inventory/tests/slices-defg.security.test.ts:189:19)
      at Object.<anonymous> (modules/inventory/tests/slices-defg.security.test.ts:333:18)

  ΓùÅ Slices D/E/F/G tenant isolation ΓÇ║ getVin for other dealer vehicle throws NOT_FOUND ΓåÆ 404

    PrismaClientValidationError: 
    Invalid `prisma.lender.upsert()` invocation:

    {
      where: {
        id: "e3000000-0000-0000-0000-000000000003"
      },
      create: {
        id: "e3000000-0000-0000-0000-000000000003",
        dealershipId: "d1000000-0000-0000-0000-000000000001",
        name: "Defg Lender A",
    +   lenderType: LenderType
      },
      update: {}
    }

    Argument `lenderType` is missing.

      187 |   });
      188 |
    > 189 |   const lenderA = await prisma.lender.upsert({
          |                   ^
      190 |     where: { id: "e3000000-0000-0000-0000-000000000003" },
      191 |     create: {
      192 |       id: "e3000000-0000-0000-0000-000000000003",

      at An (../../node_modules/@prisma/client/runtime/library.js:29:1363)
      at zn.handleRequestError (../../node_modules/@prisma/client/runtime/library.js:121:7102)
      at zn.handleAndLogRequestError (../../node_modules/@prisma/client/runtime/library.js:121:6784)
      at zn.request (../../node_modules/@prisma/client/runtime/library.js:121:6491)
      at l (../../node_modules/@prisma/client/runtime/library.js:130:9778)
      at ensureDefgTestData (modules/inventory/tests/slices-defg.security.test.ts:189:19)
      at Object.<anonymous> (modules/inventory/tests/slices-defg.security.test.ts:333:18)

  ΓùÅ Slices D/E/F/G tenant isolation ΓÇ║ listValuations for other dealer vehicle throws NOT_FOUND ΓåÆ 404

    PrismaClientValidationError: 
    Invalid `prisma.lender.upsert()` invocation:

    {
      where: {
        id: "e3000000-0000-0000-0000-000000000003"
      },
      create: {
        id: "e3000000-0000-0000-0000-000000000003",
        dealershipId: "d1000000-0000-0000-0000-000000000001",
        name: "Defg Lender A",
    +   lenderType: LenderType
      },
      update: {}
    }

    Argument `lenderType` is missing.

      187 |   });
      188 |
    > 189 |   const lenderA = await prisma.lender.upsert({
          |                   ^
      190 |     where: { id: "e3000000-0000-0000-0000-000000000003" },
      191 |     create: {
      192 |       id: "e3000000-0000-0000-0000-000000000003",

      at An (../../node_modules/@prisma/client/runtime/library.js:29:1363)
      at zn.handleRequestError (../../node_modules/@prisma/client/runtime/library.js:121:7102)
      at zn.handleAndLogRequestError (../../node_modules/@prisma/client/runtime/library.js:121:6784)
      at zn.request (../../node_modules/@prisma/client/runtime/library.js:121:6491)
      at l (../../node_modules/@prisma/client/runtime/library.js:130:9778)
      at ensureDefgTestData (modules/inventory/tests/slices-defg.security.test.ts:189:19)
      at Object.<anonymous> (modules/inventory/tests/slices-defg.security.test.ts:333:18)

  ΓùÅ Slices D/E/F/G tenant isolation ΓÇ║ requestValuation for other dealer vehicle throws NOT_FOUND ΓåÆ 404

    PrismaClientValidationError: 
    Invalid `prisma.lender.upsert()` invocation:

    {
      where: {
        id: "e3000000-0000-0000-0000-000000000003"
      },
      create: {
        id: "e3000000-0000-0000-0000-000000000003",
        dealershipId: "d1000000-0000-0000-0000-000000000001",
        name: "Defg Lender A",
    +   lenderType: LenderType
      },
      update: {}
    }

    Argument `lenderType` is missing.

      187 |   });
      188 |
    > 189 |   const lenderA = await prisma.lender.upsert({
          |                   ^
      190 |     where: { id: "e3000000-0000-0000-0000-000000000003" },
      191 |     create: {
      192 |       id: "e3000000-0000-0000-0000-000000000003",

      at An (../../node_modules/@prisma/client/runtime/library.js:29:1363)
      at zn.handleRequestError (../../node_modules/@prisma/client/runtime/library.js:121:7102)
      at zn.handleAndLogRequestError (../../node_modules/@prisma/client/runtime/library.js:121:6784)
      at zn.request (../../node_modules/@prisma/client/runtime/library.js:121:6491)
      at l (../../node_modules/@prisma/client/runtime/library.js:130:9778)
      at ensureDefgTestData (modules/inventory/tests/slices-defg.security.test.ts:189:19)
      at Object.<anonymous> (modules/inventory/tests/slices-defg.security.test.ts:333:18)

  ΓùÅ Slices D/E/F/G tenant isolation ΓÇ║ getRecon for other dealer vehicle returns null (vehicle not found throws)

    PrismaClientValidationError: 
    Invalid `prisma.lender.upsert()` invocation:

    {
      where: {
        id: "e3000000-0000-0000-0000-000000000003"
      },
      create: {
        id: "e3000000-0000-0000-0000-000000000003",
        dealershipId: "d1000000-0000-0000-0000-000000000001",
        name: "Defg Lender A",
    +   lenderType: LenderType
      },
      update: {}
    }

    Argument `lenderType` is missing.

      187 |   });
      188 |
    > 189 |   const lenderA = await prisma.lender.upsert({
          |                   ^
      190 |     where: { id: "e3000000-0000-0000-0000-000000000003" },
      191 |     create: {
      192 |       id: "e3000000-0000-0000-0000-000000000003",

      at An (../../node_modules/@prisma/client/runtime/library.js:29:1363)
      at zn.handleRequestError (../../node_modules/@prisma/client/runtime/library.js:121:7102)
      at zn.handleAndLogRequestError (../../node_modules/@prisma/client/runtime/library.js:121:6784)
      at zn.request (../../node_modules/@prisma/client/runtime/library.js:121:6491)
      at l (../../node_modules/@prisma/client/runtime/library.js:130:9778)
      at ensureDefgTestData (modules/inventory/tests/slices-defg.security.test.ts:189:19)
      at Object.<anonymous> (modules/inventory/tests/slices-defg.security.test.ts:333:18)

  ΓùÅ Slices D/E/F/G tenant isolation ΓÇ║ updateRecon for other dealer vehicle throws NOT_FOUND ΓåÆ 404

    PrismaClientValidationError: 
    Invalid `prisma.lender.upsert()` invocation:

    {
      where: {
        id: "e3000000-0000-0000-0000-000000000003"
      },
      create: {
        id: "e3000000-0000-0000-0000-000000000003",
        dealershipId: "d1000000-0000-0000-0000-000000000001",
        name: "Defg Lender A",
    +   lenderType: LenderType
      },
      update: {}
    }

    Argument `lenderType` is missing.

      187 |   });
      188 |
    > 189 |   const lenderA = await prisma.lender.upsert({
          |                   ^
      190 |     where: { id: "e3000000-0000-0000-0000-000000000003" },
      191 |     create: {
      192 |       id: "e3000000-0000-0000-0000-000000000003",

      at An (../../node_modules/@prisma/client/runtime/library.js:29:1363)
      at zn.handleRequestError (../../node_modules/@prisma/client/runtime/library.js:121:7102)
      at zn.handleAndLogRequestError (../../node_modules/@prisma/client/runtime/library.js:121:6784)
      at zn.request (../../node_modules/@prisma/client/runtime/library.js:121:6491)
      at l (../../node_modules/@prisma/client/runtime/library.js:130:9778)
      at ensureDefgTestData (modules/inventory/tests/slices-defg.security.test.ts:189:19)
      at Object.<anonymous> (modules/inventory/tests/slices-defg.security.test.ts:333:18)

  ΓùÅ Slices D/E/F/G tenant isolation ΓÇ║ addLineItem recon for other dealer vehicle throws NOT_FOUND ΓåÆ 404

    PrismaClientValidationError: 
    Invalid `prisma.lender.upsert()` invocation:

    {
      where: {
        id: "e3000000-0000-0000-0000-000000000003"
      },
      create: {
        id: "e3000000-0000-0000-0000-000000000003",
        dealershipId: "d1000000-0000-0000-0000-000000000001",
        name: "Defg Lender A",
    +   lenderType: LenderType
      },
      update: {}
    }

    Argument `lenderType` is missing.

      187 |   });
      188 |
    > 189 |   const lenderA = await prisma.lender.upsert({
          |                   ^
      190 |     where: { id: "e3000000-0000-0000-0000-000000000003" },
      191 |     create: {
      192 |       id: "e3000000-0000-0000-0000-000000000003",

      at An (../../node_modules/@prisma/client/runtime/library.js:29:1363)
      at zn.handleRequestError (../../node_modules/@prisma/client/runtime/library.js:121:7102)
      at zn.handleAndLogRequestError (../../node_modules/@prisma/client/runtime/library.js:121:6784)
      at zn.request (../../node_modules/@prisma/client/runtime/library.js:121:6491)
      at l (../../node_modules/@prisma/client/runtime/library.js:130:9778)
      at ensureDefgTestData (modules/inventory/tests/slices-defg.security.test.ts:189:19)
      at Object.<anonymous> (modules/inventory/tests/slices-defg.security.test.ts:333:18)

  ΓùÅ Slices D/E/F/G tenant isolation ΓÇ║ getFloorplan for other dealer vehicle throws NOT_FOUND ΓåÆ 404

    PrismaClientValidationError: 
    Invalid `prisma.lender.upsert()` invocation:

    {
      where: {
        id: "e3000000-0000-0000-0000-000000000003"
      },
      create: {
        id: "e3000000-0000-0000-0000-000000000003",
        dealershipId: "d1000000-0000-0000-0000-000000000001",
        name: "Defg Lender A",
    +   lenderType: LenderType
      },
      update: {}
    }

    Argument `lenderType` is missing.

      187 |   });
      188 |
    > 189 |   const lenderA = await prisma.lender.upsert({
          |                   ^
      190 |     where: { id: "e3000000-0000-0000-0000-000000000003" },
      191 |     create: {
      192 |       id: "e3000000-0000-0000-0000-000000000003",

      at An (../../node_modules/@prisma/client/runtime/library.js:29:1363)
      at zn.handleRequestError (../../node_modules/@prisma/client/runtime/library.js:121:7102)
      at zn.handleAndLogRequestError (../../node_modules/@prisma/client/runtime/library.js:121:6784)
      at zn.request (../../node_modules/@prisma/client/runtime/library.js:121:6491)
      at l (../../node_modules/@prisma/client/runtime/library.js:130:9778)
      at ensureDefgTestData (modules/inventory/tests/slices-defg.security.test.ts:189:19)
      at Object.<anonymous> (modules/inventory/tests/slices-defg.security.test.ts:333:18)

  ΓùÅ Slices D/E/F/G tenant isolation ΓÇ║ upsertFloorplan for other dealer vehicle throws NOT_FOUND ΓåÆ 404

    PrismaClientValidationError: 
    Invalid `prisma.lender.upsert()` invocation:

    {
      where: {
        id: "e3000000-0000-0000-0000-000000000003"
      },
      create: {
        id: "e3000000-0000-0000-0000-000000000003",
        dealershipId: "d1000000-0000-0000-0000-000000000001",
        name: "Defg Lender A",
    +   lenderType: LenderType
      },
      update: {}
    }

    Argument `lenderType` is missing.

      187 |   });
      188 |
    > 189 |   const lenderA = await prisma.lender.upsert({
          |                   ^
      190 |     where: { id: "e3000000-0000-0000-0000-000000000003" },
      191 |     create: {
      192 |       id: "e3000000-0000-0000-0000-000000000003",

      at An (../../node_modules/@prisma/client/runtime/library.js:29:1363)
      at zn.handleRequestError (../../node_modules/@prisma/client/runtime/library.js:121:7102)
      at zn.handleAndLogRequestError (../../node_modules/@prisma/client/runtime/library.js:121:6784)
      at zn.request (../../node_modules/@prisma/client/runtime/library.js:121:6491)
      at l (../../node_modules/@prisma/client/runtime/library.js:130:9778)
      at ensureDefgTestData (modules/inventory/tests/slices-defg.security.test.ts:189:19)
      at Object.<anonymous> (modules/inventory/tests/slices-defg.security.test.ts:333:18)

  ΓùÅ Slices D/E/F/G tenant isolation ΓÇ║ addCurtailment for other dealer vehicle throws NOT_FOUND ΓåÆ 404

    PrismaClientValidationError: 
    Invalid `prisma.lender.upsert()` invocation:

    {
      where: {
        id: "e3000000-0000-0000-0000-000000000003"
      },
      create: {
        id: "e3000000-0000-0000-0000-000000000003",
        dealershipId: "d1000000-0000-0000-0000-000000000001",
        name: "Defg Lender A",
    +   lenderType: LenderType
      },
      update: {}
    }

    Argument `lenderType` is missing.

      187 |   });
      188 |
    > 189 |   const lenderA = await prisma.lender.upsert({
          |                   ^
      190 |     where: { id: "e3000000-0000-0000-0000-000000000003" },
      191 |     create: {
      192 |       id: "e3000000-0000-0000-0000-000000000003",

      at An (../../node_modules/@prisma/client/runtime/library.js:29:1363)
      at zn.handleRequestError (../../node_modules/@prisma/client/runtime/library.js:121:7102)
      at zn.handleAndLogRequestError (../../node_modules/@prisma/client/runtime/library.js:121:6784)
      at zn.request (../../node_modules/@prisma/client/runtime/library.js:121:6491)
      at l (../../node_modules/@prisma/client/runtime/library.js:130:9778)
      at ensureDefgTestData (modules/inventory/tests/slices-defg.security.test.ts:189:19)
      at Object.<anonymous> (modules/inventory/tests/slices-defg.security.test.ts:333:18)

  ΓùÅ Slices D/E/F/G tenant isolation ΓÇ║ setPayoffQuote for other dealer vehicle throws NOT_FOUND ΓåÆ 404

    PrismaClientValidationError: 
    Invalid `prisma.lender.upsert()` invocation:

    {
      where: {
        id: "e3000000-0000-0000-0000-000000000003"
      },
      create: {
        id: "e3000000-0000-0000-0000-000000000003",
        dealershipId: "d1000000-0000-0000-0000-000000000001",
        name: "Defg Lender A",
    +   lenderType: LenderType
      },
      update: {}
    }

    Argument `lenderType` is missing.

      187 |   });
      188 |
    > 189 |   const lenderA = await prisma.lender.upsert({
          |                   ^
      190 |     where: { id: "e3000000-0000-0000-0000-000000000003" },
      191 |     create: {
      192 |       id: "e3000000-0000-0000-0000-000000000003",

      at An (../../node_modules/@prisma/client/runtime/library.js:29:1363)
      at zn.handleRequestError (../../node_modules/@prisma/client/runtime/library.js:121:7102)
      at zn.handleAndLogRequestError (../../node_modules/@prisma/client/runtime/library.js:121:6784)
      at zn.request (../../node_modules/@prisma/client/runtime/library.js:121:6491)
      at l (../../node_modules/@prisma/client/runtime/library.js:130:9778)
      at ensureDefgTestData (modules/inventory/tests/slices-defg.security.test.ts:189:19)
      at Object.<anonymous> (modules/inventory/tests/slices-defg.security.test.ts:333:18)

  ΓùÅ Slices D/E/F/G invariants ΓÇ║ Recon: Vehicle.reconCostCents equals sum of line item costCents after 
add/update/delete

    PrismaClientValidationError: 
    Invalid `prisma.lender.upsert()` invocation:

    {
      where: {
        id: "e3000000-0000-0000-0000-000000000003"
      },
      create: {
        id: "e3000000-0000-0000-0000-000000000003",
        dealershipId: "d1000000-0000-0000-0000-000000000001",
        name: "Defg Lender A",
    +   lenderType: LenderType
      },
      update: {}
    }

    Argument `lenderType` is missing.

      187 |   });
      188 |
    > 189 |   const lenderA = await prisma.lender.upsert({
          |                   ^
      190 |     where: { id: "e3000000-0000-0000-0000-000000000003" },
      191 |     create: {
      192 |       id: "e3000000-0000-0000-0000-000000000003",

      at An (../../node_modules/@prisma/client/runtime/library.js:29:1363)
      at zn.handleRequestError (../../node_modules/@prisma/client/runtime/library.js:121:7102)
      at zn.handleAndLogRequestError (../../node_modules/@prisma/client/runtime/library.js:121:6784)
      at zn.request (../../node_modules/@prisma/client/runtime/library.js:121:6491)
      at l (../../node_modules/@prisma/client/runtime/library.js:130:9778)
      at ensureDefgTestData (modules/inventory/tests/slices-defg.security.test.ts:189:19)
      at Object.<anonymous> (modules/inventory/tests/slices-defg.security.test.ts:644:18)

  ΓùÅ Slices D/E/F/G invariants ΓÇ║ Valuations and floorplan use integer cents (valueCents, principalCents, 
amountCents, payoffQuoteCents)

    PrismaClientValidationError: 
    Invalid `prisma.lender.upsert()` invocation:

    {
      where: {
        id: "e3000000-0000-0000-0000-000000000003"
      },
      create: {
        id: "e3000000-0000-0000-0000-000000000003",
        dealershipId: "d1000000-0000-0000-0000-000000000001",
        name: "Defg Lender A",
    +   lenderType: LenderType
      },
      update: {}
    }

    Argument `lenderType` is missing.

      187 |   });
      188 |
    > 189 |   const lenderA = await prisma.lender.upsert({
          |                   ^
      190 |     where: { id: "e3000000-0000-0000-0000-000000000003" },
      191 |     create: {
      192 |       id: "e3000000-0000-0000-0000-000000000003",

      at An (../../node_modules/@prisma/client/runtime/library.js:29:1363)
      at zn.handleRequestError (../../node_modules/@prisma/client/runtime/library.js:121:7102)
      at zn.handleAndLogRequestError (../../node_modules/@prisma/client/runtime/library.js:121:6784)
      at zn.request (../../node_modules/@prisma/client/runtime/library.js:121:6491)
      at l (../../node_modules/@prisma/client/runtime/library.js:130:9778)
      at ensureDefgTestData (modules/inventory/tests/slices-defg.security.test.ts:189:19)
      at Object.<anonymous> (modules/inventory/tests/slices-defg.security.test.ts:644:18)

  ΓùÅ Slices D/E/F/G invariants ΓÇ║ RECON_OVERDUE: listVehicleIdsReconOverdue returns only IN_PROGRESS/NOT_STARTED 
with dueDate < today

    PrismaClientValidationError: 
    Invalid `prisma.lender.upsert()` invocation:

    {
      where: {
        id: "e3000000-0000-0000-0000-000000000003"
      },
      create: {
        id: "e3000000-0000-0000-0000-000000000003",
        dealershipId: "d1000000-0000-0000-0000-000000000001",
        name: "Defg Lender A",
    +   lenderType: LenderType
      },
      update: {}
    }

    Argument `lenderType` is missing.

      187 |   });
      188 |
    > 189 |   const lenderA = await prisma.lender.upsert({
          |                   ^
      190 |     where: { id: "e3000000-0000-0000-0000-000000000003" },
      191 |     create: {
      192 |       id: "e3000000-0000-0000-0000-000000000003",

      at An (../../node_modules/@prisma/client/runtime/library.js:29:1363)
      at zn.handleRequestError (../../node_modules/@prisma/client/runtime/library.js:121:7102)
      at zn.handleAndLogRequestError (../../node_modules/@prisma/client/runtime/library.js:121:6784)
      at zn.request (../../node_modules/@prisma/client/runtime/library.js:121:6491)
      at l (../../node_modules/@prisma/client/runtime/library.js:130:9778)
      at ensureDefgTestData (modules/inventory/tests/slices-defg.security.test.ts:189:19)
      at Object.<anonymous> (modules/inventory/tests/slices-defg.security.test.ts:644:18)

  ΓùÅ Slices D/E/F/G audit ΓÇ║ decodeVin creates vin_decode.requested audit log

    PrismaClientValidationError: 
    Invalid `prisma.lender.upsert()` invocation:

    {
      where: {
        id: "e3000000-0000-0000-0000-000000000003"
      },
      create: {
        id: "e3000000-0000-0000-0000-000000000003",
        dealershipId: "d1000000-0000-0000-0000-000000000001",
        name: "Defg Lender A",
    +   lenderType: LenderType
      },
      update: {}
    }

    Argument `lenderType` is missing.

      187 |   });
      188 |
    > 189 |   const lenderA = await prisma.lender.upsert({
          |                   ^
      190 |     where: { id: "e3000000-0000-0000-0000-000000000003" },
      191 |     create: {
      192 |       id: "e3000000-0000-0000-0000-000000000003",

      at An (../../node_modules/@prisma/client/runtime/library.js:29:1363)
      at zn.handleRequestError (../../node_modules/@prisma/client/runtime/library.js:121:7102)
      at zn.handleAndLogRequestError (../../node_modules/@prisma/client/runtime/library.js:121:6784)
      at zn.request (../../node_modules/@prisma/client/runtime/library.js:121:6491)
      at l (../../node_modules/@prisma/client/runtime/library.js:130:9778)
      at ensureDefgTestData (modules/inventory/tests/slices-defg.security.test.ts:189:19)
      at Object.<anonymous> (modules/inventory/tests/slices-defg.security.test.ts:776:18)

  ΓùÅ Slices D/E/F/G audit ΓÇ║ requestValuation creates vehicle_valuation.captured audit log

    PrismaClientValidationError: 
    Invalid `prisma.lender.upsert()` invocation:

    {
      where: {
        id: "e3000000-0000-0000-0000-000000000003"
      },
      create: {
        id: "e3000000-0000-0000-0000-000000000003",
        dealershipId: "d1000000-0000-0000-0000-000000000001",
        name: "Defg Lender A",
    +   lenderType: LenderType
      },
      update: {}
    }

    Argument `lenderType` is missing.

      187 |   });
      188 |
    > 189 |   const lenderA = await prisma.lender.upsert({
          |                   ^
      190 |     where: { id: "e3000000-0000-0000-0000-000000000003" },
      191 |     create: {
      192 |       id: "e3000000-0000-0000-0000-000000000003",

      at An (../../node_modules/@prisma/client/runtime/library.js:29:1363)
      at zn.handleRequestError (../../node_modules/@prisma/client/runtime/library.js:121:7102)
      at zn.handleAndLogRequestError (../../node_modules/@prisma/client/runtime/library.js:121:6784)
      at zn.request (../../node_modules/@prisma/client/runtime/library.js:121:6491)
      at l (../../node_modules/@prisma/client/runtime/library.js:130:9778)
      at ensureDefgTestData (modules/inventory/tests/slices-defg.security.test.ts:189:19)
      at Object.<anonymous> (modules/inventory/tests/slices-defg.security.test.ts:776:18)

  ΓùÅ Slices D/E/F/G audit ΓÇ║ recon line item add creates vehicle_recon_line_item.added audit log

    PrismaClientValidationError: 
    Invalid `prisma.lender.upsert()` invocation:

    {
      where: {
        id: "e3000000-0000-0000-0000-000000000003"
      },
      create: {
        id: "e3000000-0000-0000-0000-000000000003",
        dealershipId: "d1000000-0000-0000-0000-000000000001",
        name: "Defg Lender A",
    +   lenderType: LenderType
      },
      update: {}
    }

    Argument `lenderType` is missing.

      187 |   });
      188 |
    > 189 |   const lenderA = await prisma.lender.upsert({
          |                   ^
      190 |     where: { id: "e3000000-0000-0000-0000-000000000003" },
      191 |     create: {
      192 |       id: "e3000000-0000-0000-0000-000000000003",

      at An (../../node_modules/@prisma/client/runtime/library.js:29:1363)
      at zn.handleRequestError (../../node_modules/@prisma/client/runtime/library.js:121:7102)
      at zn.handleAndLogRequestError (../../node_modules/@prisma/client/runtime/library.js:121:6784)
      at zn.request (../../node_modules/@prisma/client/runtime/library.js:121:6491)
      at l (../../node_modules/@prisma/client/runtime/library.js:130:9778)
      at ensureDefgTestData (modules/inventory/tests/slices-defg.security.test.ts:189:19)
      at Object.<anonymous> (modules/inventory/tests/slices-defg.security.test.ts:776:18)

  ΓùÅ Slices D/E/F/G audit ΓÇ║ floorplan curtailment creates vehicle_floorplan.curtailment audit log

    PrismaClientValidationError: 
    Invalid `prisma.lender.upsert()` invocation:

    {
      where: {
        id: "e3000000-0000-0000-0000-000000000003"
      },
      create: {
        id: "e3000000-0000-0000-0000-000000000003",
        dealershipId: "d1000000-0000-0000-0000-000000000001",
        name: "Defg Lender A",
    +   lenderType: LenderType
      },
      update: {}
    }

    Argument `lenderType` is missing.

      187 |   });
      188 |
    > 189 |   const lenderA = await prisma.lender.upsert({
          |                   ^
      190 |     where: { id: "e3000000-0000-0000-0000-000000000003" },
      191 |     create: {
      192 |       id: "e3000000-0000-0000-0000-000000000003",

      at An (../../node_modules/@prisma/client/runtime/library.js:29:1363)
      at zn.handleRequestError (../../node_modules/@prisma/client/runtime/library.js:121:7102)
      at zn.handleAndLogRequestError (../../node_modules/@prisma/client/runtime/library.js:121:6784)
      at zn.request (../../node_modules/@prisma/client/runtime/library.js:121:6491)
      at l (../../node_modules/@prisma/client/runtime/library.js:130:9778)
      at ensureDefgTestData (modules/inventory/tests/slices-defg.security.test.ts:189:19)
      at Object.<anonymous> (modules/inventory/tests/slices-defg.security.test.ts:776:18)

FAIL modules/search/tests/global-search.integration.test.ts
  ΓùÅ Global search integration ΓÇ║ tenant isolation: search as Dealer A with term matching only Dealer B returns no B 
data

    PrismaClientKnownRequestError: 
    Invalid `prisma.deal.findMany()` invocation:


    Too many database connections opened: FATAL: remaining connection slots are reserved for roles with the SUPERUSER 
attribute
    Prisma Accelerate has built-in connection pooling to prevent such errors: https://pris.ly/client/error-accelerate

      60 |     ],
      61 |   };
    > 62 |   const rows = await prisma.deal.findMany({
         |                ^
      63 |     where,
      64 |     take: limit,
      65 |     orderBy: { createdAt: "desc" },

      at zn.handleRequestError (../../node_modules/@prisma/client/runtime/library.js:121:7459)
      at zn.handleAndLogRequestError (../../node_modules/@prisma/client/runtime/library.js:121:6784)
      at zn.request (../../node_modules/@prisma/client/runtime/library.js:121:6491)
      at l (../../node_modules/@prisma/client/runtime/library.js:130:9778)
      at Object.searchDealsByTerm (modules/deals/db/deal.ts:62:16)
          at async Promise.all (index 1)
      at globalSearch (modules/search/service/global-search.ts:69:49)
      at Object.<anonymous> (modules/search/tests/global-search.integration.test.ts:83:22)

FAIL modules/crm-pipeline-automation/tests/integration.test.ts (13.721 s)
  ΓùÅ CRM Pipeline Automation integration ΓÇ║ Job retry and dead-letter ΓÇ║ job worker processes pending jobs and 
marks completed

    PrismaClientKnownRequestError: 
    Invalid `prisma.dealerJobRun.create()` invocation:


    The column `deadLetter` does not exist in the current database.

      18 |
      19 | export async function createDealerJobRun(dealershipId: string, data: CreateDealerJobRunInput): 
Promise<void> {
    > 20 |   await prisma.dealerJobRun.create({
         |   ^
      21 |     data: {
      22 |       id: data.runId,
      23 |       dealershipId,

      at zn.handleRequestError (../../node_modules/@prisma/client/runtime/library.js:121:7459)
      at zn.handleAndLogRequestError (../../node_modules/@prisma/client/runtime/library.js:121:6784)
      at zn.request (../../node_modules/@prisma/client/runtime/library.js:121:6491)
      at l (../../node_modules/@prisma/client/runtime/library.js:130:9778)
      at Object.createDealerJobRun (modules/crm-pipeline-automation/db/dealer-job-run.ts:20:3)
      at Object.runJobWorker (modules/crm-pipeline-automation/service/job-worker.ts:146:3)
      at Object.<anonymous> (modules/crm-pipeline-automation/tests/integration.test.ts:438:22)

  ΓùÅ CRM Pipeline Automation integration ΓÇ║ Atomic job claim (no double execution) ΓÇ║ concurrent runJobWorker calls 
result in job executed once

    PrismaClientKnownRequestError: 
    Invalid `prisma.dealerJobRun.create()` invocation:


    The column `deadLetter` does not exist in the current database.

      18 |
      19 | export async function createDealerJobRun(dealershipId: string, data: CreateDealerJobRunInput): 
Promise<void> {
    > 20 |   await prisma.dealerJobRun.create({
         |   ^
      21 |     data: {
      22 |       id: data.runId,
      23 |       dealershipId,

      at zn.handleRequestError (../../node_modules/@prisma/client/runtime/library.js:121:7459)
      at zn.handleAndLogRequestError (../../node_modules/@prisma/client/runtime/library.js:121:6784)
      at zn.request (../../node_modules/@prisma/client/runtime/library.js:121:6491)
      at l (../../node_modules/@prisma/client/runtime/library.js:130:9778)
      at Object.createDealerJobRun (modules/crm-pipeline-automation/db/dealer-job-run.ts:20:3)
      at Object.runJobWorker (modules/crm-pipeline-automation/service/job-worker.ts:146:3)
          at async Promise.all (index 1)
      at Object.<anonymous> (modules/crm-pipeline-automation/tests/integration.test.ts:492:24)

  ΓùÅ CRM Pipeline Automation integration ΓÇ║ Sequence stop conditions (WON before delayed step) ΓÇ║ delayed second 
step does not execute after opportunity WON

    PrismaClientKnownRequestError: 
    Invalid `prisma.dealerJobRun.create()` invocation:


    The column `deadLetter` does not exist in the current database.

      18 |
      19 | export async function createDealerJobRun(dealershipId: string, data: CreateDealerJobRunInput): 
Promise<void> {
    > 20 |   await prisma.dealerJobRun.create({
         |   ^
      21 |     data: {
      22 |       id: data.runId,
      23 |       dealershipId,

      at zn.handleRequestError (../../node_modules/@prisma/client/runtime/library.js:121:7459)
      at zn.handleAndLogRequestError (../../node_modules/@prisma/client/runtime/library.js:121:6784)
      at zn.request (../../node_modules/@prisma/client/runtime/library.js:121:6491)
      at l (../../node_modules/@prisma/client/runtime/library.js:130:9778)
      at Object.createDealerJobRun (modules/crm-pipeline-automation/db/dealer-job-run.ts:20:3)
      at Object.runJobWorker (modules/crm-pipeline-automation/service/job-worker.ts:146:3)
      at Object.<anonymous> (modules/crm-pipeline-automation/tests/integration.test.ts:560:7)

FAIL modules/customers/tests/rbac.test.ts
  ΓùÅ Customers RBAC ΓÇ║ no customers.read ΓåÆ FORBIDDEN (403) on read operations

    PrismaClientKnownRequestError: 
    Invalid `prisma.userRole.findMany()` invocation:


    Too many database connections opened: FATAL: remaining connection slots are reserved for roles with the SUPERUSER 
attribute
    Prisma Accelerate has built-in connection pooling to prevent such errors: https://pris.ly/client/error-accelerate

      18 |   dealershipId: string
      19 | ): Promise<DealerAuthContext> {
    > 20 |   const [userRoles, overrides, membership] = await Promise.all([
         |                                              ^
      21 |     prisma.userRole.findMany({
      22 |       where: {
      23 |         userId,

      at zn.handleRequestError (../../node_modules/@prisma/client/runtime/library.js:121:7459)
      at zn.handleAndLogRequestError (../../node_modules/@prisma/client/runtime/library.js:121:6784)
      at zn.request (../../node_modules/@prisma/client/runtime/library.js:121:6491)
      at l (../../node_modules/@prisma/client/runtime/library.js:130:9778)
          at async Promise.all (index 0)
      at getDealerAuthContext (lib/rbac.ts:20:46)
      at loadUserPermissions (lib/rbac.ts:101:15)
      at Object.<anonymous> (modules/customers/tests/rbac.test.ts:87:19)

  ΓùÅ Customers RBAC ΓÇ║ no customers.write ΓåÆ FORBIDDEN (403) on write operations (POST/PATCH/DELETE)

    PrismaClientKnownRequestError: 
    Invalid `prisma.userRole.findMany()` invocation:


    Too many database connections opened: FATAL: remaining connection slots are reserved for roles with the SUPERUSER 
attribute
    Prisma Accelerate has built-in connection pooling to prevent such errors: https://pris.ly/client/error-accelerate

      18 |   dealershipId: string
      19 | ): Promise<DealerAuthContext> {
    > 20 |   const [userRoles, overrides, membership] = await Promise.all([
         |                                              ^
      21 |     prisma.userRole.findMany({
      22 |       where: {
      23 |         userId,

      at zn.handleRequestError (../../node_modules/@prisma/client/runtime/library.js:121:7459)
      at zn.handleAndLogRequestError (../../node_modules/@prisma/client/runtime/library.js:121:6784)
      at zn.request (../../node_modules/@prisma/client/runtime/library.js:121:6491)
      at l (../../node_modules/@prisma/client/runtime/library.js:130:9778)
          at async Promise.all (index 0)
      at getDealerAuthContext (lib/rbac.ts:20:46)
      at loadUserPermissions (lib/rbac.ts:101:15)
      at Object.<anonymous> (modules/customers/tests/rbac.test.ts:100:19)

  ΓùÅ Customers RBAC ΓÇ║ FORBIDDEN from missing customers.read maps to 403 response status

    expect(received).toBe(expected) // Object.is equality

    Expected: 403
    Received: 500

      117 |     } catch (e) {
      118 |       const { status } = toErrorPayload(e);
    > 119 |       expect(status).toBe(403);
          |                      ^
      120 |     }
      121 |   });
      122 |

      at Object.toBe (modules/customers/tests/rbac.test.ts:119:22)

  ΓùÅ Customers RBAC ΓÇ║ GET timeline and GET callbacks require customers.read (read-only user has it)

    PrismaClientKnownRequestError: 
    Invalid `prisma.membership.findFirst()` invocation:


    Too many database connections opened: FATAL: sorry, too many clients already
    Prisma Accelerate has built-in connection pooling to prevent such errors: https://pris.ly/client/error-accelerate

      18 |   dealershipId: string
      19 | ): Promise<DealerAuthContext> {
    > 20 |   const [userRoles, overrides, membership] = await Promise.all([
         |                                              ^
      21 |     prisma.userRole.findMany({
      22 |       where: {
      23 |         userId,

      at zn.handleRequestError (../../node_modules/@prisma/client/runtime/library.js:121:7459)
      at zn.handleAndLogRequestError (../../node_modules/@prisma/client/runtime/library.js:121:6784)
      at zn.request (../../node_modules/@prisma/client/runtime/library.js:121:6491)
      at l (../../node_modules/@prisma/client/runtime/library.js:130:9778)
          at async Promise.all (index 2)
      at getDealerAuthContext (lib/rbac.ts:20:46)
      at loadUserPermissions (lib/rbac.ts:101:15)
      at Object.<anonymous> (modules/customers/tests/rbac.test.ts:124:19)

  ΓùÅ Customers RBAC ΓÇ║ POST note, POST call, POST callback, PATCH callback require customers.write (read-only user 
cannot)

    PrismaClientKnownRequestError: 
    Invalid `prisma.membership.findFirst()` invocation:


    Too many database connections opened: FATAL: remaining connection slots are reserved for roles with the SUPERUSER 
attribute
    Prisma Accelerate has built-in connection pooling to prevent such errors: https://pris.ly/client/error-accelerate

      18 |   dealershipId: string
      19 | ): Promise<DealerAuthContext> {
    > 20 |   const [userRoles, overrides, membership] = await Promise.all([
         |                                              ^
      21 |     prisma.userRole.findMany({
      22 |       where: {
      23 |         userId,

      at zn.handleRequestError (../../node_modules/@prisma/client/runtime/library.js:121:7459)
      at zn.handleAndLogRequestError (../../node_modules/@prisma/client/runtime/library.js:121:6784)
      at zn.request (../../node_modules/@prisma/client/runtime/library.js:121:6491)
      at l (../../node_modules/@prisma/client/runtime/library.js:130:9778)
          at async Promise.all (index 2)
      at getDealerAuthContext (lib/rbac.ts:20:46)
      at loadUserPermissions (lib/rbac.ts:101:15)
      at Object.<anonymous> (modules/customers/tests/rbac.test.ts:132:19)

  ΓùÅ Customers RBAC ΓÇ║ POST last-visit / updateLastVisit requires customers.read (read-only user can call)

    PrismaClientKnownRequestError: 
    Invalid `prisma.membership.findFirst()` invocation:


    Too many database connections opened: FATAL: remaining connection slots are reserved for roles with the SUPERUSER 
attribute
    Prisma Accelerate has built-in connection pooling to prevent such errors: https://pris.ly/client/error-accelerate

      18 |   dealershipId: string
      19 | ): Promise<DealerAuthContext> {
    > 20 |   const [userRoles, overrides, membership] = await Promise.all([
         |                                              ^
      21 |     prisma.userRole.findMany({
      22 |       where: {
      23 |         userId,

      at zn.handleRequestError (../../node_modules/@prisma/client/runtime/library.js:121:7459)
      at zn.handleAndLogRequestError (../../node_modules/@prisma/client/runtime/library.js:121:6784)
      at zn.request (../../node_modules/@prisma/client/runtime/library.js:121:6491)
      at l (../../node_modules/@prisma/client/runtime/library.js:130:9778)
          at async Promise.all (index 2)
      at getDealerAuthContext (lib/rbac.ts:20:46)
      at loadUserPermissions (lib/rbac.ts:101:15)
      at Object.<anonymous> (modules/customers/tests/rbac.test.ts:145:19)

FAIL modules/core-platform/tests/audit.test.ts
  ΓùÅ Audit ΓÇ║ updating membership role creates audit log row with expected action and entity

    PrismaClientInitializationError: 
    Invalid `prisma.dealership.upsert()` invocation:


    Too many database connections opened: FATAL: remaining connection slots are reserved for roles with the SUPERUSER 
attribute

      26 |
      27 | async function ensureTestData(): Promise<{ membershipId: string; roleId2: string }> {
    > 28 |   await prisma.dealership.upsert({
         |   ^
      29 |     where: { id: dealerId },
      30 |     create: { id: dealerId, name: "Audit Test Dealer" },
      31 |     update: {},

      at zn.handleRequestError (../../node_modules/@prisma/client/runtime/library.js:121:7759)
      at zn.handleAndLogRequestError (../../node_modules/@prisma/client/runtime/library.js:121:6784)
      at zn.request (../../node_modules/@prisma/client/runtime/library.js:121:6491)
      at l (../../node_modules/@prisma/client/runtime/library.js:130:9778)
      at ensureTestData (modules/core-platform/tests/audit.test.ts:28:3)
      at Object.<anonymous> (modules/core-platform/tests/audit.test.ts:81:5)

  ΓùÅ Audit ΓÇ║ updating role permissions creates audit log row role.updated with safe metadata

    PrismaClientInitializationError: 
    Invalid `prisma.dealership.upsert()` invocation:


    Too many database connections opened: FATAL: remaining connection slots are reserved for roles with the SUPERUSER 
attribute

      26 |
      27 | async function ensureTestData(): Promise<{ membershipId: string; roleId2: string }> {
    > 28 |   await prisma.dealership.upsert({
         |   ^
      29 |     where: { id: dealerId },
      30 |     create: { id: dealerId, name: "Audit Test Dealer" },
      31 |     update: {},

      at zn.handleRequestError (../../node_modules/@prisma/client/runtime/library.js:121:7759)
      at zn.handleAndLogRequestError (../../node_modules/@prisma/client/runtime/library.js:121:6784)
      at zn.request (../../node_modules/@prisma/client/runtime/library.js:121:6491)
      at l (../../node_modules/@prisma/client/runtime/library.js:130:9778)
      at ensureTestData (modules/core-platform/tests/audit.test.ts:28:3)
      at Object.<anonymous> (modules/core-platform/tests/audit.test.ts:81:5)

  ΓùÅ Audit ΓÇ║ getSignedUrl creates file.accessed audit log row when signed URL is issued

    PrismaClientInitializationError: 
    Invalid `prisma.dealership.upsert()` invocation:


    Too many database connections opened: FATAL: remaining connection slots are reserved for roles with the SUPERUSER 
attribute

      26 |
      27 | async function ensureTestData(): Promise<{ membershipId: string; roleId2: string }> {
    > 28 |   await prisma.dealership.upsert({
         |   ^
      29 |     where: { id: dealerId },
      30 |     create: { id: dealerId, name: "Audit Test Dealer" },
      31 |     update: {},

      at zn.handleRequestError (../../node_modules/@prisma/client/runtime/library.js:121:7759)
      at zn.handleAndLogRequestError (../../node_modules/@prisma/client/runtime/library.js:121:6784)
      at zn.request (../../node_modules/@prisma/client/runtime/library.js:121:6491)
      at l (../../node_modules/@prisma/client/runtime/library.js:130:9778)
      at ensureTestData (modules/core-platform/tests/audit.test.ts:28:3)
      at Object.<anonymous> (modules/core-platform/tests/audit.test.ts:81:5)

FAIL modules/core-platform/tests/rbac-dealercenter.test.ts
  ΓùÅ RBAC DealerCenter ΓÇ║ role union: user with two roles has union of permissions

    PrismaClientKnownRequestError: 
    Invalid `prisma.membership.findFirst()` invocation:


    Too many database connections opened: FATAL: remaining connection slots are reserved for roles with the SUPERUSER 
attribute
    Prisma Accelerate has built-in connection pooling to prevent such errors: https://pris.ly/client/error-accelerate

      18 |   dealershipId: string
      19 | ): Promise<DealerAuthContext> {
    > 20 |   const [userRoles, overrides, membership] = await Promise.all([
         |                                              ^
      21 |     prisma.userRole.findMany({
      22 |       where: {
      23 |         userId,

      at zn.handleRequestError (../../node_modules/@prisma/client/runtime/library.js:121:7459)
      at zn.handleAndLogRequestError (../../node_modules/@prisma/client/runtime/library.js:121:6784)
      at zn.request (../../node_modules/@prisma/client/runtime/library.js:121:6491)
      at l (../../node_modules/@prisma/client/runtime/library.js:130:9778)
          at async Promise.all (index 2)
      at getDealerAuthContext (lib/rbac.ts:20:46)
      at loadUserPermissions (lib/rbac.ts:101:15)
      at Object.<anonymous> (modules/core-platform/tests/rbac-dealercenter.test.ts:111:19)

  ΓùÅ RBAC DealerCenter ΓÇ║ default deny: user without permission gets 403

    expect(received).rejects.toThrow(expected)

    Expected constructor: ApiError
    Received constructor: PrismaClientKnownRequestError

    Received message: "
    Invalid `prisma.membership.findFirst()` invocation:┬╖┬╖
    Too many database connections opened: FATAL: remaining connection slots are reserved for roles with the SUPERUSER 
attribute
    Prisma Accelerate has built-in connection pooling to prevent such errors: https://pris.ly/client/error-accelerate"

          18 |   dealershipId: string
          19 | ): Promise<DealerAuthContext> {
        > 20 |   const [userRoles, overrides, membership] = await Promise.all([
             |                                              ^
          21 |     prisma.userRole.findMany({
          22 |       where: {
          23 |         userId,

      at zn.handleRequestError (../../node_modules/@prisma/client/runtime/library.js:121:7459)
      at zn.handleAndLogRequestError (../../node_modules/@prisma/client/runtime/library.js:121:6784)
      at zn.request (../../node_modules/@prisma/client/runtime/library.js:121:6491)
      at l (../../node_modules/@prisma/client/runtime/library.js:130:9778)
                at async Promise.all (index 2)
      at getDealerAuthContext (lib/rbac.ts:20:46)
      at loadUserPermissions (lib/rbac.ts:101:15)
      at requirePermission (lib/rbac.ts:113:23)
      at Object.<anonymous> (modules/core-platform/tests/rbac-dealercenter.test.ts:117:5)
      at Object.toThrow (../../node_modules/expect/build/index.js:2155:20)
      at Object.toThrow (modules/core-platform/tests/rbac-dealercenter.test.ts:119:15)

  ΓùÅ RBAC DealerCenter ΓÇ║ override enabled=false removes role-granted permission

    PrismaClientKnownRequestError: 
    Invalid `prisma.dealership.findUnique()` invocation:


    Too many database connections opened: FATAL: remaining connection slots are reserved for roles with the SUPERUSER 
attribute
    Prisma Accelerate has built-in connection pooling to prevent such errors: https://pris.ly/client/error-accelerate

      28 |   mode: TenantAccessMode
      29 | ): Promise<void> {
    > 30 |   const dealership = await prisma.dealership.findUnique({
         |                      ^
      31 |     where: { id: dealershipId },
      32 |     select: { lifecycleStatus: true },
      33 |   });

      at zn.handleRequestError (../../node_modules/@prisma/client/runtime/library.js:121:7459)
      at zn.handleAndLogRequestError (../../node_modules/@prisma/client/runtime/library.js:121:6784)
      at zn.request (../../node_modules/@prisma/client/runtime/library.js:121:6491)
      at l (../../node_modules/@prisma/client/runtime/library.js:130:9778)
      at requireTenantStatus (lib/tenant-status.ts:30:22)
      at Object.setPermissionOverride (modules/core-platform/service/user-admin.ts:49:3)
      at Object.<anonymous> (modules/core-platform/tests/rbac-dealercenter.test.ts:128:5)

  ΓùÅ RBAC DealerCenter ΓÇ║ override enabled=true grants permission not in any role

    Permission not found

      61 | ): Promise<{ permissionKey: string; enabled: boolean }> {
      62 |   const perm = await prisma.permission.findUnique({ where: { key: permissionKey } });
    > 63 |   if (!perm) throw new Error("Permission not found");
         |                    ^
      64 |   await prisma.userPermissionOverride.upsert({
      65 |     where: { userId_permissionId: { userId, permissionId: perm.id } },
      66 |     create: {

      at Object.setPermissionOverride (modules/core-platform/db/user-roles.ts:63:20)
      at Object.setPermissionOverride (modules/core-platform/service/user-admin.ts:54:18)
      at Object.<anonymous> (modules/core-platform/tests/rbac-dealercenter.test.ts:150:5)

  ΓùÅ RBAC DealerCenter ΓÇ║ getDealerAuthContext returns roleKeys and effectivePermissions

    PrismaClientKnownRequestError: 
    Invalid `prisma.membership.findFirst()` invocation:


    Too many database connections opened: FATAL: remaining connection slots are reserved for roles with the SUPERUSER 
attribute
    Prisma Accelerate has built-in connection pooling to prevent such errors: https://pris.ly/client/error-accelerate

      18 |   dealershipId: string
      19 | ): Promise<DealerAuthContext> {
    > 20 |   const [userRoles, overrides, membership] = await Promise.all([
         |                                              ^
      21 |     prisma.userRole.findMany({
      22 |       where: {
      23 |         userId,

      at zn.handleRequestError (../../node_modules/@prisma/client/runtime/library.js:121:7459)
      at zn.handleAndLogRequestError (../../node_modules/@prisma/client/runtime/library.js:121:6784)
      at zn.request (../../node_modules/@prisma/client/runtime/library.js:121:6491)
      at l (../../node_modules/@prisma/client/runtime/library.js:130:9778)
          at async Promise.all (index 2)
      at getDealerAuthContext (lib/rbac.ts:20:46)
      at Object.<anonymous> (modules/core-platform/tests/rbac-dealercenter.test.ts:180:17)

FAIL modules/documents/tests/audit.test.ts
  ΓùÅ Documents audit ΓÇ║ getSignedUrl creates document.accessed audit log row on success

    PrismaClientInitializationError: 
    Invalid `prisma.dealership.upsert()` invocation:


    Too many database connections opened: FATAL: remaining connection slots are reserved for roles with the SUPERUSER 
attribute

      14 | (hasDb ? describe : describe.skip)("Documents audit", () => {
      15 |   beforeAll(async () => {
    > 16 |     await prisma.dealership.upsert({
         |     ^
      17 |       where: { id: dealerId },
      18 |       create: { id: dealerId, name: "Audit Dealer" },
      19 |       update: {},

      at zn.handleRequestError (../../node_modules/@prisma/client/runtime/library.js:121:7759)
      at zn.handleAndLogRequestError (../../node_modules/@prisma/client/runtime/library.js:121:6784)
      at zn.request (../../node_modules/@prisma/client/runtime/library.js:121:6491)
      at l (../../node_modules/@prisma/client/runtime/library.js:130:9778)
      at Object.<anonymous> (modules/documents/tests/audit.test.ts:16:5)

  ΓùÅ Documents audit ΓÇ║ getSignedUrl with NOT_FOUND does not write document.accessed audit

    PrismaClientInitializationError: 
    Invalid `prisma.dealership.upsert()` invocation:


    Too many database connections opened: FATAL: remaining connection slots are reserved for roles with the SUPERUSER 
attribute

      14 | (hasDb ? describe : describe.skip)("Documents audit", () => {
      15 |   beforeAll(async () => {
    > 16 |     await prisma.dealership.upsert({
         |     ^
      17 |       where: { id: dealerId },
      18 |       create: { id: dealerId, name: "Audit Dealer" },
      19 |       update: {},

      at zn.handleRequestError (../../node_modules/@prisma/client/runtime/library.js:121:7759)
      at zn.handleAndLogRequestError (../../node_modules/@prisma/client/runtime/library.js:121:6784)
      at zn.request (../../node_modules/@prisma/client/runtime/library.js:121:6491)
      at l (../../node_modules/@prisma/client/runtime/library.js:130:9778)
      at Object.<anonymous> (modules/documents/tests/audit.test.ts:16:5)

  ΓùÅ Documents audit ΓÇ║ deleteDocument creates document.deleted audit log row

    PrismaClientInitializationError: 
    Invalid `prisma.dealership.upsert()` invocation:


    Too many database connections opened: FATAL: remaining connection slots are reserved for roles with the SUPERUSER 
attribute

      14 | (hasDb ? describe : describe.skip)("Documents audit", () => {
      15 |   beforeAll(async () => {
    > 16 |     await prisma.dealership.upsert({
         |     ^
      17 |       where: { id: dealerId },
      18 |       create: { id: dealerId, name: "Audit Dealer" },
      19 |       update: {},

      at zn.handleRequestError (../../node_modules/@prisma/client/runtime/library.js:121:7759)
      at zn.handleAndLogRequestError (../../node_modules/@prisma/client/runtime/library.js:121:6784)
      at zn.request (../../node_modules/@prisma/client/runtime/library.js:121:6491)
      at l (../../node_modules/@prisma/client/runtime/library.js:130:9778)
      at Object.<anonymous> (modules/documents/tests/audit.test.ts:16:5)

  ΓùÅ Documents audit ΓÇ║ updateDocumentMetadata creates document.updated audit log row

    PrismaClientInitializationError: 
    Invalid `prisma.dealership.upsert()` invocation:


    Too many database connections opened: FATAL: remaining connection slots are reserved for roles with the SUPERUSER 
attribute

      14 | (hasDb ? describe : describe.skip)("Documents audit", () => {
      15 |   beforeAll(async () => {
    > 16 |     await prisma.dealership.upsert({
         |     ^
      17 |       where: { id: dealerId },
      18 |       create: { id: dealerId, name: "Audit Dealer" },
      19 |       update: {},

      at zn.handleRequestError (../../node_modules/@prisma/client/runtime/library.js:121:7759)
      at zn.handleAndLogRequestError (../../node_modules/@prisma/client/runtime/library.js:121:6784)
      at zn.request (../../node_modules/@prisma/client/runtime/library.js:121:6491)
      at l (../../node_modules/@prisma/client/runtime/library.js:130:9778)
      at Object.<anonymous> (modules/documents/tests/audit.test.ts:16:5)

FAIL modules/deals/tests/audit.test.ts (10.903 s)
  ΓùÅ Deals audit log ΓÇ║ records deal.created, deal.fee_added, deal.updated, and deal.status_changed

    expect(received).toContain(expected) // indexOf

    Expected value: "deal.fee_added"
    Received array: ["deal.created", "deal.updated", "deal.status_changed"]

      81 |     const dealActions = dealLogs.map((l) => l.action);
      82 |     expect(dealActions).toContain("deal.created");
    > 83 |     expect(dealActions).toContain("deal.fee_added");
         |                         ^
      84 |     expect(dealActions).toContain("deal.updated");
      85 |     expect(dealActions).toContain("deal.status_changed");
      86 |     dealLogs.forEach((log) => {

      at Object.toContain (modules/deals/tests/audit.test.ts:83:25)

FAIL modules/inventory/tests/audit.test.ts
  ΓùÅ Inventory audit ΓÇ║ createVehicle creates vehicle.created audit log row

    PrismaClientInitializationError: 
    Invalid `prisma.dealership.upsert()` invocation:


    Too many database connections opened: FATAL: remaining connection slots are reserved for roles with the SUPERUSER 
attribute

      22 |
      23 | async function ensureTestData(): Promise<{ vehicleId: string }> {
    > 24 |   await prisma.dealership.upsert({
         |   ^
      25 |     where: { id: dealerId },
      26 |     create: { id: dealerId, name: "Audit Inventory Dealer" },
      27 |     update: {},

      at zn.handleRequestError (../../node_modules/@prisma/client/runtime/library.js:121:7759)
      at zn.handleAndLogRequestError (../../node_modules/@prisma/client/runtime/library.js:121:6784)
      at zn.request (../../node_modules/@prisma/client/runtime/library.js:121:6491)
      at l (../../node_modules/@prisma/client/runtime/library.js:130:9778)
      at ensureTestData (modules/inventory/tests/audit.test.ts:24:3)
      at Object.<anonymous> (modules/inventory/tests/audit.test.ts:50:5)

  ΓùÅ Inventory audit ΓÇ║ updateVehicle with status change creates vehicle.status_changed and vehicle.updated

    PrismaClientInitializationError: 
    Invalid `prisma.dealership.upsert()` invocation:


    Too many database connections opened: FATAL: remaining connection slots are reserved for roles with the SUPERUSER 
attribute

      22 |
      23 | async function ensureTestData(): Promise<{ vehicleId: string }> {
    > 24 |   await prisma.dealership.upsert({
         |   ^
      25 |     where: { id: dealerId },
      26 |     create: { id: dealerId, name: "Audit Inventory Dealer" },
      27 |     update: {},

      at zn.handleRequestError (../../node_modules/@prisma/client/runtime/library.js:121:7759)
      at zn.handleAndLogRequestError (../../node_modules/@prisma/client/runtime/library.js:121:6784)
      at zn.request (../../node_modules/@prisma/client/runtime/library.js:121:6491)
      at l (../../node_modules/@prisma/client/runtime/library.js:130:9778)
      at ensureTestData (modules/inventory/tests/audit.test.ts:24:3)
      at Object.<anonymous> (modules/inventory/tests/audit.test.ts:50:5)

  ΓùÅ Inventory audit ΓÇ║ deleteVehicle creates vehicle.deleted audit log row

    PrismaClientInitializationError: 
    Invalid `prisma.dealership.upsert()` invocation:


    Too many database connections opened: FATAL: remaining connection slots are reserved for roles with the SUPERUSER 
attribute

      22 |
      23 | async function ensureTestData(): Promise<{ vehicleId: string }> {
    > 24 |   await prisma.dealership.upsert({
         |   ^
      25 |     where: { id: dealerId },
      26 |     create: { id: dealerId, name: "Audit Inventory Dealer" },
      27 |     update: {},

      at zn.handleRequestError (../../node_modules/@prisma/client/runtime/library.js:121:7759)
      at zn.handleAndLogRequestError (../../node_modules/@prisma/client/runtime/library.js:121:6784)
      at zn.request (../../node_modules/@prisma/client/runtime/library.js:121:6491)
      at l (../../node_modules/@prisma/client/runtime/library.js:130:9778)
      at ensureTestData (modules/inventory/tests/audit.test.ts:24:3)
      at Object.<anonymous> (modules/inventory/tests/audit.test.ts:50:5)

  ΓùÅ Inventory audit ΓÇ║ uploadVehiclePhoto creates vehicle_photo.added and file.uploaded audit log rows

    PrismaClientInitializationError: 
    Invalid `prisma.dealership.upsert()` invocation:


    Too many database connections opened: FATAL: remaining connection slots are reserved for roles with the SUPERUSER 
attribute

      22 |
      23 | async function ensureTestData(): Promise<{ vehicleId: string }> {
    > 24 |   await prisma.dealership.upsert({
         |   ^
      25 |     where: { id: dealerId },
      26 |     create: { id: dealerId, name: "Audit Inventory Dealer" },
      27 |     update: {},

      at zn.handleRequestError (../../node_modules/@prisma/client/runtime/library.js:121:7759)
      at zn.handleAndLogRequestError (../../node_modules/@prisma/client/runtime/library.js:121:6784)
      at zn.request (../../node_modules/@prisma/client/runtime/library.js:121:6491)
      at l (../../node_modules/@prisma/client/runtime/library.js:130:9778)
      at ensureTestData (modules/inventory/tests/audit.test.ts:24:3)
      at Object.<anonymous> (modules/inventory/tests/audit.test.ts:50:5)

FAIL modules/inventory/tests/tenant-isolation.test.ts
  ΓùÅ Inventory tenant isolation ΓÇ║ listVehicles for Dealer A does not return Dealer B vehicles (search, filter, 
pagination tenant-scoped)

    PrismaClientInitializationError: 
    Invalid `prisma.dealership.upsert()` invocation:


    Too many database connections opened: FATAL: remaining connection slots are reserved for roles with the SUPERUSER 
attribute

      15 |
      16 | async function ensureTestData(): Promise<{ vehicleBId: string }> {
    > 17 |   await prisma.dealership.upsert({
         |   ^
      18 |     where: { id: dealerAId },
      19 |     create: { id: dealerAId, name: "Dealer A" },
      20 |     update: {},

      at zn.handleRequestError (../../node_modules/@prisma/client/runtime/library.js:121:7759)
      at zn.handleAndLogRequestError (../../node_modules/@prisma/client/runtime/library.js:121:6784)
      at zn.request (../../node_modules/@prisma/client/runtime/library.js:121:6491)
      at l (../../node_modules/@prisma/client/runtime/library.js:130:9778)
      at ensureTestData (modules/inventory/tests/tenant-isolation.test.ts:17:3)
      at Object.<anonymous> (modules/inventory/tests/tenant-isolation.test.ts:47:5)

  ΓùÅ Inventory tenant isolation ΓÇ║ getVehicleById with wrong dealership returns null

    PrismaClientInitializationError: 
    Invalid `prisma.dealership.upsert()` invocation:


    Too many database connections opened: FATAL: remaining connection slots are reserved for roles with the SUPERUSER 
attribute

      15 |
      16 | async function ensureTestData(): Promise<{ vehicleBId: string }> {
    > 17 |   await prisma.dealership.upsert({
         |   ^
      18 |     where: { id: dealerAId },
      19 |     create: { id: dealerAId, name: "Dealer A" },
      20 |     update: {},

      at zn.handleRequestError (../../node_modules/@prisma/client/runtime/library.js:121:7759)
      at zn.handleAndLogRequestError (../../node_modules/@prisma/client/runtime/library.js:121:6784)
      at zn.request (../../node_modules/@prisma/client/runtime/library.js:121:6491)
      at l (../../node_modules/@prisma/client/runtime/library.js:130:9778)
      at ensureTestData (modules/inventory/tests/tenant-isolation.test.ts:17:3)
      at Object.<anonymous> (modules/inventory/tests/tenant-isolation.test.ts:47:5)

  ΓùÅ Inventory tenant isolation ΓÇ║ getVehicle (service) with wrong dealership throws NOT_FOUND

    PrismaClientInitializationError: 
    Invalid `prisma.dealership.upsert()` invocation:


    Too many database connections opened: FATAL: remaining connection slots are reserved for roles with the SUPERUSER 
attribute

      15 |
      16 | async function ensureTestData(): Promise<{ vehicleBId: string }> {
    > 17 |   await prisma.dealership.upsert({
         |   ^
      18 |     where: { id: dealerAId },
      19 |     create: { id: dealerAId, name: "Dealer A" },
      20 |     update: {},

      at zn.handleRequestError (../../node_modules/@prisma/client/runtime/library.js:121:7759)
      at zn.handleAndLogRequestError (../../node_modules/@prisma/client/runtime/library.js:121:6784)
      at zn.request (../../node_modules/@prisma/client/runtime/library.js:121:6491)
      at l (../../node_modules/@prisma/client/runtime/library.js:130:9778)
      at ensureTestData (modules/inventory/tests/tenant-isolation.test.ts:17:3)
      at Object.<anonymous> (modules/inventory/tests/tenant-isolation.test.ts:47:5)

  ΓùÅ Inventory tenant isolation ΓÇ║ updateVehicle with wrong dealership throws NOT_FOUND

    PrismaClientInitializationError: 
    Invalid `prisma.dealership.upsert()` invocation:


    Too many database connections opened: FATAL: remaining connection slots are reserved for roles with the SUPERUSER 
attribute

      15 |
      16 | async function ensureTestData(): Promise<{ vehicleBId: string }> {
    > 17 |   await prisma.dealership.upsert({
         |   ^
      18 |     where: { id: dealerAId },
      19 |     create: { id: dealerAId, name: "Dealer A" },
      20 |     update: {},

      at zn.handleRequestError (../../node_modules/@prisma/client/runtime/library.js:121:7759)
      at zn.handleAndLogRequestError (../../node_modules/@prisma/client/runtime/library.js:121:6784)
      at zn.request (../../node_modules/@prisma/client/runtime/library.js:121:6491)
      at l (../../node_modules/@prisma/client/runtime/library.js:130:9778)
      at ensureTestData (modules/inventory/tests/tenant-isolation.test.ts:17:3)
      at Object.<anonymous> (modules/inventory/tests/tenant-isolation.test.ts:47:5)

  ΓùÅ Inventory tenant isolation ΓÇ║ deleteVehicle with wrong dealership returns null

    PrismaClientInitializationError: 
    Invalid `prisma.dealership.upsert()` invocation:


    Too many database connections opened: FATAL: remaining connection slots are reserved for roles with the SUPERUSER 
attribute

      15 |
      16 | async function ensureTestData(): Promise<{ vehicleBId: string }> {
    > 17 |   await prisma.dealership.upsert({
         |   ^
      18 |     where: { id: dealerAId },
      19 |     create: { id: dealerAId, name: "Dealer A" },
      20 |     update: {},

      at zn.handleRequestError (../../node_modules/@prisma/client/runtime/library.js:121:7759)
      at zn.handleAndLogRequestError (../../node_modules/@prisma/client/runtime/library.js:121:6784)
      at zn.request (../../node_modules/@prisma/client/runtime/library.js:121:6491)
      at l (../../node_modules/@prisma/client/runtime/library.js:130:9778)
      at ensureTestData (modules/inventory/tests/tenant-isolation.test.ts:17:3)
      at Object.<anonymous> (modules/inventory/tests/tenant-isolation.test.ts:47:5)

  ΓùÅ Inventory tenant isolation ΓÇ║ listVehiclePhotos for Dealer B vehicle when called as Dealer A throws NOT_FOUND

    PrismaClientInitializationError: 
    Invalid `prisma.dealership.upsert()` invocation:


    Too many database connections opened: FATAL: remaining connection slots are reserved for roles with the SUPERUSER 
attribute

      15 |
      16 | async function ensureTestData(): Promise<{ vehicleBId: string }> {
    > 17 |   await prisma.dealership.upsert({
         |   ^
      18 |     where: { id: dealerAId },
      19 |     create: { id: dealerAId, name: "Dealer A" },
      20 |     update: {},

      at zn.handleRequestError (../../node_modules/@prisma/client/runtime/library.js:121:7759)
      at zn.handleAndLogRequestError (../../node_modules/@prisma/client/runtime/library.js:121:6784)
      at zn.request (../../node_modules/@prisma/client/runtime/library.js:121:6491)
      at l (../../node_modules/@prisma/client/runtime/library.js:130:9778)
      at ensureTestData (modules/inventory/tests/tenant-isolation.test.ts:17:3)
      at Object.<anonymous> (modules/inventory/tests/tenant-isolation.test.ts:47:5)

  ΓùÅ Inventory tenant isolation ΓÇ║ uploadVehiclePhoto for Dealer B vehicle when called as Dealer A throws NOT_FOUND

    PrismaClientInitializationError: 
    Invalid `prisma.dealership.upsert()` invocation:


    Too many database connections opened: FATAL: remaining connection slots are reserved for roles with the SUPERUSER 
attribute

      15 |
      16 | async function ensureTestData(): Promise<{ vehicleBId: string }> {
    > 17 |   await prisma.dealership.upsert({
         |   ^
      18 |     where: { id: dealerAId },
      19 |     create: { id: dealerAId, name: "Dealer A" },
      20 |     update: {},

      at zn.handleRequestError (../../node_modules/@prisma/client/runtime/library.js:121:7759)
      at zn.handleAndLogRequestError (../../node_modules/@prisma/client/runtime/library.js:121:6784)
      at zn.request (../../node_modules/@prisma/client/runtime/library.js:121:6491)
      at l (../../node_modules/@prisma/client/runtime/library.js:130:9778)
      at ensureTestData (modules/inventory/tests/tenant-isolation.test.ts:17:3)
      at Object.<anonymous> (modules/inventory/tests/tenant-isolation.test.ts:47:5)

  ΓùÅ Inventory tenant isolation ΓÇ║ deleteVehiclePhoto for Dealer B vehicle when called as Dealer A throws NOT_FOUND

    PrismaClientInitializationError: 
    Invalid `prisma.dealership.upsert()` invocation:


    Too many database connections opened: FATAL: remaining connection slots are reserved for roles with the SUPERUSER 
attribute

      15 |
      16 | async function ensureTestData(): Promise<{ vehicleBId: string }> {
    > 17 |   await prisma.dealership.upsert({
         |   ^
      18 |     where: { id: dealerAId },
      19 |     create: { id: dealerAId, name: "Dealer A" },
      20 |     update: {},

      at zn.handleRequestError (../../node_modules/@prisma/client/runtime/library.js:121:7759)
      at zn.handleAndLogRequestError (../../node_modules/@prisma/client/runtime/library.js:121:6784)
      at zn.request (../../node_modules/@prisma/client/runtime/library.js:121:6491)
      at l (../../node_modules/@prisma/client/runtime/library.js:130:9778)
      at ensureTestData (modules/inventory/tests/tenant-isolation.test.ts:17:3)
      at Object.<anonymous> (modules/inventory/tests/tenant-isolation.test.ts:47:5)

  ΓùÅ Inventory tenant isolation ΓÇ║ deleteVehiclePhoto with fileId belonging to another dealer's vehicle returns 
NOT_FOUND

    PrismaClientInitializationError: 
    Invalid `prisma.dealership.upsert()` invocation:


    Too many database connections opened: FATAL: remaining connection slots are reserved for roles with the SUPERUSER 
attribute

      15 |
      16 | async function ensureTestData(): Promise<{ vehicleBId: string }> {
    > 17 |   await prisma.dealership.upsert({
         |   ^
      18 |     where: { id: dealerAId },
      19 |     create: { id: dealerAId, name: "Dealer A" },
      20 |     update: {},

      at zn.handleRequestError (../../node_modules/@prisma/client/runtime/library.js:121:7759)
      at zn.handleAndLogRequestError (../../node_modules/@prisma/client/runtime/library.js:121:6784)
      at zn.request (../../node_modules/@prisma/client/runtime/library.js:121:6491)
      at l (../../node_modules/@prisma/client/runtime/library.js:130:9778)
      at ensureTestData (modules/inventory/tests/tenant-isolation.test.ts:17:3)
      at Object.<anonymous> (modules/inventory/tests/tenant-isolation.test.ts:47:5)

FAIL modules/deals/tests/rbac.test.ts
  ΓùÅ Deals RBAC ΓÇ║ user without deals.read cannot pass requirePermission(deals.read)

    expect(received).rejects.toThrow(expected)

    Expected constructor: ApiError
    Received constructor: PrismaClientKnownRequestError

    Received message: "
    Invalid `prisma.userRole.findMany()` invocation:┬╖┬╖
    Too many database connections opened: FATAL: sorry, too many clients already
    Prisma Accelerate has built-in connection pooling to prevent such errors: https://pris.ly/client/error-accelerate"

          18 |   dealershipId: string
          19 | ): Promise<DealerAuthContext> {
        > 20 |   const [userRoles, overrides, membership] = await Promise.all([
             |                                              ^
          21 |     prisma.userRole.findMany({
          22 |       where: {
          23 |         userId,

      at zn.handleRequestError (../../node_modules/@prisma/client/runtime/library.js:121:7459)
      at zn.handleAndLogRequestError (../../node_modules/@prisma/client/runtime/library.js:121:6784)
      at zn.request (../../node_modules/@prisma/client/runtime/library.js:121:6491)
      at l (../../node_modules/@prisma/client/runtime/library.js:130:9778)
                at async Promise.all (index 0)
      at getDealerAuthContext (lib/rbac.ts:20:46)
      at loadUserPermissions (lib/rbac.ts:101:15)
      at requirePermission (lib/rbac.ts:113:23)
      at Object.<anonymous> (modules/deals/tests/rbac.test.ts:117:5)
      at Object.toThrow (../../node_modules/expect/build/index.js:2155:20)
      at Object.toThrow (modules/deals/tests/rbac.test.ts:119:15)

  ΓùÅ Deals RBAC ΓÇ║ user with deals.read only cannot pass requirePermission(deals.write)

    expect(received).rejects.toThrow(expected)

    Expected constructor: ApiError
    Received constructor: PrismaClientKnownRequestError

    Received message: "
    Invalid `prisma.userRole.findMany()` invocation:┬╖┬╖
    Too many database connections opened: FATAL: remaining connection slots are reserved for roles with the SUPERUSER 
attribute
    Prisma Accelerate has built-in connection pooling to prevent such errors: https://pris.ly/client/error-accelerate"

          18 |   dealershipId: string
          19 | ): Promise<DealerAuthContext> {
        > 20 |   const [userRoles, overrides, membership] = await Promise.all([
             |                                              ^
          21 |     prisma.userRole.findMany({
          22 |       where: {
          23 |         userId,

      at zn.handleRequestError (../../node_modules/@prisma/client/runtime/library.js:121:7459)
      at zn.handleAndLogRequestError (../../node_modules/@prisma/client/runtime/library.js:121:6784)
      at zn.request (../../node_modules/@prisma/client/runtime/library.js:121:6491)
      at l (../../node_modules/@prisma/client/runtime/library.js:130:9778)
                at async Promise.all (index 0)
      at getDealerAuthContext (lib/rbac.ts:20:46)
      at loadUserPermissions (lib/rbac.ts:101:15)
      at requirePermission (lib/rbac.ts:113:23)
      at Object.<anonymous> (modules/deals/tests/rbac.test.ts:123:5)
      at Object.toThrow (../../node_modules/expect/build/index.js:2155:20)
      at Object.toThrow (modules/deals/tests/rbac.test.ts:125:15)

  ΓùÅ Deals RBAC ΓÇ║ user with deals.read passes requirePermission(deals.read)

    PrismaClientKnownRequestError: 
    Invalid `prisma.userRole.findMany()` invocation:


    Too many database connections opened: FATAL: remaining connection slots are reserved for roles with the SUPERUSER 
attribute
    Prisma Accelerate has built-in connection pooling to prevent such errors: https://pris.ly/client/error-accelerate

      18 |   dealershipId: string
      19 | ): Promise<DealerAuthContext> {
    > 20 |   const [userRoles, overrides, membership] = await Promise.all([
         |                                              ^
      21 |     prisma.userRole.findMany({
      22 |       where: {
      23 |         userId,

      at zn.handleRequestError (../../node_modules/@prisma/client/runtime/library.js:121:7459)
      at zn.handleAndLogRequestError (../../node_modules/@prisma/client/runtime/library.js:121:6784)
      at zn.request (../../node_modules/@prisma/client/runtime/library.js:121:6491)
      at l (../../node_modules/@prisma/client/runtime/library.js:130:9778)
          at async Promise.all (index 0)
      at getDealerAuthContext (lib/rbac.ts:20:46)
      at loadUserPermissions (lib/rbac.ts:101:15)
      at Object.<anonymous> (modules/deals/tests/rbac.test.ts:129:19)

  ΓùÅ Deals RBAC ΓÇ║ user without deals.write cannot pass requirePermission(deals.write)

    expect(received).rejects.toThrow(expected)

    Expected constructor: ApiError
    Received constructor: PrismaClientKnownRequestError

    Received message: "
    Invalid `prisma.membership.findFirst()` invocation:┬╖┬╖
    Too many database connections opened: FATAL: remaining connection slots are reserved for roles with the SUPERUSER 
attribute
    Prisma Accelerate has built-in connection pooling to prevent such errors: https://pris.ly/client/error-accelerate"

          18 |   dealershipId: string
          19 | ): Promise<DealerAuthContext> {
        > 20 |   const [userRoles, overrides, membership] = await Promise.all([
             |                                              ^
          21 |     prisma.userRole.findMany({
          22 |       where: {
          23 |         userId,

      at zn.handleRequestError (../../node_modules/@prisma/client/runtime/library.js:121:7459)
      at zn.handleAndLogRequestError (../../node_modules/@prisma/client/runtime/library.js:121:6784)
      at zn.request (../../node_modules/@prisma/client/runtime/library.js:121:6491)
      at l (../../node_modules/@prisma/client/runtime/library.js:130:9778)
                at async Promise.all (index 2)
      at getDealerAuthContext (lib/rbac.ts:20:46)
      at loadUserPermissions (lib/rbac.ts:101:15)
      at requirePermission (lib/rbac.ts:113:23)
      at Object.<anonymous> (modules/deals/tests/rbac.test.ts:135:5)
      at Object.toThrow (../../node_modules/expect/build/index.js:2155:20)
      at Object.toThrow (modules/deals/tests/rbac.test.ts:137:15)

  ΓùÅ Deals RBAC ΓÇ║ user without finance.read cannot pass requirePermission(finance.read)

    expect(received).rejects.toThrow(expected)

    Expected constructor: ApiError
    Received constructor: PrismaClientKnownRequestError

    Received message: "
    Invalid `prisma.membership.findFirst()` invocation:┬╖┬╖
    Too many database connections opened: FATAL: remaining connection slots are reserved for roles with the SUPERUSER 
attribute
    Prisma Accelerate has built-in connection pooling to prevent such errors: https://pris.ly/client/error-accelerate"

          18 |   dealershipId: string
          19 | ): Promise<DealerAuthContext> {
        > 20 |   const [userRoles, overrides, membership] = await Promise.all([
             |                                              ^
          21 |     prisma.userRole.findMany({
          22 |       where: {
          23 |         userId,

      at zn.handleRequestError (../../node_modules/@prisma/client/runtime/library.js:121:7459)
      at zn.handleAndLogRequestError (../../node_modules/@prisma/client/runtime/library.js:121:6784)
      at zn.request (../../node_modules/@prisma/client/runtime/library.js:121:6491)
      at l (../../node_modules/@prisma/client/runtime/library.js:130:9778)
                at async Promise.all (index 2)
      at getDealerAuthContext (lib/rbac.ts:20:46)
      at loadUserPermissions (lib/rbac.ts:101:15)
      at requirePermission (lib/rbac.ts:113:23)
      at Object.<anonymous> (modules/deals/tests/rbac.test.ts:141:5)
      at Object.toThrow (../../node_modules/expect/build/index.js:2155:20)
      at Object.toThrow (modules/deals/tests/rbac.test.ts:143:15)

  ΓùÅ Deals RBAC ΓÇ║ user with finance.read only cannot pass requirePermission(finance.write)

    expect(received).rejects.toThrow(expected)

    Expected constructor: ApiError
    Received constructor: PrismaClientKnownRequestError

    Received message: "
    Invalid `prisma.membership.findFirst()` invocation:┬╖┬╖
    Too many database connections opened: FATAL: remaining connection slots are reserved for roles with the SUPERUSER 
attribute
    Prisma Accelerate has built-in connection pooling to prevent such errors: https://pris.ly/client/error-accelerate"

          18 |   dealershipId: string
          19 | ): Promise<DealerAuthContext> {
        > 20 |   const [userRoles, overrides, membership] = await Promise.all([
             |                                              ^
          21 |     prisma.userRole.findMany({
          22 |       where: {
          23 |         userId,

      at zn.handleRequestError (../../node_modules/@prisma/client/runtime/library.js:121:7459)
      at zn.handleAndLogRequestError (../../node_modules/@prisma/client/runtime/library.js:121:6784)
      at zn.request (../../node_modules/@prisma/client/runtime/library.js:121:6491)
      at l (../../node_modules/@prisma/client/runtime/library.js:130:9778)
                at async Promise.all (index 2)
      at getDealerAuthContext (lib/rbac.ts:20:46)
      at loadUserPermissions (lib/rbac.ts:101:15)
      at requirePermission (lib/rbac.ts:113:23)
      at Object.<anonymous> (modules/deals/tests/rbac.test.ts:149:5)
      at Object.toThrow (../../node_modules/expect/build/index.js:2155:20)
      at Object.toThrow (modules/deals/tests/rbac.test.ts:151:15)

  ΓùÅ Deals RBAC ΓÇ║ user with finance.read passes requirePermission(finance.read)

    PrismaClientKnownRequestError: 
    Invalid `prisma.userRole.findMany()` invocation:


    Too many database connections opened: FATAL: remaining connection slots are reserved for roles with the SUPERUSER 
attribute
    Prisma Accelerate has built-in connection pooling to prevent such errors: https://pris.ly/client/error-accelerate

      18 |   dealershipId: string
      19 | ): Promise<DealerAuthContext> {
    > 20 |   const [userRoles, overrides, membership] = await Promise.all([
         |                                              ^
      21 |     prisma.userRole.findMany({
      22 |       where: {
      23 |         userId,

      at zn.handleRequestError (../../node_modules/@prisma/client/runtime/library.js:121:7459)
      at zn.handleAndLogRequestError (../../node_modules/@prisma/client/runtime/library.js:121:6784)
      at zn.request (../../node_modules/@prisma/client/runtime/library.js:121:6491)
      at l (../../node_modules/@prisma/client/runtime/library.js:130:9778)
          at async Promise.all (index 0)
      at getDealerAuthContext (lib/rbac.ts:20:46)
      at loadUserPermissions (lib/rbac.ts:101:15)
      at Object.<anonymous> (modules/deals/tests/rbac.test.ts:157:19)

FAIL modules/inventory/tests/rbac.test.ts
  ΓùÅ Inventory RBAC ΓÇ║ no inventory.read ΓåÆ FORBIDDEN (403) on read operations

    PrismaClientInitializationError: 
    Invalid `prisma.dealership.upsert()` invocation:


    Too many database connections opened: FATAL: remaining connection slots are reserved for roles with the SUPERUSER 
attribute

      14 |
      15 | async function ensureTestData() {
    > 16 |   await prisma.dealership.upsert({
         |   ^
      17 |     where: { id: dealerId },
      18 |     create: { id: dealerId, name: "RBAC Inventory Dealer" },
      19 |     update: {},

      at zn.handleRequestError (../../node_modules/@prisma/client/runtime/library.js:121:7759)
      at zn.handleAndLogRequestError (../../node_modules/@prisma/client/runtime/library.js:121:6784)
      at zn.request (../../node_modules/@prisma/client/runtime/library.js:121:6491)
      at l (../../node_modules/@prisma/client/runtime/library.js:130:9778)
      at ensureTestData (modules/inventory/tests/rbac.test.ts:16:3)
      at Object.<anonymous> (modules/inventory/tests/rbac.test.ts:81:5)

  ΓùÅ Inventory RBAC ΓÇ║ no inventory.write ΓåÆ FORBIDDEN (403) on write operations (POST/PATCH/DELETE)

    PrismaClientInitializationError: 
    Invalid `prisma.dealership.upsert()` invocation:


    Too many database connections opened: FATAL: remaining connection slots are reserved for roles with the SUPERUSER 
attribute

      14 |
      15 | async function ensureTestData() {
    > 16 |   await prisma.dealership.upsert({
         |   ^
      17 |     where: { id: dealerId },
      18 |     create: { id: dealerId, name: "RBAC Inventory Dealer" },
      19 |     update: {},

      at zn.handleRequestError (../../node_modules/@prisma/client/runtime/library.js:121:7759)
      at zn.handleAndLogRequestError (../../node_modules/@prisma/client/runtime/library.js:121:6784)
      at zn.request (../../node_modules/@prisma/client/runtime/library.js:121:6491)
      at l (../../node_modules/@prisma/client/runtime/library.js:130:9778)
      at ensureTestData (modules/inventory/tests/rbac.test.ts:16:3)
      at Object.<anonymous> (modules/inventory/tests/rbac.test.ts:81:5)

  ΓùÅ Inventory RBAC ΓÇ║ user without documents.read cannot pass requirePermission(documents.read) for photo list

    PrismaClientInitializationError: 
    Invalid `prisma.dealership.upsert()` invocation:


    Too many database connections opened: FATAL: remaining connection slots are reserved for roles with the SUPERUSER 
attribute

      14 |
      15 | async function ensureTestData() {
    > 16 |   await prisma.dealership.upsert({
         |   ^
      17 |     where: { id: dealerId },
      18 |     create: { id: dealerId, name: "RBAC Inventory Dealer" },
      19 |     update: {},

      at zn.handleRequestError (../../node_modules/@prisma/client/runtime/library.js:121:7759)
      at zn.handleAndLogRequestError (../../node_modules/@prisma/client/runtime/library.js:121:6784)
      at zn.request (../../node_modules/@prisma/client/runtime/library.js:121:6491)
      at l (../../node_modules/@prisma/client/runtime/library.js:130:9778)
      at ensureTestData (modules/inventory/tests/rbac.test.ts:16:3)
      at Object.<anonymous> (modules/inventory/tests/rbac.test.ts:81:5)

  ΓùÅ Inventory RBAC ΓÇ║ user without documents.write cannot pass requirePermission(documents.write) for photo upload

    PrismaClientInitializationError: 
    Invalid `prisma.dealership.upsert()` invocation:


    Too many database connections opened: FATAL: remaining connection slots are reserved for roles with the SUPERUSER 
attribute

      14 |
      15 | async function ensureTestData() {
    > 16 |   await prisma.dealership.upsert({
         |   ^
      17 |     where: { id: dealerId },
      18 |     create: { id: dealerId, name: "RBAC Inventory Dealer" },
      19 |     update: {},

      at zn.handleRequestError (../../node_modules/@prisma/client/runtime/library.js:121:7759)
      at zn.handleAndLogRequestError (../../node_modules/@prisma/client/runtime/library.js:121:6784)
      at zn.request (../../node_modules/@prisma/client/runtime/library.js:121:6491)
      at l (../../node_modules/@prisma/client/runtime/library.js:130:9778)
      at ensureTestData (modules/inventory/tests/rbac.test.ts:16:3)
      at Object.<anonymous> (modules/inventory/tests/rbac.test.ts:81:5)

FAIL modules/customers/tests/soft-delete.test.ts
  ΓùÅ Customers soft delete ΓÇ║ soft-deleted customer is excluded from list

    PrismaClientInitializationError: 
    Invalid `prisma.dealership.upsert()` invocation:


    Too many database connections opened: FATAL: remaining connection slots are reserved for roles with the SUPERUSER 
attribute

      18 |
      19 | async function ensureTestData(uniqueName?: string): Promise<{ customerId: string }> {
    > 20 |   await prisma.dealership.upsert({
         |   ^
      21 |     where: { id: dealerId },
      22 |     create: { id: dealerId, name: "Soft Delete Dealer" },
      23 |     update: {},

      at zn.handleRequestError (../../node_modules/@prisma/client/runtime/library.js:121:7759)
      at zn.handleAndLogRequestError (../../node_modules/@prisma/client/runtime/library.js:121:6784)
      at zn.request (../../node_modules/@prisma/client/runtime/library.js:121:6491)
      at l (../../node_modules/@prisma/client/runtime/library.js:130:9778)
      at ensureTestData (modules/customers/tests/soft-delete.test.ts:20:3)
      at Object.<anonymous> (modules/customers/tests/soft-delete.test.ts:42:5)

  ΓùÅ Customers soft delete ΓÇ║ soft-deleted customer is excluded from search

    PrismaClientInitializationError: 
    Invalid `prisma.dealership.upsert()` invocation:


    Too many database connections opened: FATAL: remaining connection slots are reserved for roles with the SUPERUSER 
attribute

      18 |
      19 | async function ensureTestData(uniqueName?: string): Promise<{ customerId: string }> {
    > 20 |   await prisma.dealership.upsert({
         |   ^
      21 |     where: { id: dealerId },
      22 |     create: { id: dealerId, name: "Soft Delete Dealer" },
      23 |     update: {},

      at zn.handleRequestError (../../node_modules/@prisma/client/runtime/library.js:121:7759)
      at zn.handleAndLogRequestError (../../node_modules/@prisma/client/runtime/library.js:121:6784)
      at zn.request (../../node_modules/@prisma/client/runtime/library.js:121:6491)
      at l (../../node_modules/@prisma/client/runtime/library.js:130:9778)
      at ensureTestData (modules/customers/tests/soft-delete.test.ts:20:3)
      at Object.<anonymous> (modules/customers/tests/soft-delete.test.ts:42:5)

  ΓùÅ Customers soft delete ΓÇ║ GET customer by id returns NOT_FOUND for soft-deleted customer

    PrismaClientInitializationError: 
    Invalid `prisma.dealership.upsert()` invocation:


    Too many database connections opened: FATAL: remaining connection slots are reserved for roles with the SUPERUSER 
attribute

      18 |
      19 | async function ensureTestData(uniqueName?: string): Promise<{ customerId: string }> {
    > 20 |   await prisma.dealership.upsert({
         |   ^
      21 |     where: { id: dealerId },
      22 |     create: { id: dealerId, name: "Soft Delete Dealer" },
      23 |     update: {},

      at zn.handleRequestError (../../node_modules/@prisma/client/runtime/library.js:121:7759)
      at zn.handleAndLogRequestError (../../node_modules/@prisma/client/runtime/library.js:121:6784)
      at zn.request (../../node_modules/@prisma/client/runtime/library.js:121:6491)
      at l (../../node_modules/@prisma/client/runtime/library.js:130:9778)
      at ensureTestData (modules/customers/tests/soft-delete.test.ts:20:3)
      at Object.<anonymous> (modules/customers/tests/soft-delete.test.ts:42:5)

  ΓùÅ Customers soft delete ΓÇ║ listNotes excludes soft-deleted notes

    PrismaClientInitializationError: 
    Invalid `prisma.dealership.upsert()` invocation:


    Too many database connections opened: FATAL: remaining connection slots are reserved for roles with the SUPERUSER 
attribute

      18 |
      19 | async function ensureTestData(uniqueName?: string): Promise<{ customerId: string }> {
    > 20 |   await prisma.dealership.upsert({
         |   ^
      21 |     where: { id: dealerId },
      22 |     create: { id: dealerId, name: "Soft Delete Dealer" },
      23 |     update: {},

      at zn.handleRequestError (../../node_modules/@prisma/client/runtime/library.js:121:7759)
      at zn.handleAndLogRequestError (../../node_modules/@prisma/client/runtime/library.js:121:6784)
      at zn.request (../../node_modules/@prisma/client/runtime/library.js:121:6491)
      at l (../../node_modules/@prisma/client/runtime/library.js:130:9778)
      at ensureTestData (modules/customers/tests/soft-delete.test.ts:20:3)
      at Object.<anonymous> (modules/customers/tests/soft-delete.test.ts:42:5)

  ΓùÅ Customers soft delete ΓÇ║ listTasks excludes soft-deleted tasks

    PrismaClientInitializationError: 
    Invalid `prisma.dealership.upsert()` invocation:


    Too many database connections opened: FATAL: remaining connection slots are reserved for roles with the SUPERUSER 
attribute

      18 |
      19 | async function ensureTestData(uniqueName?: string): Promise<{ customerId: string }> {
    > 20 |   await prisma.dealership.upsert({
         |   ^
      21 |     where: { id: dealerId },
      22 |     create: { id: dealerId, name: "Soft Delete Dealer" },
      23 |     update: {},

      at zn.handleRequestError (../../node_modules/@prisma/client/runtime/library.js:121:7759)
      at zn.handleAndLogRequestError (../../node_modules/@prisma/client/runtime/library.js:121:6784)
      at zn.request (../../node_modules/@prisma/client/runtime/library.js:121:6491)
      at l (../../node_modules/@prisma/client/runtime/library.js:130:9778)
      at ensureTestData (modules/customers/tests/soft-delete.test.ts:20:3)
      at Object.<anonymous> (modules/customers/tests/soft-delete.test.ts:42:5)

FAIL modules/core-platform/tests/files.test.ts
  ΓùÅ Files ΓÇ║ uploadFile rejects disallowed mime type

    PrismaClientInitializationError: 
    Invalid `prisma.dealership.upsert()` invocation:


    Too many database connections opened: FATAL: remaining connection slots are reserved for roles with the SUPERUSER 
attribute

      15 | (hasDb ? describe : describe.skip)("Files", () => {
      16 |   beforeAll(async () => {
    > 17 |     await prisma.dealership.upsert({
         |     ^
      18 |       where: { id: dealerId },
      19 |       create: { id: dealerId, name: "File Test Dealer" },
      20 |       update: {},

      at zn.handleRequestError (../../node_modules/@prisma/client/runtime/library.js:121:7759)
      at zn.handleAndLogRequestError (../../node_modules/@prisma/client/runtime/library.js:121:6784)
      at zn.request (../../node_modules/@prisma/client/runtime/library.js:121:6491)
      at l (../../node_modules/@prisma/client/runtime/library.js:130:9778)
      at Object.<anonymous> (modules/core-platform/tests/files.test.ts:17:5)

  ΓùÅ Files ΓÇ║ uploadFile rejects file over max size

    PrismaClientInitializationError: 
    Invalid `prisma.dealership.upsert()` invocation:


    Too many database connections opened: FATAL: remaining connection slots are reserved for roles with the SUPERUSER 
attribute

      15 | (hasDb ? describe : describe.skip)("Files", () => {
      16 |   beforeAll(async () => {
    > 17 |     await prisma.dealership.upsert({
         |     ^
      18 |       where: { id: dealerId },
      19 |       create: { id: dealerId, name: "File Test Dealer" },
      20 |       update: {},

      at zn.handleRequestError (../../node_modules/@prisma/client/runtime/library.js:121:7759)
      at zn.handleAndLogRequestError (../../node_modules/@prisma/client/runtime/library.js:121:6784)
      at zn.request (../../node_modules/@prisma/client/runtime/library.js:121:6491)
      at l (../../node_modules/@prisma/client/runtime/library.js:130:9778)
      at Object.<anonymous> (modules/core-platform/tests/files.test.ts:17:5)

  ΓùÅ Files ΓÇ║ createFileObject stores correct dealershipId and uploadedBy

    PrismaClientInitializationError: 
    Invalid `prisma.dealership.upsert()` invocation:


    Too many database connections opened: FATAL: remaining connection slots are reserved for roles with the SUPERUSER 
attribute

      15 | (hasDb ? describe : describe.skip)("Files", () => {
      16 |   beforeAll(async () => {
    > 17 |     await prisma.dealership.upsert({
         |     ^
      18 |       where: { id: dealerId },
      19 |       create: { id: dealerId, name: "File Test Dealer" },
      20 |       update: {},

      at zn.handleRequestError (../../node_modules/@prisma/client/runtime/library.js:121:7759)
      at zn.handleAndLogRequestError (../../node_modules/@prisma/client/runtime/library.js:121:6784)
      at zn.request (../../node_modules/@prisma/client/runtime/library.js:121:6491)
      at l (../../node_modules/@prisma/client/runtime/library.js:130:9778)
      at Object.<anonymous> (modules/core-platform/tests/files.test.ts:17:5)

  ΓùÅ Files ΓÇ║ getFileObjectById returns null for wrong dealership

    PrismaClientInitializationError: 
    Invalid `prisma.dealership.upsert()` invocation:


    Too many database connections opened: FATAL: remaining connection slots are reserved for roles with the SUPERUSER 
attribute

      15 | (hasDb ? describe : describe.skip)("Files", () => {
      16 |   beforeAll(async () => {
    > 17 |     await prisma.dealership.upsert({
         |     ^
      18 |       where: { id: dealerId },
      19 |       create: { id: dealerId, name: "File Test Dealer" },
      20 |       update: {},

      at zn.handleRequestError (../../node_modules/@prisma/client/runtime/library.js:121:7759)
      at zn.handleAndLogRequestError (../../node_modules/@prisma/client/runtime/library.js:121:6784)
      at zn.request (../../node_modules/@prisma/client/runtime/library.js:121:6491)
      at l (../../node_modules/@prisma/client/runtime/library.js:130:9778)
      at Object.<anonymous> (modules/core-platform/tests/files.test.ts:17:5)

  ΓùÅ Files ΓÇ║ getSignedUrl with fileId from another dealership throws NOT_FOUND (no existence leak)

    PrismaClientInitializationError: 
    Invalid `prisma.dealership.upsert()` invocation:


    Too many database connections opened: FATAL: remaining connection slots are reserved for roles with the SUPERUSER 
attribute

      15 | (hasDb ? describe : describe.skip)("Files", () => {
      16 |   beforeAll(async () => {
    > 17 |     await prisma.dealership.upsert({
         |     ^
      18 |       where: { id: dealerId },
      19 |       create: { id: dealerId, name: "File Test Dealer" },
      20 |       update: {},

      at zn.handleRequestError (../../node_modules/@prisma/client/runtime/library.js:121:7759)
      at zn.handleAndLogRequestError (../../node_modules/@prisma/client/runtime/library.js:121:6784)
      at zn.request (../../node_modules/@prisma/client/runtime/library.js:121:6491)
      at l (../../node_modules/@prisma/client/runtime/library.js:130:9778)
      at Object.<anonymous> (modules/core-platform/tests/files.test.ts:17:5)

FAIL modules/core-platform/tests/rbac.test.ts
  ΓùÅ RBAC ΓÇ║ Sales role does not have admin.roles.write

    PrismaClientInitializationError: 
    Invalid `prisma.dealership.upsert()` invocation:


    Too many database connections opened: FATAL: remaining connection slots are reserved for roles with the SUPERUSER 
attribute

      12 |
      13 | async function ensureSalesUser() {
    > 14 |   await prisma.dealership.upsert({
         |   ^
      15 |     where: { id: dealerId },
      16 |     create: { id: dealerId, name: "RBAC Test Dealer" },
      17 |     update: {},

      at zn.handleRequestError (../../node_modules/@prisma/client/runtime/library.js:121:7759)
      at zn.handleAndLogRequestError (../../node_modules/@prisma/client/runtime/library.js:121:6784)
      at zn.request (../../node_modules/@prisma/client/runtime/library.js:121:6491)
      at l (../../node_modules/@prisma/client/runtime/library.js:130:9778)
      at ensureSalesUser (modules/core-platform/tests/rbac.test.ts:14:3)
      at Object.<anonymous> (modules/core-platform/tests/rbac.test.ts:51:5)

  ΓùÅ RBAC ΓÇ║ requirePermission(admin.roles.write) throws FORBIDDEN for Sales user

    PrismaClientInitializationError: 
    Invalid `prisma.dealership.upsert()` invocation:


    Too many database connections opened: FATAL: remaining connection slots are reserved for roles with the SUPERUSER 
attribute

      12 |
      13 | async function ensureSalesUser() {
    > 14 |   await prisma.dealership.upsert({
         |   ^
      15 |     where: { id: dealerId },
      16 |     create: { id: dealerId, name: "RBAC Test Dealer" },
      17 |     update: {},

      at zn.handleRequestError (../../node_modules/@prisma/client/runtime/library.js:121:7759)
      at zn.handleAndLogRequestError (../../node_modules/@prisma/client/runtime/library.js:121:6784)
      at zn.request (../../node_modules/@prisma/client/runtime/library.js:121:6491)
      at l (../../node_modules/@prisma/client/runtime/library.js:130:9778)
      at ensureSalesUser (modules/core-platform/tests/rbac.test.ts:14:3)
      at Object.<anonymous> (modules/core-platform/tests/rbac.test.ts:51:5)

  ΓùÅ RBAC ΓÇ║ requirePermission(admin.permissions.read) throws FORBIDDEN for user without it

    PrismaClientInitializationError: 
    Invalid `prisma.dealership.upsert()` invocation:


    Too many database connections opened: FATAL: remaining connection slots are reserved for roles with the SUPERUSER 
attribute

      12 |
      13 | async function ensureSalesUser() {
    > 14 |   await prisma.dealership.upsert({
         |   ^
      15 |     where: { id: dealerId },
      16 |     create: { id: dealerId, name: "RBAC Test Dealer" },
      17 |     update: {},

      at zn.handleRequestError (../../node_modules/@prisma/client/runtime/library.js:121:7759)
      at zn.handleAndLogRequestError (../../node_modules/@prisma/client/runtime/library.js:121:6784)
      at zn.request (../../node_modules/@prisma/client/runtime/library.js:121:6491)
      at l (../../node_modules/@prisma/client/runtime/library.js:130:9778)
      at ensureSalesUser (modules/core-platform/tests/rbac.test.ts:14:3)
      at Object.<anonymous> (modules/core-platform/tests/rbac.test.ts:51:5)

  ΓùÅ RBAC ΓÇ║ requirePermission(admin.audit.read) throws FORBIDDEN for user without it

    PrismaClientInitializationError: 
    Invalid `prisma.dealership.upsert()` invocation:


    Too many database connections opened: FATAL: remaining connection slots are reserved for roles with the SUPERUSER 
attribute

      12 |
      13 | async function ensureSalesUser() {
    > 14 |   await prisma.dealership.upsert({
         |   ^
      15 |     where: { id: dealerId },
      16 |     create: { id: dealerId, name: "RBAC Test Dealer" },
      17 |     update: {},

      at zn.handleRequestError (../../node_modules/@prisma/client/runtime/library.js:121:7759)
      at zn.handleAndLogRequestError (../../node_modules/@prisma/client/runtime/library.js:121:6784)
      at zn.request (../../node_modules/@prisma/client/runtime/library.js:121:6491)
      at l (../../node_modules/@prisma/client/runtime/library.js:130:9778)
      at ensureSalesUser (modules/core-platform/tests/rbac.test.ts:14:3)
      at Object.<anonymous> (modules/core-platform/tests/rbac.test.ts:51:5)

  ΓùÅ RBAC ΓÇ║ requirePermission(admin.memberships.write) throws FORBIDDEN for user without it

    PrismaClientInitializationError: 
    Invalid `prisma.dealership.upsert()` invocation:


    Too many database connections opened: FATAL: remaining connection slots are reserved for roles with the SUPERUSER 
attribute

      12 |
      13 | async function ensureSalesUser() {
    > 14 |   await prisma.dealership.upsert({
         |   ^
      15 |     where: { id: dealerId },
      16 |     create: { id: dealerId, name: "RBAC Test Dealer" },
      17 |     update: {},

      at zn.handleRequestError (../../node_modules/@prisma/client/runtime/library.js:121:7759)
      at zn.handleAndLogRequestError (../../node_modules/@prisma/client/runtime/library.js:121:6784)
      at zn.request (../../node_modules/@prisma/client/runtime/library.js:121:6491)
      at l (../../node_modules/@prisma/client/runtime/library.js:130:9778)
      at ensureSalesUser (modules/core-platform/tests/rbac.test.ts:14:3)
      at Object.<anonymous> (modules/core-platform/tests/rbac.test.ts:51:5)

  ΓùÅ RBAC ΓÇ║ requirePermission(documents.read) and documents.write throw FORBIDDEN when missing

    PrismaClientInitializationError: 
    Invalid `prisma.dealership.upsert()` invocation:


    Too many database connections opened: FATAL: remaining connection slots are reserved for roles with the SUPERUSER 
attribute

      12 |
      13 | async function ensureSalesUser() {
    > 14 |   await prisma.dealership.upsert({
         |   ^
      15 |     where: { id: dealerId },
      16 |     create: { id: dealerId, name: "RBAC Test Dealer" },
      17 |     update: {},

      at zn.handleRequestError (../../node_modules/@prisma/client/runtime/library.js:121:7759)
      at zn.handleAndLogRequestError (../../node_modules/@prisma/client/runtime/library.js:121:6784)
      at zn.request (../../node_modules/@prisma/client/runtime/library.js:121:6491)
      at l (../../node_modules/@prisma/client/runtime/library.js:130:9778)
      at ensureSalesUser (modules/core-platform/tests/rbac.test.ts:14:3)
      at Object.<anonymous> (modules/core-platform/tests/rbac.test.ts:51:5)

FAIL modules/core-platform/tests/tenant-isolation.test.ts
  ΓùÅ Tenant isolation ΓÇ║ listMemberships for Dealer B does not return Dealer A members

    PrismaClientInitializationError: 
    Invalid `prisma.dealership.upsert()` invocation:


    Too many database connections opened: FATAL: remaining connection slots are reserved for roles with the SUPERUSER 
attribute

      16 |
      17 | async function ensureTestData() {
    > 18 |   await prisma.dealership.upsert({
         |   ^
      19 |     where: { id: dealerAId },
      20 |     create: { id: dealerAId, name: "Dealer A" },
      21 |     update: {},

      at zn.handleRequestError (../../node_modules/@prisma/client/runtime/library.js:121:7759)
      at zn.handleAndLogRequestError (../../node_modules/@prisma/client/runtime/library.js:121:6784)
      at zn.request (../../node_modules/@prisma/client/runtime/library.js:121:6491)
      at l (../../node_modules/@prisma/client/runtime/library.js:130:9778)
      at ensureTestData (modules/core-platform/tests/tenant-isolation.test.ts:18:3)
      at Object.<anonymous> (modules/core-platform/tests/tenant-isolation.test.ts:57:5)

  ΓùÅ Tenant isolation ΓÇ║ getMembershipById with wrong dealership returns null

    PrismaClientInitializationError: 
    Invalid `prisma.dealership.upsert()` invocation:


    Too many database connections opened: FATAL: remaining connection slots are reserved for roles with the SUPERUSER 
attribute

      16 |
      17 | async function ensureTestData() {
    > 18 |   await prisma.dealership.upsert({
         |   ^
      19 |     where: { id: dealerAId },
      20 |     create: { id: dealerAId, name: "Dealer A" },
      21 |     update: {},

      at zn.handleRequestError (../../node_modules/@prisma/client/runtime/library.js:121:7759)
      at zn.handleAndLogRequestError (../../node_modules/@prisma/client/runtime/library.js:121:6784)
      at zn.request (../../node_modules/@prisma/client/runtime/library.js:121:6491)
      at l (../../node_modules/@prisma/client/runtime/library.js:130:9778)
      at ensureTestData (modules/core-platform/tests/tenant-isolation.test.ts:18:3)
      at Object.<anonymous> (modules/core-platform/tests/tenant-isolation.test.ts:57:5)

  ΓùÅ Tenant isolation ΓÇ║ listAuditLogs for Dealer B does not return Dealer A audit rows

    PrismaClientInitializationError: 
    Invalid `prisma.dealership.upsert()` invocation:


    Too many database connections opened: FATAL: remaining connection slots are reserved for roles with the SUPERUSER 
attribute

      16 |
      17 | async function ensureTestData() {
    > 18 |   await prisma.dealership.upsert({
         |   ^
      19 |     where: { id: dealerAId },
      20 |     create: { id: dealerAId, name: "Dealer A" },
      21 |     update: {},

      at zn.handleRequestError (../../node_modules/@prisma/client/runtime/library.js:121:7759)
      at zn.handleAndLogRequestError (../../node_modules/@prisma/client/runtime/library.js:121:6784)
      at zn.request (../../node_modules/@prisma/client/runtime/library.js:121:6491)
      at l (../../node_modules/@prisma/client/runtime/library.js:130:9778)
      at ensureTestData (modules/core-platform/tests/tenant-isolation.test.ts:18:3)
      at Object.<anonymous> (modules/core-platform/tests/tenant-isolation.test.ts:57:5)

  ΓùÅ Tenant isolation ΓÇ║ getRoleById with wrong dealership returns null

    PrismaClientInitializationError: 
    Invalid `prisma.dealership.upsert()` invocation:


    Too many database connections opened: FATAL: remaining connection slots are reserved for roles with the SUPERUSER 
attribute

      16 |
      17 | async function ensureTestData() {
    > 18 |   await prisma.dealership.upsert({
         |   ^
      19 |     where: { id: dealerAId },
      20 |     create: { id: dealerAId, name: "Dealer A" },
      21 |     update: {},

      at zn.handleRequestError (../../node_modules/@prisma/client/runtime/library.js:121:7759)
      at zn.handleAndLogRequestError (../../node_modules/@prisma/client/runtime/library.js:121:6784)
      at zn.request (../../node_modules/@prisma/client/runtime/library.js:121:6491)
      at l (../../node_modules/@prisma/client/runtime/library.js:130:9778)
      at ensureTestData (modules/core-platform/tests/tenant-isolation.test.ts:18:3)
      at Object.<anonymous> (modules/core-platform/tests/tenant-isolation.test.ts:57:5)

  ΓùÅ Tenant isolation ΓÇ║ getLocationById with wrong dealership returns null

    PrismaClientInitializationError: 
    Invalid `prisma.dealership.upsert()` invocation:


    Too many database connections opened: FATAL: remaining connection slots are reserved for roles with the SUPERUSER 
attribute

      16 |
      17 | async function ensureTestData() {
    > 18 |   await prisma.dealership.upsert({
         |   ^
      19 |     where: { id: dealerAId },
      20 |     create: { id: dealerAId, name: "Dealer A" },
      21 |     update: {},

      at zn.handleRequestError (../../node_modules/@prisma/client/runtime/library.js:121:7759)
      at zn.handleAndLogRequestError (../../node_modules/@prisma/client/runtime/library.js:121:6784)
      at zn.request (../../node_modules/@prisma/client/runtime/library.js:121:6491)
      at l (../../node_modules/@prisma/client/runtime/library.js:130:9778)
      at ensureTestData (modules/core-platform/tests/tenant-isolation.test.ts:18:3)
      at Object.<anonymous> (modules/core-platform/tests/tenant-isolation.test.ts:57:5)

FAIL modules/core-platform/tests/session-switch.test.ts
  ΓùÅ Session switch ΓÇ║ PATCH session/switch with dealershipId user is not a member of returns FORBIDDEN and cookie 
is not set

    PrismaClientInitializationError: 
    Invalid `prisma.dealership.upsert()` invocation:


    Too many database connections opened: FATAL: remaining connection slots are reserved for roles with the SUPERUSER 
attribute

      12 |
      13 | async function ensureTestData() {
    > 14 |   await prisma.dealership.upsert({
         |   ^
      15 |     where: { id: dealerAId },
      16 |     create: { id: dealerAId, name: "Switch Test A" },
      17 |     update: {},

      at zn.handleRequestError (../../node_modules/@prisma/client/runtime/library.js:121:7759)
      at zn.handleAndLogRequestError (../../node_modules/@prisma/client/runtime/library.js:121:6784)
      at zn.request (../../node_modules/@prisma/client/runtime/library.js:121:6491)
      at l (../../node_modules/@prisma/client/runtime/library.js:130:9778)
      at ensureTestData (modules/core-platform/tests/session-switch.test.ts:14:3)
      at Object.<anonymous> (modules/core-platform/tests/session-switch.test.ts:87:5)

FAIL modules/inventory/tests/upload-validation.test.ts
  ΓùÅ Inventory photo upload validation ΓÇ║ rejects disallowed mime type with VALIDATION_ERROR

    PrismaClientInitializationError: 
    Invalid `prisma.dealership.upsert()` invocation:


    Too many database connections opened: FATAL: remaining connection slots are reserved for roles with the SUPERUSER 
attribute

      23 |
      24 | async function ensureVehicle(): Promise<string> {
    > 25 |   await prisma.dealership.upsert({
         |   ^
      26 |     where: { id: dealerId },
      27 |     create: { id: dealerId, name: "Upload Validation Dealer" },
      28 |     update: {},

      at zn.handleRequestError (../../node_modules/@prisma/client/runtime/library.js:121:7759)
      at zn.handleAndLogRequestError (../../node_modules/@prisma/client/runtime/library.js:121:6784)
      at zn.request (../../node_modules/@prisma/client/runtime/library.js:121:6491)
      at l (../../node_modules/@prisma/client/runtime/library.js:130:9778)
      at ensureVehicle (modules/inventory/tests/upload-validation.test.ts:25:3)
      at Object.<anonymous> (modules/inventory/tests/upload-validation.test.ts:51:5)

  ΓùÅ Inventory photo upload validation ΓÇ║ rejects oversized file with VALIDATION_ERROR

    PrismaClientInitializationError: 
    Invalid `prisma.dealership.upsert()` invocation:


    Too many database connections opened: FATAL: remaining connection slots are reserved for roles with the SUPERUSER 
attribute

      23 |
      24 | async function ensureVehicle(): Promise<string> {
    > 25 |   await prisma.dealership.upsert({
         |   ^
      26 |     where: { id: dealerId },
      27 |     create: { id: dealerId, name: "Upload Validation Dealer" },
      28 |     update: {},

      at zn.handleRequestError (../../node_modules/@prisma/client/runtime/library.js:121:7759)
      at zn.handleAndLogRequestError (../../node_modules/@prisma/client/runtime/library.js:121:6784)
      at zn.request (../../node_modules/@prisma/client/runtime/library.js:121:6491)
      at l (../../node_modules/@prisma/client/runtime/library.js:130:9778)
      at ensureVehicle (modules/inventory/tests/upload-validation.test.ts:25:3)
      at Object.<anonymous> (modules/inventory/tests/upload-validation.test.ts:51:5)

FAIL modules/core-platform/tests/permissions-list.test.ts
  ΓùÅ Permissions list pagination and filter ΓÇ║ returns first page with correct size and total

    PrismaClientInitializationError: 
    Invalid `prisma.permission.findMany()` invocation:


    Too many database connections opened: FATAL: remaining connection slots are reserved for roles with the SUPERUSER 
attribute

      12 |   options: { limit: number; offset: number } = { limit: 100, offset: 0 }
      13 | ) {
    > 14 |   const [data, total] = await Promise.all([
         |                         ^
      15 |     prisma.permission.findMany({
      16 |       where: where ?? undefined,
      17 |       orderBy: [{ module: "asc" }, { key: "asc" }],

      at zn.handleRequestError (../../node_modules/@prisma/client/runtime/library.js:121:7759)
      at zn.handleAndLogRequestError (../../node_modules/@prisma/client/runtime/library.js:121:6784)
      at zn.request (../../node_modules/@prisma/client/runtime/library.js:121:6491)
      at l (../../node_modules/@prisma/client/runtime/library.js:130:9778)
          at async Promise.all (index 0)
      at Object.listPermissionsPaginated (modules/core-platform/db/permission.ts:14:25)
      at Object.<anonymous> (modules/core-platform/tests/permissions-list.test.ts:62:29)

  ΓùÅ Permissions list pagination and filter ΓÇ║ returns second page with different rows

    PrismaClientInitializationError: 
    Invalid `prisma.permission.findMany()` invocation:


    Too many database connections opened: FATAL: remaining connection slots are reserved for roles with the SUPERUSER 
attribute

      12 |   options: { limit: number; offset: number } = { limit: 100, offset: 0 }
      13 | ) {
    > 14 |   const [data, total] = await Promise.all([
         |                         ^
      15 |     prisma.permission.findMany({
      16 |       where: where ?? undefined,
      17 |       orderBy: [{ module: "asc" }, { key: "asc" }],

      at zn.handleRequestError (../../node_modules/@prisma/client/runtime/library.js:121:7759)
      at zn.handleAndLogRequestError (../../node_modules/@prisma/client/runtime/library.js:121:6784)
      at zn.request (../../node_modules/@prisma/client/runtime/library.js:121:6491)
      at l (../../node_modules/@prisma/client/runtime/library.js:130:9778)
          at async Promise.all (index 0)
      at Object.listPermissionsPaginated (modules/core-platform/db/permission.ts:14:25)
      at Object.<anonymous> (modules/core-platform/tests/permissions-list.test.ts:75:19)

  ΓùÅ Permissions list pagination and filter ΓÇ║ module filter applies to both total and data

    PrismaClientInitializationError: 
    Invalid `prisma.permission.findMany()` invocation:


    Too many database connections opened: FATAL: remaining connection slots are reserved for roles with the SUPERUSER 
attribute

      12 |   options: { limit: number; offset: number } = { limit: 100, offset: 0 }
      13 | ) {
    > 14 |   const [data, total] = await Promise.all([
         |                         ^
      15 |     prisma.permission.findMany({
      16 |       where: where ?? undefined,
      17 |       orderBy: [{ module: "asc" }, { key: "asc" }],

      at zn.handleRequestError (../../node_modules/@prisma/client/runtime/library.js:121:7759)
      at zn.handleAndLogRequestError (../../node_modules/@prisma/client/runtime/library.js:121:6784)
      at zn.request (../../node_modules/@prisma/client/runtime/library.js:121:6491)
      at l (../../node_modules/@prisma/client/runtime/library.js:130:9778)
          at async Promise.all (index 0)
      at Object.listPermissionsPaginated (modules/core-platform/db/permission.ts:14:25)
      at Object.<anonymous> (modules/core-platform/tests/permissions-list.test.ts:92:7)

FAIL modules/customers/tests/activity.test.ts (6.792 s)
  ΓùÅ Customers activity ΓÇ║ listActivity returns activity for customer

    PrismaClientKnownRequestError: 
    Invalid `prisma.customerActivity.findMany()` invocation:


    Too many database connections opened: FATAL: remaining connection slots are reserved for roles with the SUPERUSER 
attribute
    Prisma Accelerate has built-in connection pooling to prevent such errors: https://pris.ly/client/error-accelerate

      35 |   const { limit, offset } = options;
      36 |   const where = { dealershipId, customerId };
    > 37 |   const [data, total] = await Promise.all([
         |                         ^
      38 |     prisma.customerActivity.findMany({
      39 |       where,
      40 |       orderBy: { createdAt: "desc" },

      at zn.handleRequestError (../../node_modules/@prisma/client/runtime/library.js:121:7459)
      at zn.handleAndLogRequestError (../../node_modules/@prisma/client/runtime/library.js:121:6784)
      at zn.request (../../node_modules/@prisma/client/runtime/library.js:121:6491)
      at l (../../node_modules/@prisma/client/runtime/library.js:130:9778)
          at async Promise.all (index 0)
      at Object.listActivity (modules/customers/db/activity.ts:37:25)
      at Object.<anonymous> (modules/customers/tests/activity.test.ts:140:29)

FAIL modules/documents/tests/rbac.test.ts
  ΓùÅ Documents RBAC ΓÇ║ requirePermission(documents.read) throws FORBIDDEN when user lacks it

    PrismaClientInitializationError: 
    Invalid `prisma.dealership.upsert()` invocation:


    Too many database connections opened: FATAL: remaining connection slots are reserved for roles with the SUPERUSER 
attribute

      14 |
      15 | async function ensureFixture(): Promise<{ userId: string; dealerId: string }> {
    > 16 |   await prisma.dealership.upsert({
         |   ^
      17 |     where: { id: dealerId },
      18 |     create: { id: dealerId, name: "Documents RBAC Dealer" },
      19 |     update: {},

      at zn.handleRequestError (../../node_modules/@prisma/client/runtime/library.js:121:7759)
      at zn.handleAndLogRequestError (../../node_modules/@prisma/client/runtime/library.js:121:6784)
      at zn.request (../../node_modules/@prisma/client/runtime/library.js:121:6491)
      at l (../../node_modules/@prisma/client/runtime/library.js:130:9778)
      at ensureFixture (modules/documents/tests/rbac.test.ts:16:3)
      at Object.<anonymous> (modules/documents/tests/rbac.test.ts:66:15)

  ΓùÅ Documents RBAC ΓÇ║ requirePermission(documents.write) throws FORBIDDEN when user lacks it

    PrismaClientInitializationError: 
    Invalid `prisma.dealership.upsert()` invocation:


    Too many database connections opened: FATAL: remaining connection slots are reserved for roles with the SUPERUSER 
attribute

      14 |
      15 | async function ensureFixture(): Promise<{ userId: string; dealerId: string }> {
    > 16 |   await prisma.dealership.upsert({
         |   ^
      17 |     where: { id: dealerId },
      18 |     create: { id: dealerId, name: "Documents RBAC Dealer" },
      19 |     update: {},

      at zn.handleRequestError (../../node_modules/@prisma/client/runtime/library.js:121:7759)
      at zn.handleAndLogRequestError (../../node_modules/@prisma/client/runtime/library.js:121:6784)
      at zn.request (../../node_modules/@prisma/client/runtime/library.js:121:6491)
      at l (../../node_modules/@prisma/client/runtime/library.js:130:9778)
      at ensureFixture (modules/documents/tests/rbac.test.ts:16:3)
      at Object.<anonymous> (modules/documents/tests/rbac.test.ts:66:15)

FAIL modules/finance-shell/tests/integration.test.ts (25.969 s)
  ΓùÅ Finance-shell finance.locked and DealFinance status ΓÇ║ lockFinanceWhenDealContracted sets DealFinance.status to 
CONTRACTED and emits finance.locked exactly once

    TypeError: Cannot redefine property: emit
        at Object.defineProperty (<anonymous>)

      509 |   it("lockFinanceWhenDealContracted sets DealFinance.status to CONTRACTED and emits finance.locked exactly 
once", async () => {
      510 |     const events = await import("@/lib/events");
    > 511 |     const spy = jest.spyOn(events, "emit");
          |                      ^
      512 |     const { lockFinanceWhenDealContracted } = await import("../service/lock");
      513 |     await lockFinanceWhenDealContracted(dealerAId, lockTestDealId);
      514 |     const lockedCalls = spy.mock.calls.filter((c) => c[0] === "finance.locked");

      at ModuleMocker.spyOn (../../node_modules/jest-mock/build/index.js:616:16)
      at Object.spyOn (modules/finance-shell/tests/integration.test.ts:511:22)

FAIL modules/core-platform/tests/platform-admin-create-account.test.ts (30.093 s)
  ΓùÅ Platform Admin Create Account ΓÇö RBAC ΓÇ║ non-platform-admin gets 403 on every platform route

    TypeError: Cannot read properties of undefined (reading 'mockResolvedValue')

      204 |   it("non-platform-admin gets 403 on every platform route", async () => {
      205 |     const { requireUser } = await import("@/lib/auth");
    > 206 |     (requireUser as jest.Mock).mockResolvedValue({
          |                                ^
      207 |       userId: normalUserId,
      208 |       email: "normaluser@test.local",
      209 |     });

      at Object.mockResolvedValue (modules/core-platform/tests/platform-admin-create-account.test.ts:206:32)

  ΓùÅ Platform Admin Create Account ΓÇö RBAC ΓÇ║ platform admin can call GET dealerships and GET dealerships/[id]

    TypeError: Cannot read properties of undefined (reading 'mockResolvedValue')

      223 |   it("platform admin can call GET dealerships and GET dealerships/[id]", async () => {
      224 |     const { requireUser } = await import("@/lib/auth");
    > 225 |     (requireUser as jest.Mock).mockResolvedValue({
          |                                ^
      226 |       userId: platformAdminUserId,
      227 |       email: "platformadmin@test.local",
      228 |     });

      at Object.mockResolvedValue (modules/core-platform/tests/platform-admin-create-account.test.ts:225:32)

  ΓùÅ Platform Admin Create Account ΓÇö RBAC ΓÇ║ platform admin can call GET invites, POST invite, GET pending-users

    TypeError: Cannot read properties of undefined (reading 'mockResolvedValue')

      247 |   it("platform admin can call GET invites, POST invite, GET pending-users", async () => {
      248 |     const { requireUser } = await import("@/lib/auth");
    > 249 |     (requireUser as jest.Mock).mockResolvedValue({
          |                                ^
      250 |       userId: platformAdminUserId,
      251 |       email: "platformadmin@test.local",
      252 |     });

      at Object.mockResolvedValue (modules/core-platform/tests/platform-admin-create-account.test.ts:249:32)

  ΓùÅ Platform Admin Create Account ΓÇö Tenant isolation (accept invite) ΓÇ║ accept invite creates membership with 
invite's roleId only (accept cannot escalate role)

    TypeError: Cannot read properties of undefined (reading 'mockResolvedValueOnce')

      314 |     });
      315 |
    > 316 |     (getCurrentUser as jest.Mock).mockResolvedValueOnce({ userId: inviteeUserId, email: 
"invitee@test.local" });
          |                                   ^
      317 |     const { requireUser } = await import("@/lib/auth");
      318 |     (requireUser as jest.Mock).mockResolvedValueOnce({
      319 |       userId: inviteeUserId,

      at Object.mockResolvedValueOnce (modules/core-platform/tests/platform-admin-create-account.test.ts:316:35)

  ΓùÅ Platform Admin Create Account ΓÇö Audit (no PII in metadata) ΓÇ║ createInvite writes platform.invite.created and 
metadata has no PII

    Expect takes at most one argument.

      367 |     for (const key of Object.keys(metadata)) {
      368 |       const keyLower = key.toLowerCase();
    > 369 |       expect(piiKeys.has(keyLower), `metadata must not contain PII key: ${key}`).toBe(false);
          |       ^
      370 |     }
      371 |     for (const key of Object.keys(metadata)) {
      372 |       expect(

      at expect (../../node_modules/expect/build/index.js:2104:11)
      at expect (modules/core-platform/tests/platform-admin-create-account.test.ts:369:7)
      at Object.assertNoPiiInMetadata (modules/core-platform/tests/platform-admin-create-account.test.ts:398:5)

  ΓùÅ Platform Admin Create Account ΓÇö Audit (no PII in metadata) ΓÇ║ acceptInvite writes platform.invite.accepted 
and metadata has no PII

    TypeError: (0 , _auth.getOrCreateProfile) is not a function

      136 |   }
      137 |
    > 138 |   const profile = await getOrCreateProfile(input.actorUserId, {
          |                                           ^
      139 |     email: input.actorEmail,
      140 |   });
      141 |

      at acceptInvite (modules/platform-admin/service/invite.ts:138:43)
      at Object.<anonymous> (modules/core-platform/tests/platform-admin-create-account.test.ts:425:5)

  ΓùÅ Platform Admin Create Account ΓÇö Audit (no PII in metadata) ΓÇ║ cancelInvite writes platform.invite.cancelled 
and metadata has no PII

    Expect takes at most one argument.

      367 |     for (const key of Object.keys(metadata)) {
      368 |       const keyLower = key.toLowerCase();
    > 369 |       expect(piiKeys.has(keyLower), `metadata must not contain PII key: ${key}`).toBe(false);
          |       ^
      370 |     }
      371 |     for (const key of Object.keys(metadata)) {
      372 |       expect(

      at expect (../../node_modules/expect/build/index.js:2104:11)
      at expect (modules/core-platform/tests/platform-admin-create-account.test.ts:369:7)
      at Object.assertNoPiiInMetadata (modules/core-platform/tests/platform-admin-create-account.test.ts:466:5)

  ΓùÅ Platform Admin Create Account ΓÇö Audit (no PII in metadata) ΓÇ║ approvePendingUser writes 
platform.membership.approved and metadata has no PII

    Expect takes at most one argument.

      367 |     for (const key of Object.keys(metadata)) {
      368 |       const keyLower = key.toLowerCase();
    > 369 |       expect(piiKeys.has(keyLower), `metadata must not contain PII key: ${key}`).toBe(false);
          |       ^
      370 |     }
      371 |     for (const key of Object.keys(metadata)) {
      372 |       expect(

      at expect (../../node_modules/expect/build/index.js:2104:11)
      at expect (modules/core-platform/tests/platform-admin-create-account.test.ts:369:7)
      at Object.assertNoPiiInMetadata (modules/core-platform/tests/platform-admin-create-account.test.ts:496:5)

  ΓùÅ Platform Admin Create Account ΓÇö Audit (no PII in metadata) ΓÇ║ rejectPendingUser writes 
platform.pending.rejected and metadata has no PII

    Expect takes at most one argument.

      367 |     for (const key of Object.keys(metadata)) {
      368 |       const keyLower = key.toLowerCase();
    > 369 |       expect(piiKeys.has(keyLower), `metadata must not contain PII key: ${key}`).toBe(false);
          |       ^
      370 |     }
      371 |     for (const key of Object.keys(metadata)) {
      372 |       expect(

      at expect (../../node_modules/expect/build/index.js:2104:11)
      at expect (modules/core-platform/tests/platform-admin-create-account.test.ts:369:7)
      at Object.assertNoPiiInMetadata (modules/core-platform/tests/platform-admin-create-account.test.ts:526:5)

  ΓùÅ Platform Admin Create Account ΓÇö Abuse / validation ΓÇ║ accept invite with expired token returns 410

    TypeError: Cannot read properties of undefined (reading 'mockResolvedValueOnce')

      547 |     });
      548 |
    > 549 |     (getCurrentUser as jest.Mock).mockResolvedValueOnce({ userId: inviteeUserId, email: 
"expired@test.local" });
          |                                   ^
      550 |     const { requireUser } = await import("@/lib/auth");
      551 |     (requireUser as jest.Mock).mockResolvedValueOnce({
      552 |       userId: inviteeUserId,

      at Object.mockResolvedValueOnce (modules/core-platform/tests/platform-admin-create-account.test.ts:549:35)

  ΓùÅ Platform Admin Create Account ΓÇö Abuse / validation ΓÇ║ accept invite with cancelled invite returns 410

    TypeError: Cannot read properties of undefined (reading 'mockResolvedValueOnce')

      581 |     await inviteDb.updateInviteStatus(invite.id, "CANCELLED");
      582 |
    > 583 |     (getCurrentUser as jest.Mock).mockResolvedValueOnce({
          |                                   ^
      584 |       userId: inviteeUserId,
      585 |       email: "cancelled@test.local",
      586 |     });

      at Object.mockResolvedValueOnce (modules/core-platform/tests/platform-admin-create-account.test.ts:583:35)

  ΓùÅ Platform Admin Create Account ΓÇö Abuse / validation ΓÇ║ resolve with expired invite returns 410

    TypeError: Right-hand side of 'instanceof' is not an object

      15 |
      16 | export function isApiError(e: unknown): e is ApiError {
    > 17 |   return e instanceof ApiError;
         |          ^
      18 | }
      19 |
      20 | export function toErrorPayload(e: unknown): { status: number; body: ErrorPayload } {

      at e (lib/api/errors.ts:17:10)
      at isApiError (lib/api/errors.ts:27:7)
      at handleApiError (lib/api/handler.ts:125:42)
      at GET (app/api/invite/resolve/route.ts:32:31)
      at Object.<anonymous> (modules/core-platform/tests/platform-admin-create-account.test.ts:622:17)

  ΓùÅ Platform Admin Create Account ΓÇö Abuse / validation ΓÇ║ resolve with cancelled invite returns 410

    TypeError: Right-hand side of 'instanceof' is not an object

      15 |
      16 | export function isApiError(e: unknown): e is ApiError {
    > 17 |   return e instanceof ApiError;
         |          ^
      18 | }
      19 |
      20 | export function toErrorPayload(e: unknown): { status: number; body: ErrorPayload } {

      at e (lib/api/errors.ts:17:10)
      at isApiError (lib/api/errors.ts:27:7)
      at handleApiError (lib/api/handler.ts:125:42)
      at GET (app/api/invite/resolve/route.ts:32:31)
      at Object.<anonymous> (modules/core-platform/tests/platform-admin-create-account.test.ts:645:17)

  ΓùÅ Platform Admin Create Account ΓÇö Abuse / validation ΓÇ║ resolve with accepted invite returns 410 (one-time use)

    TypeError: Right-hand side of 'instanceof' is not an object

      15 |
      16 | export function isApiError(e: unknown): e is ApiError {
    > 17 |   return e instanceof ApiError;
         |          ^
      18 | }
      19 |
      20 | export function toErrorPayload(e: unknown): { status: number; body: ErrorPayload } {

      at e (lib/api/errors.ts:17:10)
      at isApiError (lib/api/errors.ts:27:7)
      at handleApiError (lib/api/handler.ts:125:42)
      at GET (app/api/invite/resolve/route.ts:32:31)
      at Object.<anonymous> (modules/core-platform/tests/platform-admin-create-account.test.ts:668:17)

  ΓùÅ Platform Admin Create Account ΓÇö Abuse / validation ΓÇ║ resolve with unknown token returns 404 INVITE_NOT_FOUND

    TypeError: Right-hand side of 'instanceof' is not an object

      15 |
      16 | export function isApiError(e: unknown): e is ApiError {
    > 17 |   return e instanceof ApiError;
         |          ^
      18 | }
      19 |
      20 | export function toErrorPayload(e: unknown): { status: number; body: ErrorPayload } {

      at e (lib/api/errors.ts:17:10)
      at isApiError (lib/api/errors.ts:27:7)
      at handleApiError (lib/api/handler.ts:125:42)
      at GET (app/api/invite/resolve/route.ts:32:31)
      at Object.<anonymous> (modules/core-platform/tests/platform-admin-create-account.test.ts:703:17)

  ΓùÅ Platform Admin Create Account ΓÇö Abuse / validation ΓÇ║ accept when user already has membership returns 200 
with membershipId (idempotent)

    TypeError: Cannot read properties of undefined (reading 'mockResolvedValueOnce')

      733 |     });
      734 |
    > 735 |     (getCurrentUser as jest.Mock).mockResolvedValueOnce({ userId: inviteeUserId, email: 
"invitee@test.local" });
          |                                   ^
      736 |     const { requireUser } = await import("@/lib/auth");
      737 |     (requireUser as jest.Mock).mockResolvedValueOnce({
      738 |       userId: inviteeUserId,

      at Object.mockResolvedValueOnce (modules/core-platform/tests/platform-admin-create-account.test.ts:735:35)

  ΓùÅ Platform Admin Create Account ΓÇö Abuse / validation ΓÇ║ accept when invite already accepted (used) returns 410 
INVITE_ALREADY_ACCEPTED

    TypeError: Cannot read properties of undefined (reading 'mockResolvedValueOnce')

      773 |     await inviteDb.updateInviteStatus(invite.id, "ACCEPTED", new Date());
      774 |
    > 775 |     (getCurrentUser as jest.Mock).mockResolvedValueOnce({ userId: inviteeUserId, email: 
"invitee@test.local" });
          |                                   ^
      776 |     const { requireUser } = await import("@/lib/auth");
      777 |     (requireUser as jest.Mock).mockResolvedValueOnce({
      778 |       userId: inviteeUserId,

      at Object.mockResolvedValueOnce (modules/core-platform/tests/platform-admin-create-account.test.ts:775:35)

  ΓùÅ Platform Admin Create Account ΓÇö Abuse / validation ΓÇ║ approve pending user with roleId not in dealership 
returns 404

    TypeError: Cannot read properties of undefined (reading 'mockResolvedValue')

      807 |
      808 |     const { requireUser } = await import("@/lib/auth");
    > 809 |     (requireUser as jest.Mock).mockResolvedValue({
          |                                ^
      810 |       userId: platformAdminUserId,
      811 |       email: "platformadmin@test.local",
      812 |     });

      at Object.mockResolvedValue (modules/core-platform/tests/platform-admin-create-account.test.ts:809:32)

  ΓùÅ Platform Admin Create Account ΓÇö Abuse / validation ΓÇ║ create invite with roleId for different dealership 
returns 404

    TypeError: Cannot read properties of undefined (reading 'mockResolvedValue')

      841 |
      842 |     const { requireUser } = await import("@/lib/auth");
    > 843 |     (requireUser as jest.Mock).mockResolvedValue({
          |                                ^
      844 |       userId: platformAdminUserId,
      845 |       email: "platformadmin@test.local",
      846 |     });

      at Object.mockResolvedValue (modules/core-platform/tests/platform-admin-create-account.test.ts:843:32)

  ΓùÅ Invite signup flow ΓÇ║ accept (signup) creates profile, membership, marks invite with acceptedByUserId (tenant 
from invite only)

    TypeError: Cannot read properties of undefined (reading 'mockResolvedValueOnce')

      896 |     });
      897 |
    > 898 |     (getCurrentUser as jest.Mock).mockResolvedValueOnce(null);
          |                                   ^
      899 |
      900 |     const { POST } = await import("@/app/api/invite/accept/route");
      901 |     const res = await POST(

      at Object.mockResolvedValueOnce (modules/core-platform/tests/platform-admin-create-account.test.ts:898:35)

  ΓùÅ Invite signup flow ΓÇ║ accept (signup) with dealershipId in body ignores it ΓÇö membership created for invite's 
dealership only

    TypeError: Cannot read properties of undefined (reading 'mockResolvedValueOnce')

      957 |     });
      958 |
    > 959 |     (getCurrentUser as jest.Mock).mockResolvedValueOnce(null);
          |                                   ^
      960 |
      961 |     const { POST } = await import("@/app/api/invite/accept/route");
      962 |     const res = await POST(

      at Object.mockResolvedValueOnce (modules/core-platform/tests/platform-admin-create-account.test.ts:959:35)

  ΓùÅ Invite signup flow ΓÇ║ second accept (signup) with same token fails 410

    PrismaClientKnownRequestError: 
    Invalid `prisma.dealershipInvite.update()` invocation:


    Foreign key constraint violated on the constraint: `DealershipInvite_accepted_by_user_id_fkey`

       999 |       token,
      1000 |     });
    > 1001 |     await inviteDb.updateInviteStatus(invite.id, "ACCEPTED", new Date(), signupUserId);
           |     ^
      1002 |
      1003 |     (getCurrentUser as jest.Mock).mockResolvedValueOnce(null);
      1004 |

      at zn.handleRequestError (../../node_modules/@prisma/client/runtime/library.js:121:7459)
      at zn.handleAndLogRequestError (../../node_modules/@prisma/client/runtime/library.js:121:6784)
      at zn.request (../../node_modules/@prisma/client/runtime/library.js:121:6491)
      at l (../../node_modules/@prisma/client/runtime/library.js:130:9778)
      at Object.<anonymous> (modules/core-platform/tests/platform-admin-create-account.test.ts:1001:5)

  ΓùÅ Invite signup flow ΓÇ║ accept (signup) email mismatch returns 403 with fieldErrors

    TypeError: Cannot read properties of undefined (reading 'mockResolvedValueOnce')

      1033 |     });
      1034 |
    > 1035 |     (getCurrentUser as jest.Mock).mockResolvedValueOnce(null);
           |                                   ^
      1036 |
      1037 |     const { POST } = await import("@/app/api/invite/accept/route");
      1038 |     const res = await POST(

      at Object.mockResolvedValueOnce (modules/core-platform/tests/platform-admin-create-account.test.ts:1035:35)

  ΓùÅ Invite signup flow ΓÇ║ accept (signup) password too weak returns 400 with fieldErrors

    TypeError: Cannot read properties of undefined (reading 'mockResolvedValueOnce')

      1066 |     });
      1067 |
    > 1068 |     (getCurrentUser as jest.Mock).mockResolvedValueOnce(null);
           |                                   ^
      1069 |
      1070 |     const { POST } = await import("@/app/api/invite/accept/route");
      1071 |     const res = await POST(

      at Object.mockResolvedValueOnce (modules/core-platform/tests/platform-admin-create-account.test.ts:1068:35)

  ΓùÅ Invite signup flow ΓÇ║ accept (signup) EMAIL_ALREADY_REGISTERED 409 when Supabase reports user exists

    TypeError: Cannot read properties of undefined (reading 'mockResolvedValueOnce')

      1110 |     });
      1111 |
    > 1112 |     (getCurrentUser as jest.Mock).mockResolvedValueOnce(null);
           |                                   ^
      1113 |
      1114 |     const { POST } = await import("@/app/api/invite/accept/route");
      1115 |     const res = await POST(

      at Object.mockResolvedValueOnce (modules/core-platform/tests/platform-admin-create-account.test.ts:1112:35)

FAIL modules/core-platform/tests/platform-admin.test.ts
  ΓùÅ Test suite failed to run

    Jest worker ran out of memory and crashed

      at ChildProcessWorker._onExit (../../node_modules/jest-worker/build/index.js:928:26)


Test Suites: 27 failed, 1 skipped, 91 passed, 118 of 119 total
Tests:       138 failed, 6 skipped, 747 passed, 891 total
Snapshots:   3 passed, 3 total
Time:        78.101 s
Ran all test suites.
npm error Lifecycle script `test` failed with error:
npm error code 1
npm error path C:\dev\dms\apps\dealer
npm error workspace dealer@0.1.0
npm error location C:\dev\dms\apps\dealer
npm error command failed
npm error command C:\WINDOWS\system32\cmd.exe /d /s /c npx jest --no-cache
